Archive member included to satisfy reference by file (symbol)

build/cooja/contiki-ng-cooja.a(simEnvChange.o)
                              build/cooja/mtype929897980.o (simDontFallAsleep)
build/cooja/contiki-ng-cooja.a(cooja_mt.o)
                              build/cooja/mtype929897980.o (cooja_mt_start)
build/cooja/contiki-ng-cooja.a(cooja_mtarch.o)
                              build/cooja/contiki-ng-cooja.a(cooja_mt.o) (cooja_mtarch_start)
build/cooja/contiki-ng-cooja.a(rtimer-arch.o)
                              build/cooja/mtype929897980.o (rtimer_arch_check)
build/cooja/contiki-ng-cooja.a(beep.o)
                              build/cooja/mtype929897980.o (beep_interface)
build/cooja/contiki-ng-cooja.a(leds-arch.o)
                              build/cooja/mtype929897980.o (leds_interface)
build/cooja/contiki-ng-cooja.a(moteid.o)
                              build/cooja/mtype929897980.o (moteid_interface)
build/cooja/contiki-ng-cooja.a(pir-sensor.o)
                              build/cooja/mtype929897980.o (pir_interface)
build/cooja/contiki-ng-cooja.a(rs232.o)
                              build/cooja/mtype929897980.o (rs232_interface)
build/cooja/contiki-ng-cooja.a(vib-sensor.o)
                              build/cooja/mtype929897980.o (vib_interface)
build/cooja/contiki-ng-cooja.a(clock.o)
                              build/cooja/mtype929897980.o (clock_interface)
build/cooja/contiki-ng-cooja.a(cooja-log.o)
                              build/cooja/mtype929897980.o (simlog_interface)
build/cooja/contiki-ng-cooja.a(cfs-cooja.o)
                              build/cooja/mtype929897980.o (cfs_interface)
build/cooja/contiki-ng-cooja.a(cooja-radio.o)
                              build/cooja/mtype929897980.o (radio_interface)
build/cooja/contiki-ng-cooja.a(eeprom.o)
                              build/cooja/mtype929897980.o (eeprom_interface)
build/cooja/contiki-ng-cooja.a(random.o)
                              build/cooja/contiki-ng-cooja.a(moteid.o) (random_init)
build/cooja/contiki-ng-cooja.a(sensors.o)
                              build/cooja/contiki-ng-cooja.a(pir-sensor.o) (sensors_changed)
build/cooja/contiki-ng-cooja.a(leds.o)
                              MQTT-sensor.o (leds_off)
build/cooja/contiki-ng-cooja.a(gpio-hal-arch.o)
                              build/cooja/contiki-ng-cooja.a(leds-arch.o) (gpio_hal_arch_register_pin_callback)
build/cooja/contiki-ng-cooja.a(buttons.o)
                              build/cooja/mtype929897980.o (button_interface)
build/cooja/contiki-ng-cooja.a(mqtt.o)
                              MQTT-sensor.o (mqtt_register)
build/cooja/contiki-ng-cooja.a(contiki-main.o)
                              build/cooja/mtype929897980.o (main)
build/cooja/contiki-ng-cooja.a(autostart.o)
                              build/cooja/contiki-ng-cooja.a(contiki-main.o) (autostart_start)
build/cooja/contiki-ng-cooja.a(ctimer.o)
                              build/cooja/contiki-ng-cooja.a(contiki-main.o) (ctimer_init)
build/cooja/contiki-ng-cooja.a(energest.o)
                              build/cooja/contiki-ng-cooja.a(contiki-main.o) (energest_init)
build/cooja/contiki-ng-cooja.a(etimer.o)
                              build/cooja/contiki-ng-cooja.a(contiki-main.o) (etimer_process)
build/cooja/contiki-ng-cooja.a(log.o)
                              build/cooja/contiki-ng-cooja.a(contiki-main.o) (curr_log_level_main)
build/cooja/contiki-ng-cooja.a(node-id.o)
                              MQTT-sensor.o (node_id)
build/cooja/contiki-ng-cooja.a(process.o)
                              build/cooja/contiki-ng-cooja.a(mqtt.o) (process_current)
build/cooja/contiki-ng-cooja.a(rtimer.o)
                              build/cooja/contiki-ng-cooja.a(contiki-main.o) (rtimer_init)
build/cooja/contiki-ng-cooja.a(timer.o)
                              build/cooja/contiki-ng-cooja.a(mqtt.o) (timer_set)
build/cooja/contiki-ng-cooja.a(list.o)
                              build/cooja/contiki-ng-cooja.a(mqtt.o) (list_init)
build/cooja/contiki-ng-cooja.a(button-hal.o)
                              MQTT-sensor.o (button_hal_press_event)
build/cooja/contiki-ng-cooja.a(gpio-hal.o)
                              build/cooja/contiki-ng-cooja.a(button-hal.o) (gpio_hal_register_handler)
build/cooja/contiki-ng-cooja.a(serial-line.o)
                              build/cooja/contiki-ng-cooja.a(rs232.o) (serial_line_input_byte)
build/cooja/contiki-ng-cooja.a(linkaddr.o)
                              MQTT-sensor.o (linkaddr_node_addr)
build/cooja/contiki-ng-cooja.a(netstack.o)
                              build/cooja/contiki-ng-cooja.a(contiki-main.o) (netstack_init)
build/cooja/contiki-ng-cooja.a(packetbuf.o)
                              build/cooja/contiki-ng-cooja.a(cooja-radio.o) (packetbuf_clear)
build/cooja/contiki-ng-cooja.a(queuebuf.o)
                              build/cooja/contiki-ng-cooja.a(contiki-main.o) (queuebuf_init)
build/cooja/contiki-ng-cooja.a(printf.o)
[...]
Memory Configuration

Name             Origin             Length             Attributes
*default*        0x0000000000000000 0xffffffffffffffff

Linker script and memory map

LOAD /usr/lib/gcc/x86_64-linux-gnu/11/../../../x86_64-linux-gnu/crti.o
LOAD /usr/lib/gcc/x86_64-linux-gnu/11/crtbeginS.o
LOAD MQTT-sensor.o
LOAD build/cooja/mtype929897980.o
LOAD build/cooja/contiki-ng-cooja.a
LOAD /usr/lib/gcc/x86_64-linux-gnu/11/libgcc.a
LOAD /usr/lib/gcc/x86_64-linux-gnu/11/libgcc_s.so
START GROUP
LOAD /usr/lib/gcc/x86_64-linux-gnu/11/../../../x86_64-linux-gnu/libgcc_s.so.1
LOAD /usr/lib/gcc/x86_64-linux-gnu/11/libgcc.a
END GROUP
LOAD /usr/lib/gcc/x86_64-linux-gnu/11/../../../x86_64-linux-gnu/libc.so
START GROUP
LOAD /lib/x86_64-linux-gnu/libc.so.6
LOAD /usr/lib/x86_64-linux-gnu/libc_nonshared.a
LOAD /lib64/ld-linux-x86-64.so.2
END GROUP
LOAD /usr/lib/gcc/x86_64-linux-gnu/11/libgcc.a
LOAD /usr/lib/gcc/x86_64-linux-gnu/11/libgcc_s.so
START GROUP
LOAD /usr/lib/gcc/x86_64-linux-gnu/11/../../../x86_64-linux-gnu/libgcc_s.so.1
LOAD /usr/lib/gcc/x86_64-linux-gnu/11/libgcc.a
END GROUP
LOAD /usr/lib/gcc/x86_64-linux-gnu/11/crtendS.o
LOAD /usr/lib/gcc/x86_64-linux-gnu/11/../../../x86_64-linux-gnu/crtn.o
                0x00000000000002a8                . = (SEGMENT_START ("text-segment", 0x0) + SIZEOF_HEADERS)

.note.gnu.property
                0x00000000000002a8       0x20
 .note.gnu.property
                0x00000000000002a8       0x20 /usr/lib/gcc/x86_64-linux-gnu/11/../../../x86_64-linux-gnu/crti.o

.note.gnu.build-id
                0x00000000000002c8       0x24
 *(.note.gnu.build-id)
 .note.gnu.build-id
                0x00000000000002c8       0x24 /usr/lib/gcc/x86_64-linux-gnu/11/../../../x86_64-linux-gnu/crti.o

.hash
 *(.hash)

.gnu.hash       0x00000000000002f0     0x14f0
 *(.gnu.hash)
 .gnu.hash      0x00000000000002f0     0x14f0 /usr/lib/gcc/x86_64-linux-gnu/11/../../../x86_64-linux-gnu/crti.o

.dynsym         0x00000000000017e0     0x4260
 *(.dynsym)
 .dynsym        0x00000000000017e0     0x4260 /usr/lib/gcc/x86_64-linux-gnu/11/../../../x86_64-linux-gnu/crti.o

.dynstr         0x0000000000005a40     0x31d9
 *(.dynstr)
 .dynstr        0x0000000000005a40     0x31d9 /usr/lib/gcc/x86_64-linux-gnu/11/../../../x86_64-linux-gnu/crti.o

.gnu.version    0x0000000000008c1a      0x588
 *(.gnu.version)
 .gnu.version   0x0000000000008c1a      0x588 /usr/lib/gcc/x86_64-linux-gnu/11/../../../x86_64-linux-gnu/crti.o

.gnu.version_d  0x00000000000091a8        0x0
 *(.gnu.version_d)
 .gnu.version_d
                0x00000000000091a8        0x0 /usr/lib/gcc/x86_64-linux-gnu/11/../../../x86_64-linux-gnu/crti.o

.gnu.version_r  0x00000000000091a8       0x40
 *(.gnu.version_r)
 .gnu.version_r
                0x00000000000091a8       0x40 /usr/lib/gcc/x86_64-linux-gnu/11/../../../x86_64-linux-gnu/crti.o

.rela.dyn       0x00000000000091e8     0x1f20
 *(.rela.init)
 *(.rela.text .rela.text.* .rela.gnu.linkonce.t.*)
 .rela.text     0x00000000000091e8        0x0 /usr/lib/gcc/x86_64-linux-gnu/11/../../../x86_64-linux-gnu/crti.o
 *(.rela.fini)
 *(.rela.rodata .rela.rodata.* .rela.gnu.linkonce.r.*)
 *(.rela.data .rela.data.* .rela.gnu.linkonce.d.*)
 .rela.data.rel.local
                0x00000000000091e8      0x720 /usr/lib/gcc/x86_64-linux-gnu/11/../../../x86_64-linux-gnu/crti.o
 .rela.data.rel.ro
                0x0000000000009908      0x288 /usr/lib/gcc/x86_64-linux-gnu/11/../../../x86_64-linux-gnu/crti.o
 .rela.data.rel
                0x0000000000009b90      0x3a8 /usr/lib/gcc/x86_64-linux-gnu/11/../../../x86_64-linux-gnu/crti.o
 .rela.data.rel.ro.local
                0x0000000000009f38      0x5a0 /usr/lib/gcc/x86_64-linux-gnu/11/../../../x86_64-linux-gnu/crti.o
 *(.rela.tdata .rela.tdata.* .rela.gnu.linkonce.td.*)
 *(.rela.tbss .rela.tbss.* .rela.gnu.linkonce.tb.*)
 *(.rela.ctors)
 *(.rela.dtors)
 *(.rela.got)
 .rela.got      0x000000000000a4d8      0xc00 /usr/lib/gcc/x86_64-linux-gnu/11/../../../x86_64-linux-gnu/crti.o
 *(.rela.bss .rela.bss.* .rela.gnu.linkonce.b.*)
 *(.rela.ldata .rela.ldata.* .rela.gnu.linkonce.l.*)
 *(.rela.lbss .rela.lbss.* .rela.gnu.linkonce.lb.*)
 *(.rela.lrodata .rela.lrodata.* .rela.gnu.linkonce.lr.*)
 *(.rela.ifunc)
 .rela.ifunc    0x000000000000b0d8        0x0 /usr/lib/gcc/x86_64-linux-gnu/11/../../../x86_64-linux-gnu/crti.o
 .rela.fini_array
                0x000000000000b0d8       0x18 /usr/lib/gcc/x86_64-linux-gnu/11/../../../x86_64-linux-gnu/crti.o
 .rela.init_array
                0x000000000000b0f0       0x18 /usr/lib/gcc/x86_64-linux-gnu/11/../../../x86_64-linux-gnu/crti.o

.rela.plt       0x000000000000b108     0x23b8
 *(.rela.plt)
 .rela.plt      0x000000000000b108     0x23b8 /usr/lib/gcc/x86_64-linux-gnu/11/../../../x86_64-linux-gnu/crti.o
 *(.rela.iplt)

.relr.dyn
 *(.relr.dyn)
                0x000000000000e000                . = ALIGN (CONSTANT (MAXPAGESIZE))

.init           0x000000000000e000       0x1b
 *(SORT_NONE(.init))
 .init          0x000000000000e000       0x16 /usr/lib/gcc/x86_64-linux-gnu/11/../../../x86_64-linux-gnu/crti.o
                0x000000000000e000                _init
 .init          0x000000000000e016        0x5 /usr/lib/gcc/x86_64-linux-gnu/11/../../../x86_64-linux-gnu/crtn.o

.plt            0x000000000000e020     0x17e0
 *(.plt)
 .plt           0x000000000000e020     0x17e0 /usr/lib/gcc/x86_64-linux-gnu/11/../../../x86_64-linux-gnu/crti.o
 *(.iplt)

.plt.got        0x000000000000f800       0x30
 *(.plt.got)
 .plt.got       0x000000000000f800       0x30 /usr/lib/gcc/x86_64-linux-gnu/11/../../../x86_64-linux-gnu/crti.o

.plt.sec        0x000000000000f830     0x17d0
 *(.plt.sec)
 .plt.sec       0x000000000000f830     0x17d0 /usr/lib/gcc/x86_64-linux-gnu/11/../../../x86_64-linux-gnu/crti.o

.text           0x0000000000011000    0x2283c
 *(.text.unlikely .text.*_unlikely .text.unlikely.*)
 *(.text.exit .text.exit.*)
 *(.text.startup .text.startup.*)
 *(.text.hot .text.hot.*)
 *(SORT_BY_NAME(.text.sorted.*))
 *(.text .stub .text.* .gnu.linkonce.t.*)
 .text          0x0000000000011000        0x0 /usr/lib/gcc/x86_64-linux-gnu/11/../../../x86_64-linux-gnu/crti.o
 .text          0x0000000000011000       0xb9 /usr/lib/gcc/x86_64-linux-gnu/11/crtbeginS.o
 .text          0x00000000000110b9     0x19b9 MQTT-sensor.o
                0x00000000000114bb                jsonparse_setup
                0x0000000000011514                jsonparse_next
                0x000000000001191b                jsonparse_copy_value
                0x0000000000011b17                jsonparse_get_value_as_int
                0x0000000000011b57                jsonparse_get_value_as_long
                0x0000000000011b97                jsonparse_strcmp_value
                0x0000000000011bf3                jsonparse_get_len
                0x0000000000011c08                jsonparse_get_type
                0x0000000000011c40                jsonparse_has_next
                0x0000000000011c93                extractJson
                0x000000000001203e                changeLEDColor
 .text          0x0000000000012a72      0x374 build/cooja/mtype929897980.o
                0x0000000000012b28                platform_init_stage_one
                0x0000000000012b3d                platform_init_stage_two
                0x0000000000012b52                platform_init_stage_three
                0x0000000000012b67                platform_main_loop
                0x0000000000012c01                JNI_OnLoad
                0x0000000000012c18                Java_org_contikios_cooja_corecomm_Lib3_init
                0x0000000000012c6b                Java_org_contikios_cooja_corecomm_Lib3_getMemory
                0x0000000000012cca                Java_org_contikios_cooja_corecomm_Lib3_setMemory
                0x0000000000012d29                Java_org_contikios_cooja_corecomm_Lib3_tick
                0x0000000000012db7                Java_org_contikios_cooja_corecomm_Lib3_setReferenceAddress
 .text          0x0000000000012de6       0x93 build/cooja/contiki-ng-cooja.a(simEnvChange.o)
                0x0000000000012de6                doActionsBeforeTick
                0x0000000000012e2f                doActionsAfterTick
 .text          0x0000000000012e79       0xab build/cooja/contiki-ng-cooja.a(cooja_mt.o)
                0x0000000000012e79                cooja_mt_start
                0x0000000000012eb9                cooja_mt_exec
                0x0000000000012efc                cooja_mt_yield
 .text          0x0000000000012f24      0x10e build/cooja/contiki-ng-cooja.a(cooja_mtarch.o)
                0x0000000000012f24                cooja_mtarch_start
                0x0000000000012fc7                cooja_sw
                0x0000000000012ff4                cooja_mtarch_exec
                0x0000000000013022                cooja_mtarch_yield
 .text          0x0000000000013032       0xcc build/cooja/contiki-ng-cooja.a(rtimer-arch.o)
                0x0000000000013032                rtimer_arch_init
                0x0000000000013058                rtimer_arch_schedule
                0x0000000000013082                rtimer_arch_next
                0x0000000000013096                rtimer_arch_pending
                0x00000000000130a9                rtimer_arch_check
                0x00000000000130ea                rtimer_arch_now
 .text          0x00000000000130fe       0xe6 build/cooja/contiki-ng-cooja.a(beep.o)
                0x00000000000130fe                beep_alarm
                0x0000000000013119                beep_beep
                0x0000000000013131                beep
                0x0000000000013146                beep_down
                0x000000000001315e                beep_on
                0x0000000000013173                beep_off
                0x0000000000013188                beep_spinup
                0x000000000001319d                beep_quick
                0x00000000000131b5                beep_long
 .text          0x00000000000131e4       0x80 build/cooja/contiki-ng-cooja.a(leds-arch.o)
                0x00000000000131fd                leds_arch_init
 .text          0x0000000000013264       0x41 build/cooja/contiki-ng-cooja.a(moteid.o)
 .text          0x00000000000132a5       0xfa build/cooja/contiki-ng-cooja.a(pir-sensor.o)
 .text          0x000000000001339f      0x18b build/cooja/contiki-ng-cooja.a(rs232.o)
                0x000000000001339f                rs232_init
                0x00000000000133aa                rs232_set_speed
                0x00000000000133ba                rs232_set_input
                0x00000000000133d4                rs232_send
                0x00000000000133f3                rs232_print
                0x0000000000013421                slip_arch_writeb
 .text          0x000000000001352a       0xfa build/cooja/contiki-ng-cooja.a(vib-sensor.o)
 .text          0x0000000000013624       0x6f build/cooja/contiki-ng-cooja.a(clock.o)
                0x0000000000013624                clock_init
                0x000000000001362f                clock_time
                0x0000000000013643                clock_seconds
                0x000000000001366f                clock_delay
 .text          0x0000000000013693      0x214 build/cooja/contiki-ng-cooja.a(cooja-log.o)
                0x0000000000013693                simlog_char
                0x00000000000136ed                simlog
                0x0000000000013772                log_message
                0x00000000000137b7                log_set_putchar_with_slip
                0x00000000000137ce                dbg_putchar
                0x000000000001384f                dbg_send_bytes
 .text          0x00000000000138a7      0x39b build/cooja/contiki-ng-cooja.a(cfs-cooja.o)
                0x00000000000138a7                cfs_open
                0x0000000000013924                cfs_close
                0x0000000000013939                cfs_read
                0x0000000000013a00                cfs_write
                0x0000000000013b10                cfs_seek
                0x0000000000013bbf                cfs_remove
                0x0000000000013bef                cfs_opendir
                0x0000000000013c06                cfs_readdir
                0x0000000000013c1d                cfs_closedir
 .text          0x0000000000013c42      0x79f build/cooja/contiki-ng-cooja.a(cooja-radio.o)
                0x0000000000013ca1                radio_set_channel
                0x0000000000013cbb                radio_set_txpower
                0x0000000000013cd8                radio_signal_strength_last
                0x0000000000013ceb                radio_signal_strength_current
                0x0000000000013cfe                radio_LQI
 .text          0x00000000000143e1      0x163 build/cooja/contiki-ng-cooja.a(eeprom.o)
                0x00000000000143e1                eeprom_init
                0x00000000000143f0                eeprom_read
                0x000000000001448f                eeprom_write
 .text          0x0000000000014544       0x2f build/cooja/contiki-ng-cooja.a(random.o)
                0x0000000000014544                random_init
                0x0000000000014564                random_rand
 .text          0x0000000000014573      0x35f build/cooja/contiki-ng-cooja.a(sensors.o)
                0x00000000000145bc                sensors_first
                0x00000000000145d0                sensors_next
                0x00000000000145ff                sensors_changed
                0x000000000001464c                sensors_find
 .text          0x00000000000148d2      0x3ad build/cooja/contiki-ng-cooja.a(leds.o)
                0x00000000000148d2                leds_init
                0x000000000001491d                leds_single_on
                0x000000000001498a                leds_single_off
                0x00000000000149f7                leds_single_toggle
                0x0000000000014a2f                leds_on
                0x0000000000014ac0                leds_off
                0x0000000000014b51                leds_toggle
                0x0000000000014bad                leds_set
                0x0000000000014bd6                leds_get
 .text          0x0000000000014c7f      0x41b build/cooja/contiki-ng-cooja.a(gpio-hal-arch.o)
                0x0000000000014c7f                gpio_hal_arch_register_pin_callback
                0x0000000000014d26                gpio_hal_arch_init
                0x0000000000014d7c                gpio_hal_arch_no_port_interrupt_enable
                0x0000000000014dc9                gpio_hal_arch_no_port_interrupt_disable
                0x0000000000014e16                gpio_hal_arch_no_port_pin_cfg_set
                0x0000000000014e4c                gpio_hal_arch_no_port_pin_cfg_get
                0x0000000000014e80                gpio_hal_arch_no_port_pin_set_input
                0x0000000000014e93                gpio_hal_arch_no_port_pin_set_output
                0x0000000000014ea6                gpio_hal_arch_no_port_set_pin
                0x0000000000014eca                gpio_hal_arch_no_port_clear_pin
                0x0000000000014eee                gpio_hal_arch_no_port_read_pin
                0x0000000000014f1b                gpio_hal_arch_no_port_write_pin
                0x0000000000014f45                gpio_hal_arch_no_port_set_pins
                0x0000000000014f94                gpio_hal_arch_no_port_clear_pins
                0x0000000000014fe3                gpio_hal_arch_no_port_read_pins
                0x0000000000015031                gpio_hal_arch_no_port_write_pins
 .text          0x000000000001509a       0xa8 build/cooja/contiki-ng-cooja.a(buttons.o)
 .text          0x0000000000015142     0x3e29 build/cooja/contiki-ng-cooja.a(mqtt.o)
                0x00000000000155e3                mqtt_decode_var_byte_int
                0x00000000000156e8                mqtt_encode_var_byte_int
                0x00000000000187d3                mqtt_init
                0x00000000000188ad                mqtt_register
                0x0000000000018975                mqtt_connect
                0x0000000000018ab5                mqtt_disconnect
                0x0000000000018b06                mqtt_subscribe
                0x0000000000018c0f                mqtt_unsubscribe
                0x0000000000018d08                mqtt_publish
                0x0000000000018e43                mqtt_set_username_password
                0x0000000000018ef4                mqtt_set_last_will
 .text          0x0000000000018f6b      0x400 build/cooja/contiki-ng-cooja.a(contiki-main.o)
                0x0000000000018f6b                main
 .text          0x000000000001936b       0xbd build/cooja/contiki-ng-cooja.a(autostart.o)
                0x000000000001936b                autostart_start
                0x00000000000193cc                autostart_exit
 .text          0x0000000000019428      0x441 build/cooja/contiki-ng-cooja.a(ctimer.o)
                0x000000000001958a                ctimer_init
                0x00000000000195bf                ctimer_set
                0x0000000000019603                ctimer_set_with_process
                0x00000000000196bd                ctimer_reset
                0x000000000001972e                ctimer_restart
                0x000000000001979f                ctimer_stop
                0x00000000000197fd                ctimer_expired
 .text          0x0000000000019869       0x25 build/cooja/contiki-ng-cooja.a(energest.o)
                0x0000000000019869                energest_init
                0x0000000000019874                energest_flush
                0x000000000001987f                energest_get_total_time
 .text          0x000000000001988e      0x57c build/cooja/contiki-ng-cooja.a(etimer.o)
                0x0000000000019b36                etimer_request_poll
                0x0000000000019be8                etimer_set
                0x0000000000019c1e                etimer_reset_with_new_interval
                0x0000000000019c59                etimer_reset
                0x0000000000019c84                etimer_restart
                0x0000000000019caf                etimer_adjust
                0x0000000000019ce0                etimer_expired
                0x0000000000019cff                etimer_expiration_time
                0x0000000000019d1f                etimer_start_time
                0x0000000000019d34                etimer_pending
                0x0000000000019d4e                etimer_next_expiration_time
                0x0000000000019d6f                etimer_stop
 .text          0x0000000000019e0a      0x539 build/cooja/contiki-ng-cooja.a(log.o)
                0x0000000000019e0a                log_6addr
                0x0000000000019e70                log_6addr_compact_snprint
                0x0000000000019f4b                log_6addr_compact
                0x0000000000019fb1                log_lladdr
                0x000000000001a031                log_lladdr_compact
                0x000000000001a0b3                log_bytes
                0x000000000001a113                log_set_level
                0x000000000001a221                log_get_level
                0x000000000001a2d8                log_level_to_str
 .text          0x000000000001a343       0x36 build/cooja/contiki-ng-cooja.a(node-id.o)
                0x000000000001a343                node_id_init
 .text          0x000000000001a379      0x673 build/cooja/contiki-ng-cooja.a(process.o)
                0x000000000001a379                process_alloc_event
                0x000000000001a393                process_start
                0x000000000001a603                process_exit
                0x000000000001a62f                process_init
                0x000000000001a826                process_run
                0x000000000001a85b                process_nevents
                0x000000000001a87b                process_post
                0x000000000001a943                process_post_synch
                0x000000000001a991                process_poll
                0x000000000001a9ce                process_is_running
 .text          0x000000000001a9ec      0x101 build/cooja/contiki-ng-cooja.a(rtimer.o)
                0x000000000001a9ec                rtimer_init
                0x000000000001a9fc                rtimer_set
                0x000000000001aa7d                rtimer_run_next
 .text          0x000000000001aaed       0xfd build/cooja/contiki-ng-cooja.a(timer.o)
                0x000000000001aaed                timer_set
                0x000000000001ab1c                timer_reset
                0x000000000001ab58                timer_restart
                0x000000000001ab77                timer_expired
                0x000000000001abb2                timer_remaining
 .text          0x000000000001abea      0x39b build/cooja/contiki-ng-cooja.a(list.o)
                0x000000000001abea                list_init
                0x000000000001ac04                list_head
                0x000000000001ac19                list_copy
                0x000000000001ac3a                list_tail
                0x000000000001ac83                list_add
                0x000000000001ace7                list_push
                0x000000000001ad2a                list_chop
                0x000000000001adb7                list_pop
                0x000000000001adf1                list_remove
                0x000000000001ae7d                list_length
                0x000000000001aeb8                list_insert
                0x000000000001af1b                list_item_next
                0x000000000001af3e                list_contains
 .text          0x000000000001af85      0x574 build/cooja/contiki-ng-cooja.a(button-hal.o)
                0x000000000001b150                button_hal_get_by_id
                0x000000000001b19e                button_hal_get_by_index
                0x000000000001b1d5                button_hal_get_state
                0x000000000001b238                button_hal_init
 .text          0x000000000001b4f9      0x181 build/cooja/contiki-ng-cooja.a(gpio-hal.o)
                0x000000000001b4f9                gpio_hal_register_handler
                0x000000000001b522                gpio_hal_event_handler
                0x000000000001b58d                gpio_hal_init
                0x000000000001b5ac                gpio_hal_arch_port_toggle_pin
                0x000000000001b5e3                gpio_hal_arch_port_toggle_pins
                0x000000000001b614                gpio_hal_arch_no_port_toggle_pin
                0x000000000001b64e                gpio_hal_arch_no_port_toggle_pins
 .text          0x000000000001b67a      0x238 build/cooja/contiki-ng-cooja.a(serial-line.o)
                0x000000000001b67a                serial_line_input_byte
                0x000000000001b875                serial_line_init
 .text          0x000000000001b8b2       0x80 build/cooja/contiki-ng-cooja.a(linkaddr.o)
                0x000000000001b8b2                linkaddr_copy
                0x000000000001b8d3                linkaddr_cmp
                0x000000000001b909                linkaddr_set_node_addr
 .text          0x000000000001b932      0x12b build/cooja/contiki-ng-cooja.a(netstack.o)
                0x000000000001b932                netstack_process_ip_callback
                0x000000000001b9d3                netstack_ip_packet_processor_add
                0x000000000001ba03                uip_ds6_ip_packet_processor_rm
                0x000000000001ba2c                netstack_init
 .text          0x000000000001ba5d      0x4a8 build/cooja/contiki-ng-cooja.a(packetbuf.o)
                0x000000000001ba5d                packetbuf_clear
                0x000000000001ba8b                packetbuf_copyfrom
                0x000000000001bae4                packetbuf_copyto
                0x000000000001bb8a                packetbuf_hdralloc
                0x000000000001bc19                packetbuf_hdrreduce
                0x000000000001bc69                packetbuf_set_datalen
                0x000000000001bc85                packetbuf_dataptr
                0x000000000001bcaa                packetbuf_hdrptr
                0x000000000001bcbb                packetbuf_datalen
                0x000000000001bccc                packetbuf_hdrlen
                0x000000000001bce8                packetbuf_totlen
                0x000000000001bd0a                packetbuf_remaininglen
                0x000000000001bd22                packetbuf_attr_clear
                0x000000000001bd87                packetbuf_attr_copyto
                0x000000000001bdd2                packetbuf_attr_copyfrom
                0x000000000001be1d                packetbuf_set_attr
                0x000000000001be4d                packetbuf_attr
                0x000000000001be6e                packetbuf_set_addr
                0x000000000001beb4                packetbuf_addr
                0x000000000001bede                packetbuf_holds_broadcast
 .text          0x000000000001bf05      0x382 build/cooja/contiki-ng-cooja.a(queuebuf.o)
                0x000000000001bf1a                queuebuf_init
                0x000000000001bf43                queuebuf_numfree
                0x000000000001bf5c                queuebuf_new_from_packetbuf
                0x000000000001c00f                queuebuf_update_attr_from_packetbuf
                0x000000000001c052                queuebuf_update_from_packetbuf
                0x000000000001c0ae                queuebuf_free
                0x000000000001c10a                queuebuf_to_packetbuf
                0x000000000001c183                queuebuf_dataptr
                0x000000000001c1ca                queuebuf_datalen
                0x000000000001c1fa                queuebuf_addr
                0x000000000001c241                queuebuf_attr
                0x000000000001c27c                queuebuf_debug_print
 .text          0x000000000001c287      0x116 build/cooja/contiki-ng-cooja.a(printf.o)
                0x000000000001c2bc                log_printf
 .text          0x000000000001c39d       0x1e build/cooja/contiki-ng-cooja.a(putchar.o)
                0x000000000001c39d                log_putchar
 .text          0x000000000001c3bb       0x3d build/cooja/contiki-ng-cooja.a(puts.o)
                0x000000000001c3bb                log_puts
 .text          0x000000000001c3f8      0x1f8 build/cooja/contiki-ng-cooja.a(snprintf.o)
                0x000000000001c483                log_snprintf
                0x000000000001c568                log_vsnprintf
 .text          0x000000000001c5f0      0x152 build/cooja/contiki-ng-cooja.a(sprintf.o)
                0x000000000001c63b                log_sprintf
 .text          0x000000000001c742     0x170b build/cooja/contiki-ng-cooja.a(strformat.o)
                0x000000000001cab5                format_str
                0x000000000001cb96                format_str_v
 .text          0x000000000001de4d      0x292 build/cooja/contiki-ng-cooja.a(csma.o)
 .text          0x000000000001e0df     0x3747 build/cooja/contiki-ng-cooja.a(sicslowpan.o)
                0x000000000001e8b5                netstack_sniffer_add
                0x000000000001e8cf                netstack_sniffer_remove
                0x00000000000217ef                sicslowpan_init
                0x0000000000021816                sicslowpan_get_last_rssi
 .text          0x0000000000021826      0xbaa build/cooja/contiki-ng-cooja.a(tcp-socket.o)
                0x0000000000021f5f                tcp_socket_register
                0x0000000000022027                tcp_socket_connect
                0x00000000000220e4                tcp_socket_listen
                0x0000000000022171                tcp_socket_unlisten
                0x00000000000221fd                tcp_socket_send
                0x00000000000222ba                tcp_socket_send_str
                0x00000000000222f1                tcp_socket_close
                0x0000000000022326                tcp_socket_unregister
                0x000000000002238f                tcp_socket_max_sendlen
                0x00000000000223b7                tcp_socket_queuelen
 .text          0x00000000000223d0      0xc96 build/cooja/contiki-ng-cooja.a(tcpip.o)
                0x0000000000022400                tcpip_output
                0x0000000000022502                tcp_connect
                0x0000000000022569                tcp_unlisten
                0x00000000000225d9                tcp_listen
                0x0000000000022645                tcp_attach
                0x0000000000022673                udp_attach
                0x00000000000226a1                udp_new
                0x00000000000226fc                udp_broadcast_new
                0x0000000000022a0f                tcpip_input
                0x0000000000022be7                tcpip_ipv6_output
                0x0000000000022e40                tcpip_poll_udp
                0x0000000000022e6e                tcpip_poll_tcp
                0x0000000000022e9c                tcpip_uipcall
 .text          0x0000000000023066      0x416 build/cooja/contiki-ng-cooja.a(uip-ds6-nbr.o)
                0x0000000000023066                uip_ds6_neighbors_init
                0x000000000002308f                uip_ds6_nbr_add
                0x000000000002312d                uip_ds6_nbr_rm
                0x000000000002318a                uip_ds6_nbr_update_ll
                0x000000000002328f                uip_ds6_nbr_get_ipaddr
                0x00000000000232af                uip_ds6_nbr_get_ll
                0x00000000000232d7                uip_ds6_nbr_num
                0x0000000000023329                uip_ds6_nbr_head
                0x0000000000023342                uip_ds6_nbr_next
                0x000000000002336a                uip_ds6_nbr_lookup
                0x00000000000233d3                uip_ds6_nbr_ll_lookup
                0x00000000000233fb                uip_ds6_nbr_ipaddr_from_lladdr
                0x000000000002342f                uip_ds6_nbr_lladdr_from_ipaddr
                0x000000000002346b                uip_ds6_link_callback
 .text          0x000000000002347c      0x3f9 build/cooja/contiki-ng-cooja.a(uip-ds6-route.o)
                0x00000000000234d3                uip_ds6_route_init
                0x00000000000234fc                uip_ds6_route_count_nexthop_neighbors
                0x000000000002350b                uip_ds6_route_nexthop
                0x000000000002351e                uip_ds6_route_head
                0x000000000002352d                uip_ds6_route_next
                0x0000000000023540                uip_ds6_route_is_nexthop
                0x0000000000023553                uip_ds6_route_num_routes
                0x0000000000023562                uip_ds6_route_lookup
                0x0000000000023575                uip_ds6_route_add
                0x0000000000023591                uip_ds6_route_rm
                0x00000000000235a0                uip_ds6_route_rm_by_nexthop
                0x00000000000235af                uip_ds6_defrt_head
                0x00000000000235c8                uip_ds6_defrt_add
                0x0000000000023688                uip_ds6_defrt_rm
                0x00000000000236fe                uip_ds6_defrt_lookup
                0x0000000000023775                uip_ds6_defrt_choose
                0x00000000000237f8                uip_ds6_defrt_periodic
 .text          0x0000000000023875      0xebc build/cooja/contiki-ng-cooja.a(uip-ds6.o)
                0x0000000000023875                uip_ds6_default_prefix
                0x0000000000023886                uip_ds6_set_default_prefix
                0x00000000000238ae                uip_ds6_init
                0x0000000000023b4d                uip_ds6_periodic
                0x0000000000023bef                uip_ds6_list_loop
                0x0000000000023cd8                uip_ds6_prefix_add
                0x0000000000023da9                uip_ds6_prefix_rm
                0x0000000000023dc7                uip_ds6_prefix_lookup
                0x0000000000023e1e                uip_ds6_is_addr_onlink
                0x0000000000023eb2                uip_ds6_addr_add
                0x0000000000023ffd                uip_ds6_addr_rm
                0x00000000000240b8                uip_ds6_addr_lookup
                0x000000000002410d                uip_ds6_get_link_local
                0x00000000000241b2                uip_ds6_get_global
                0x0000000000024257                uip_ds6_maddr_add
                0x00000000000242d3                uip_ds6_maddr_rm
                0x00000000000242f1                uip_ds6_maddr_lookup
                0x0000000000024349                uip_ds6_aaddr_add
                0x00000000000243c5                uip_ds6_aaddr_rm
                0x00000000000243e3                uip_ds6_aaddr_lookup
                0x000000000002443b                uip_ds6_select_src
                0x00000000000245c5                uip_ds6_set_addr_iid
                0x00000000000245fe                uip_ds6_set_lladdr_from_iid
                0x0000000000024635                get_match_length
                0x00000000000246e3                uip_ds6_compute_reachable_time
 .text          0x0000000000024731      0x1b9 build/cooja/contiki-ng-cooja.a(uip-packetqueue.o)
                0x0000000000024770                uip_packetqueue_new
                0x000000000002478a                uip_packetqueue_alloc
                0x0000000000024804                uip_packetqueue_free
                0x000000000002485c                uip_packetqueue_buf
                0x0000000000024888                uip_packetqueue_buflen
                0x00000000000248b7                uip_packetqueue_set_buflen
 .text          0x00000000000248ea     0x3915 build/cooja/contiki-ng-cooja.a(uip6.o)
                0x00000000000248ea                uip_add32
                0x0000000000024af4                uip_chksum
                0x0000000000024bda                uip_icmp6chksum
                0x0000000000024bee                uip_tcpchksum
                0x0000000000024c02                uip_udpchksum
                0x0000000000024c16                uip_init
                0x0000000000024cdb                uip_connect
                0x0000000000024e85                uip_remove_ext_hdr
                0x0000000000024f86                uip_udp_new
                0x00000000000250f2                uip_unlisten
                0x0000000000025141                uip_listen
                0x0000000000025463                uip_process
                0x0000000000028085                uip_htons
                0x00000000000280a8                uip_htonl
                0x00000000000280f0                uip_send
 .text          0x00000000000281ff      0x5b1 build/cooja/contiki-ng-cooja.a(uipbuf.o)
                0x00000000000281ff                uipbuf_clear
                0x0000000000028231                uipbuf_add_ext_hdr
                0x00000000000282c9                uipbuf_set_len
                0x00000000000282fb                uipbuf_set_len_field
                0x000000000002832e                uipbuf_get_len_field
                0x0000000000028359                uipbuf_get_next_header
                0x00000000000284cb                uipbuf_get_last_header
                0x000000000002855e                uipbuf_search_header
                0x0000000000028625                uipbuf_get_attr
                0x0000000000028656                uipbuf_set_attr
                0x0000000000028696                uipbuf_set_default_attr
                0x00000000000286d6                uipbuf_clear_attr
                0x00000000000286fd                uipbuf_set_attr_flag
                0x0000000000028720                uipbuf_clr_attr_flag
                0x0000000000028749                uipbuf_is_attr_flag
                0x000000000002876e                uipbuf_init
 .text          0x00000000000287b0      0x57d build/cooja/contiki-ng-cooja.a(uiplib.o)
                0x00000000000287b0                uiplib_ip6addrconv
                0x000000000002898c                uiplib_ip4addrconv
                0x0000000000028a5e                uiplib_ipaddr_print
                0x0000000000028ac4                uiplib_ipaddr_snprint
 .text          0x0000000000028d2d      0x66e build/cooja/contiki-ng-cooja.a(rpl.o)
                0x0000000000028d2d                rpl_lollipop_greater_than
                0x0000000000028d91                rpl_get_global_address
                0x0000000000028f31                rpl_link_callback
                0x0000000000028f9b                rpl_has_joined
                0x0000000000028fce                rpl_is_reachable
                0x0000000000029074                rpl_reset_prefix
                0x00000000000290eb                rpl_set_prefix_from_addr
                0x0000000000029206                rpl_set_prefix
                0x0000000000029370                rpl_set_leaf_only
                0x000000000002938a                rpl_get_leaf_only
 .text          0x000000000002939b       0x49 build/cooja/contiki-ng-cooja.a(watchdog.o)
                0x000000000002939b                watchdog_init
                0x00000000000293a6                watchdog_start
                0x00000000000293b1                watchdog_periodic
                0x00000000000293ce                watchdog_stop
                0x00000000000293d9                watchdog_reboot
 .text          0x00000000000293e4       0x61 build/cooja/contiki-ng-cooja.a(int-master.o)
                0x00000000000293e4                int_master_enable
                0x00000000000293f9                int_master_read_and_disable
                0x0000000000029419                int_master_status_set
                0x0000000000029430                int_master_is_enabled
 .text          0x0000000000029445      0x125 build/cooja/contiki-ng-cooja.a(stimer.o)
                0x0000000000029445                stimer_set
                0x0000000000029474                stimer_reset
                0x00000000000294b0                stimer_restart
                0x00000000000294cf                stimer_expired
                0x0000000000029511                stimer_remaining
                0x0000000000029549                stimer_elapsed
 .text          0x000000000002956a      0x21a build/cooja/contiki-ng-cooja.a(memb.o)
                0x000000000002956a                memb_init
                0x00000000000295cd                memb_alloc
                0x0000000000029647                memb_free
                0x00000000000296da                memb_inmemb
                0x0000000000029731                memb_numfree
 .text          0x0000000000029784      0x19d build/cooja/contiki-ng-cooja.a(ringbuf.o)
                0x0000000000029784                ringbuf_init
                0x00000000000297c5                ringbuf_put
                0x0000000000029854                ringbuf_get
                0x00000000000298d2                ringbuf_size
                0x00000000000298ee                ringbuf_elements
 .text          0x0000000000029921      0x481 build/cooja/contiki-ng-cooja.a(link-stats.o)
                0x0000000000029921                link_stats_from_lladdr
                0x0000000000029949                link_stats_get_lladdr
                0x0000000000029971                link_stats_is_fresh
                0x00000000000299b9                guess_etx_from_rssi
                0x0000000000029a3e                link_stats_packet_sent
                0x0000000000029ba2                link_stats_input_callback
                0x0000000000029d04                link_stats_reset
                0x0000000000029d60                link_stats_init
 .text          0x0000000000029da2      0xcb3 build/cooja/contiki-ng-cooja.a(nbr-table.o)
                0x000000000002a200                nbr_table_count_entries
                0x000000000002a2a2                nbr_table_gc_get_worst
                0x000000000002a2e5                nbr_table_can_accept_new
                0x000000000002a49a                nbr_table_entry_is_allowed
                0x000000000002a547                nbr_table_register
                0x000000000002a5d9                nbr_table_is_registered
                0x000000000002a630                nbr_table_head
                0x000000000002a69e                nbr_table_next
                0x000000000002a71b                nbr_table_add_lladdr
                0x000000000002a87b                nbr_table_get_from_lladdr
                0x000000000002a8da                nbr_table_remove
                0x000000000002a934                nbr_table_lock
                0x000000000002a969                nbr_table_unlock
                0x000000000002a99e                nbr_table_get_lladdr
                0x000000000002a9e1                nbr_table_clear
                0x000000000002aa1e                nbr_table_key_head
                0x000000000002aa37                nbr_table_key_next
 .text          0x000000000002aa55      0x1e0 build/cooja/contiki-ng-cooja.a(mac-sequence.o)
                0x000000000002aa55                mac_sequence_is_duplicate
                0x000000000002ab36                mac_sequence_register_seqno
 .text          0x000000000002ac35      0x451 build/cooja/contiki-ng-cooja.a(framer-802154.o)
                0x000000000002add0                framer_802154_setup_params
 .text          0x000000000002b086      0xae3 build/cooja/contiki-ng-cooja.a(csma-output.o)
                0x000000000002b868                csma_output_packet
                0x000000000002bb31                csma_output_init
 .text          0x000000000002bb69       0x3d build/cooja/contiki-ng-cooja.a(csma-security.o)
                0x000000000002bb69                csma_security_create_frame
                0x000000000002bb8f                csma_security_parse_frame
 .text          0x000000000002bba6      0x8b7 build/cooja/contiki-ng-cooja.a(uip-icmp6.o)
                0x000000000002bc23                uip_icmp6_input
                0x000000000002bc81                uip_icmp6_register_input_handler
                0x000000000002be13                uip_icmp6_error_output
                0x000000000002c178                uip_icmp6_send
                0x000000000002c3c4                uip_icmp6_echo_reply_callback_add
                0x000000000002c40b                uip_icmp6_echo_reply_callback_rm
                0x000000000002c434                uip_icmp6_init
 .text          0x000000000002c45d      0x87f build/cooja/contiki-ng-cooja.a(uip-nd6.o)
                0x000000000002ccc2                uip_nd6_init
 .text          0x000000000002ccdc      0x7e7 build/cooja/contiki-ng-cooja.a(uip-sr.o)
                0x000000000002ccdc                uip_sr_num_nodes
                0x000000000002cd87                uip_sr_get_node
                0x000000000002cdef                uip_sr_is_addr_reachable
                0x000000000002ceb7                uip_sr_expire_parent
                0x000000000002cf26                uip_sr_update_node
                0x000000000002d09a                uip_sr_init
                0x000000000002d0cd                uip_sr_node_head
                0x000000000002d0e6                uip_sr_node_next
                0x000000000002d104                uip_sr_periodic
                0x000000000002d240                uip_sr_free_all
                0x000000000002d2bf                uip_sr_link_snprint
 .text          0x000000000002d4c3      0x35a build/cooja/contiki-ng-cooja.a(rpl-dag-root.o)
                0x000000000002d4c3                rpl_dag_root_print_links
                0x000000000002d638                rpl_dag_root_set_prefix
                0x000000000002d674                rpl_dag_root_start
                0x000000000002d7dd                rpl_dag_root_is_root
 .text          0x000000000002d81d     0x1219 build/cooja/contiki-ng-cooja.a(rpl-dag.o)
                0x000000000002d81d                rpl_dag_state_to_str
                0x000000000002d87b                rpl_dag_get_root_ipaddr
                0x000000000002d8c5                rpl_dag_leave
                0x000000000002d970                rpl_dag_poison_and_leave
                0x000000000002d98e                rpl_dag_periodic
                0x000000000002da52                rpl_is_addr_in_our_dag
                0x000000000002daae                rpl_get_default_instance
                0x000000000002dad5                rpl_get_any_dag
                0x000000000002db42                rpl_refresh_routes
                0x000000000002dba4                rpl_global_repair
                0x000000000002dc66                rpl_local_repair
                0x000000000002dcc8                rpl_dag_ready_to_advertise
                0x000000000002dd20                rpl_dag_update_state
                0x000000000002e5e3                rpl_process_dio
                0x000000000002e685                rpl_process_dis
                0x000000000002e6d9                rpl_process_dao
                0x000000000002e782                rpl_process_dao_ack
                0x000000000002e832                rpl_process_hbh
                0x000000000002e891                rpl_dag_init_root
                0x000000000002ea12                rpl_dag_init
 .text          0x000000000002ea36      0xdef build/cooja/contiki-ng-cooja.a(rpl-ext-header.o)
                0x000000000002ea36                rpl_ext_header_srh_get_next_hop
                0x000000000002eb47                rpl_ext_header_srh_update
                0x000000000002f1d6                rpl_ext_header_hbh_update
                0x000000000002f576                rpl_ext_header_update
                0x000000000002f620                rpl_ext_header_remove
 .text          0x000000000002f825     0x16eb build/cooja/contiki-ng-cooja.a(rpl-icmp6.o)
                0x000000000002f9b9                rpl_icmp6_update_nbr_table
                0x000000000002fa6e                rpl_icmp6_dis_output
                0x0000000000030192                rpl_icmp6_dio_output
                0x0000000000030ac2                rpl_icmp6_dao_output
                0x0000000000030e33                rpl_icmp6_dao_ack_output
                0x0000000000030ec9                rpl_icmp6_init
 .text          0x0000000000030f10      0x36f build/cooja/contiki-ng-cooja.a(rpl-mrhof.o)
 .text          0x000000000003127f       0x8c build/cooja/contiki-ng-cooja.a(rpl-nbr-policy.o)
                0x00000000000312c7                rpl_nbr_gc_get_worst
 .text          0x000000000003130b      0xadd build/cooja/contiki-ng-cooja.a(rpl-neighbor.o)
                0x000000000003139e                rpl_neighbor_snprint
                0x00000000000316cc                rpl_neighbor_print_list
                0x00000000000317a3                rpl_neighbor_count
                0x000000000003188e                rpl_neighbor_get_from_lladdr
                0x00000000000318b9                rpl_neighbor_is_acceptable_parent
                0x0000000000031905                rpl_neighbor_get_link_metric
                0x0000000000031951                rpl_neighbor_rank_via_nbr
                0x000000000003199d                rpl_neighbor_get_lladdr
                0x00000000000319c8                rpl_neighbor_get_ipaddr
                0x00000000000319f6                rpl_neighbor_get_link_stats
                0x0000000000031a24                rpl_neighbor_is_fresh
                0x0000000000031a52                rpl_neighbor_is_parent
                0x0000000000031a8b                rpl_neighbor_set_preferred_parent
                0x0000000000031b42                rpl_neighbor_remove_all
                0x0000000000031ba8                rpl_neighbor_get_from_ipaddr
                0x0000000000031ce1                rpl_neighbor_select_best
                0x0000000000031dc1                rpl_neighbor_init
 .text          0x0000000000031de8      0xd3d build/cooja/contiki-ng-cooja.a(rpl-timers.o)
                0x0000000000031de8                rpl_timers_schedule_periodic_dis
                0x0000000000031f9e                rpl_timers_dio_reset
                0x0000000000032122                rpl_timers_schedule_unicast_dio
                0x0000000000032309                rpl_timers_schedule_dao
                0x000000000003240f                rpl_timers_schedule_dao_ack
                0x00000000000324d4                rpl_timers_notify_dao_ack
                0x0000000000032549                get_probing_delay
                0x0000000000032590                get_probing_target
                0x00000000000327ce                rpl_schedule_probing
                0x0000000000032815                rpl_schedule_probing_now
                0x00000000000328a3                rpl_timers_unschedule_leaving
                0x00000000000328ed                rpl_timers_schedule_leaving
                0x000000000003294b                rpl_timers_init
                0x00000000000329fd                rpl_timers_stop_dag_timers
                0x0000000000032a9f                rpl_timers_unschedule_state_update
                0x0000000000032acc                rpl_timers_schedule_state_update
 .text          0x0000000000032b25       0x34 build/cooja/contiki-ng-cooja.a(assert.o)
                0x0000000000032b25                _xassert
 .text          0x0000000000032b59       0x3a build/cooja/contiki-ng-cooja.a(mac.o)
                0x0000000000032b59                mac_call_sent_callback
 .text          0x0000000000032b93      0xca9 build/cooja/contiki-ng-cooja.a(frame802154.o)
                0x0000000000032bc1                frame802154_get_pan_id
                0x0000000000032bd2                frame802154_set_pan_id
                0x0000000000032bee                frame802154_has_panid
                0x0000000000032dcd                frame802154_check_dest_panid
                0x0000000000032e6b                frame802154_is_broadcast_addr
                0x0000000000032ec2                frame802154_extract_linkaddr
                0x000000000003315c                frame802154_hdrlen
                0x00000000000331db                frame802154_create_fcf
                0x00000000000332ad                frame802154_create
                0x0000000000033457                frame802154_parse_fcf
                0x000000000003354e                frame802154_parse
 .text          0x000000000003383c        0x0 /usr/lib/gcc/x86_64-linux-gnu/11/crtendS.o
 .text          0x000000000003383c        0x0 /usr/lib/gcc/x86_64-linux-gnu/11/../../../x86_64-linux-gnu/crtn.o
 *(.gnu.warning)

.fini           0x000000000003383c        0xd
 *(SORT_NONE(.fini))
 .fini          0x000000000003383c        0x8 /usr/lib/gcc/x86_64-linux-gnu/11/../../../x86_64-linux-gnu/crti.o
                0x000000000003383c                _fini
 .fini          0x0000000000033844        0x5 /usr/lib/gcc/x86_64-linux-gnu/11/../../../x86_64-linux-gnu/crtn.o
                [!provide]                        PROVIDE (__etext = .)
                [!provide]                        PROVIDE (_etext = .)
                [!provide]                        PROVIDE (etext = .)
                0x0000000000034000                . = ALIGN (CONSTANT (MAXPAGESIZE))
                0x0000000000034000                . = SEGMENT_START ("rodata-segment", (ALIGN (CONSTANT (MAXPAGESIZE)) + (. & (CONSTANT (MAXPAGESIZE) - 0x1))))

.rodata         0x0000000000034000      0xf3d
 *(.rodata .rodata.* .gnu.linkonce.r.*)
 .rodata        0x0000000000034000      0x470 MQTT-sensor.o
 .rodata        0x0000000000034470        0x6 build/cooja/contiki-ng-cooja.a(leds-arch.o)
                0x0000000000034470                leds_arch_leds
 .rodata        0x0000000000034476        0x4 build/cooja/contiki-ng-cooja.a(pir-sensor.o)
 .rodata        0x000000000003447a        0x3 build/cooja/contiki-ng-cooja.a(rs232.o)
 .rodata        0x000000000003447d        0xa build/cooja/contiki-ng-cooja.a(vib-sensor.o)
 *fill*         0x0000000000034487        0x1 
 .rodata        0x0000000000034488       0x26 build/cooja/contiki-ng-cooja.a(cfs-cooja.o)
 *fill*         0x00000000000344ae        0x2 
 .rodata        0x00000000000344b0       0x68 build/cooja/contiki-ng-cooja.a(cooja-radio.o)
 .rodata        0x0000000000034518        0x8 build/cooja/contiki-ng-cooja.a(sensors.o)
 .rodata        0x0000000000034520       0x14 build/cooja/contiki-ng-cooja.a(buttons.o)
                0x000000000003452c                button_hal_button_count
 .rodata        0x0000000000034534      0x29c build/cooja/contiki-ng-cooja.a(mqtt.o)
 .rodata        0x00000000000347d0       0xf4 build/cooja/contiki-ng-cooja.a(contiki-main.o)
 .rodata        0x00000000000348c4        0xf build/cooja/contiki-ng-cooja.a(ctimer.o)
 .rodata        0x00000000000348d3        0xc build/cooja/contiki-ng-cooja.a(etimer.o)
 *fill*         0x00000000000348df        0x1 
 .rodata        0x00000000000348e0       0xc0 build/cooja/contiki-ng-cooja.a(log.o)
 .rodata        0x00000000000349a0       0x13 build/cooja/contiki-ng-cooja.a(button-hal.o)
 .rodata        0x00000000000349b3        0xe build/cooja/contiki-ng-cooja.a(serial-line.o)
 *fill*         0x00000000000349c1        0x7 
 .rodata        0x00000000000349c8        0x8 build/cooja/contiki-ng-cooja.a(linkaddr.o)
                0x00000000000349c8                linkaddr_null
 .rodata        0x00000000000349d0      0x280 build/cooja/contiki-ng-cooja.a(strformat.o)
 .rodata        0x0000000000034c50        0x5 build/cooja/contiki-ng-cooja.a(csma.o)
 .rodata        0x0000000000034c55       0x1d build/cooja/contiki-ng-cooja.a(sicslowpan.o)
                0x0000000000034c55                unc_llconf
                0x0000000000034c59                unc_ctxconf
                0x0000000000034c5d                unc_mxconf
                0x0000000000034c61                llprefix
 .rodata        0x0000000000034c72       0x13 build/cooja/contiki-ng-cooja.a(tcp-socket.o)
 .rodata        0x0000000000034c85        0xd build/cooja/contiki-ng-cooja.a(tcpip.o)
 *fill*         0x0000000000034c92        0x6 
 .rodata        0x0000000000034c98       0x4c build/cooja/contiki-ng-cooja.a(uip-ds6-route.o)
 .rodata        0x0000000000034ce4       0x48 build/cooja/contiki-ng-cooja.a(uip6.o)
 .rodata        0x0000000000034d2c       0x2d build/cooja/contiki-ng-cooja.a(uiplib.o)
 .rodata        0x0000000000034d59        0x9 build/cooja/contiki-ng-cooja.a(rpl.o)
 *fill*         0x0000000000034d62        0x6 
 .rodata        0x0000000000034d68       0x27 build/cooja/contiki-ng-cooja.a(csma-output.o)
 .rodata        0x0000000000034d8f       0x44 build/cooja/contiki-ng-cooja.a(uip-sr.o)
 .rodata        0x0000000000034dd3       0xd7 build/cooja/contiki-ng-cooja.a(rpl-dag.o)
 *fill*         0x0000000000034eaa        0x6 
 .rodata        0x0000000000034eb0       0x58 build/cooja/contiki-ng-cooja.a(rpl-neighbor.o)
 .rodata        0x0000000000034f08        0xc build/cooja/contiki-ng-cooja.a(rpl-timers.o)
 *fill*         0x0000000000034f14        0x4 
 .rodata        0x0000000000034f18       0x25 build/cooja/contiki-ng-cooja.a(assert.o)

.rodata1
 *(.rodata1)

.eh_frame_hdr   0x0000000000034f40     0x198c
 *(.eh_frame_hdr)
 .eh_frame_hdr  0x0000000000034f40     0x198c MQTT-sensor.o
                0x0000000000034f40                __GNU_EH_FRAME_HDR
 *(.eh_frame_entry .eh_frame_entry.*)

.eh_frame       0x00000000000368d0     0x6698
 *(.eh_frame)
 .eh_frame      0x00000000000368d0       0x40 /usr/lib/gcc/x86_64-linux-gnu/11/../../../x86_64-linux-gnu/crti.o
 .eh_frame      0x0000000000036910       0x18 /usr/lib/gcc/x86_64-linux-gnu/11/../../../x86_64-linux-gnu/crti.o
                                         0x30 (size before relaxing)
 .eh_frame      0x0000000000036928       0x18 /usr/lib/gcc/x86_64-linux-gnu/11/../../../x86_64-linux-gnu/crti.o
                                         0x30 (size before relaxing)
 .eh_frame      0x0000000000036940      0x308 MQTT-sensor.o
                                        0x320 (size before relaxing)
 .eh_frame      0x0000000000036c48      0x198 build/cooja/mtype929897980.o
                                        0x1b0 (size before relaxing)
 .eh_frame      0x0000000000036de0       0x40 build/cooja/contiki-ng-cooja.a(simEnvChange.o)
                                         0x58 (size before relaxing)
 .eh_frame      0x0000000000036e20       0x60 build/cooja/contiki-ng-cooja.a(cooja_mt.o)
                                         0x78 (size before relaxing)
 .eh_frame      0x0000000000036e80       0x80 build/cooja/contiki-ng-cooja.a(cooja_mtarch.o)
                                         0x98 (size before relaxing)
 .eh_frame      0x0000000000036f00       0xc0 build/cooja/contiki-ng-cooja.a(rtimer-arch.o)
                                         0xd8 (size before relaxing)
 .eh_frame      0x0000000000036fc0      0x160 build/cooja/contiki-ng-cooja.a(beep.o)
                                        0x178 (size before relaxing)
 .eh_frame      0x0000000000037120       0x80 build/cooja/contiki-ng-cooja.a(leds-arch.o)
                                         0x98 (size before relaxing)
 .eh_frame      0x00000000000371a0       0x40 build/cooja/contiki-ng-cooja.a(moteid.o)
                                         0x58 (size before relaxing)
 .eh_frame      0x00000000000371e0       0xa0 build/cooja/contiki-ng-cooja.a(pir-sensor.o)
                                         0xb8 (size before relaxing)
 .eh_frame      0x0000000000037280      0x100 build/cooja/contiki-ng-cooja.a(rs232.o)
                                        0x118 (size before relaxing)
 .eh_frame      0x0000000000037380       0xa0 build/cooja/contiki-ng-cooja.a(vib-sensor.o)
                                         0xb8 (size before relaxing)
 .eh_frame      0x0000000000037420       0xc0 build/cooja/contiki-ng-cooja.a(clock.o)
                                         0xd8 (size before relaxing)
 .eh_frame      0x00000000000374e0      0x100 build/cooja/contiki-ng-cooja.a(cooja-log.o)
                                        0x118 (size before relaxing)
 .eh_frame      0x00000000000375e0      0x160 build/cooja/contiki-ng-cooja.a(cfs-cooja.o)
                                        0x178 (size before relaxing)
 .eh_frame      0x0000000000037740      0x360 build/cooja/contiki-ng-cooja.a(cooja-radio.o)
                                        0x378 (size before relaxing)
 .eh_frame      0x0000000000037aa0       0xa0 build/cooja/contiki-ng-cooja.a(eeprom.o)
                                         0xb8 (size before relaxing)
 .eh_frame      0x0000000000037b40       0x40 build/cooja/contiki-ng-cooja.a(random.o)
                                         0x58 (size before relaxing)
 .eh_frame      0x0000000000037b80       0xc0 build/cooja/contiki-ng-cooja.a(sensors.o)
                                         0xd8 (size before relaxing)
 .eh_frame      0x0000000000037c40      0x120 build/cooja/contiki-ng-cooja.a(leds.o)
                                        0x138 (size before relaxing)
 .eh_frame      0x0000000000037d60      0x220 build/cooja/contiki-ng-cooja.a(gpio-hal-arch.o)
                                        0x238 (size before relaxing)
 .eh_frame      0x0000000000037f80       0xa0 build/cooja/contiki-ng-cooja.a(buttons.o)
                                         0xb8 (size before relaxing)
 .eh_frame      0x0000000000038020      0x4e0 build/cooja/contiki-ng-cooja.a(mqtt.o)
                                        0x4f8 (size before relaxing)
 .eh_frame      0x0000000000038500       0x20 build/cooja/contiki-ng-cooja.a(contiki-main.o)
                                         0x38 (size before relaxing)
 .eh_frame      0x0000000000038520       0x40 build/cooja/contiki-ng-cooja.a(autostart.o)
                                         0x58 (size before relaxing)
 .eh_frame      0x0000000000038560      0x100 build/cooja/contiki-ng-cooja.a(ctimer.o)
                                        0x118 (size before relaxing)
 .eh_frame      0x0000000000038660       0x60 build/cooja/contiki-ng-cooja.a(energest.o)
                                         0x78 (size before relaxing)
 .eh_frame      0x00000000000386c0      0x1e0 build/cooja/contiki-ng-cooja.a(etimer.o)
                                        0x1f8 (size before relaxing)
 .eh_frame      0x00000000000388a0      0x120 build/cooja/contiki-ng-cooja.a(log.o)
                                        0x138 (size before relaxing)
 .eh_frame      0x00000000000389c0       0x20 build/cooja/contiki-ng-cooja.a(node-id.o)
                                         0x38 (size before relaxing)
 .eh_frame      0x00000000000389e0      0x1c8 build/cooja/contiki-ng-cooja.a(process.o)
                                        0x1e0 (size before relaxing)
 .eh_frame      0x0000000000038ba8       0x60 build/cooja/contiki-ng-cooja.a(rtimer.o)
                                         0x78 (size before relaxing)
 .eh_frame      0x0000000000038c08       0xa0 build/cooja/contiki-ng-cooja.a(timer.o)
                                         0xb8 (size before relaxing)
 .eh_frame      0x0000000000038ca8      0x1a0 build/cooja/contiki-ng-cooja.a(list.o)
                                        0x1b8 (size before relaxing)
 .eh_frame      0x0000000000038e48      0x160 build/cooja/contiki-ng-cooja.a(button-hal.o)
                                        0x178 (size before relaxing)
 .eh_frame      0x0000000000038fa8       0xe0 build/cooja/contiki-ng-cooja.a(gpio-hal.o)
                                         0xf8 (size before relaxing)
 .eh_frame      0x0000000000039088       0x60 build/cooja/contiki-ng-cooja.a(serial-line.o)
                                         0x78 (size before relaxing)
 .eh_frame      0x00000000000390e8       0x60 build/cooja/contiki-ng-cooja.a(linkaddr.o)
                                         0x78 (size before relaxing)
 .eh_frame      0x0000000000039148       0x80 build/cooja/contiki-ng-cooja.a(netstack.o)
                                         0x98 (size before relaxing)
 .eh_frame      0x00000000000391c8      0x288 build/cooja/contiki-ng-cooja.a(packetbuf.o)
                                        0x2a0 (size before relaxing)
 .eh_frame      0x0000000000039450      0x1a0 build/cooja/contiki-ng-cooja.a(queuebuf.o)
                                        0x1b8 (size before relaxing)
 .eh_frame      0x00000000000395f0       0x40 build/cooja/contiki-ng-cooja.a(printf.o)
                                         0x58 (size before relaxing)
 .eh_frame      0x0000000000039630       0x20 build/cooja/contiki-ng-cooja.a(putchar.o)
                                         0x38 (size before relaxing)
 .eh_frame      0x0000000000039650       0x20 build/cooja/contiki-ng-cooja.a(puts.o)
                                         0x38 (size before relaxing)
 .eh_frame      0x0000000000039670       0x60 build/cooja/contiki-ng-cooja.a(snprintf.o)
                                         0x78 (size before relaxing)
 .eh_frame      0x00000000000396d0       0x40 build/cooja/contiki-ng-cooja.a(sprintf.o)
                                         0x58 (size before relaxing)
 .eh_frame      0x0000000000039710      0x120 build/cooja/contiki-ng-cooja.a(strformat.o)
                                        0x138 (size before relaxing)
 .eh_frame      0x0000000000039830       0xe0 build/cooja/contiki-ng-cooja.a(csma.o)
                                         0xf8 (size before relaxing)
 .eh_frame      0x0000000000039910      0x2e0 build/cooja/contiki-ng-cooja.a(sicslowpan.o)
                                        0x2f8 (size before relaxing)
 .eh_frame      0x0000000000039bf0      0x248 build/cooja/contiki-ng-cooja.a(tcp-socket.o)
                                        0x260 (size before relaxing)
 .eh_frame      0x0000000000039e38      0x308 build/cooja/contiki-ng-cooja.a(tcpip.o)
                                        0x320 (size before relaxing)
 .eh_frame      0x000000000003a140      0x1c0 build/cooja/contiki-ng-cooja.a(uip-ds6-nbr.o)
                                        0x1d8 (size before relaxing)
 .eh_frame      0x000000000003a300      0x240 build/cooja/contiki-ng-cooja.a(uip-ds6-route.o)
                                        0x258 (size before relaxing)
 .eh_frame      0x000000000003a540      0x328 build/cooja/contiki-ng-cooja.a(uip-ds6.o)
                                        0x340 (size before relaxing)
 .eh_frame      0x000000000003a868       0xe0 build/cooja/contiki-ng-cooja.a(uip-packetqueue.o)
                                         0xf8 (size before relaxing)
 .eh_frame      0x000000000003a948      0x2b0 build/cooja/contiki-ng-cooja.a(uip6.o)
                                        0x2c8 (size before relaxing)
 .eh_frame      0x000000000003abf8      0x200 build/cooja/contiki-ng-cooja.a(uipbuf.o)
                                        0x218 (size before relaxing)
 .eh_frame      0x000000000003adf8       0x80 build/cooja/contiki-ng-cooja.a(uiplib.o)
                                         0x98 (size before relaxing)
 .eh_frame      0x000000000003ae78      0x1e0 build/cooja/contiki-ng-cooja.a(rpl.o)
                                        0x1f8 (size before relaxing)
 .eh_frame      0x000000000003b058       0xa0 build/cooja/contiki-ng-cooja.a(watchdog.o)
                                         0xb8 (size before relaxing)
 .eh_frame      0x000000000003b0f8       0x80 build/cooja/contiki-ng-cooja.a(int-master.o)
                                         0x98 (size before relaxing)
 .eh_frame      0x000000000003b178       0xc0 build/cooja/contiki-ng-cooja.a(stimer.o)
                                         0xd8 (size before relaxing)
 .eh_frame      0x000000000003b238       0xa0 build/cooja/contiki-ng-cooja.a(memb.o)
                                         0xb8 (size before relaxing)
 .eh_frame      0x000000000003b2d8       0xa0 build/cooja/contiki-ng-cooja.a(ringbuf.o)
                                         0xb8 (size before relaxing)
 .eh_frame      0x000000000003b378      0x120 build/cooja/contiki-ng-cooja.a(link-stats.o)
                                        0x138 (size before relaxing)
 .eh_frame      0x000000000003b498      0x3e0 build/cooja/contiki-ng-cooja.a(nbr-table.o)
                                        0x3f8 (size before relaxing)
 .eh_frame      0x000000000003b878       0x48 build/cooja/contiki-ng-cooja.a(mac-sequence.o)
                                         0x60 (size before relaxing)
 .eh_frame      0x000000000003b8c0       0xa8 build/cooja/contiki-ng-cooja.a(framer-802154.o)
                                         0xc0 (size before relaxing)
 .eh_frame      0x000000000003b968      0x1c8 build/cooja/contiki-ng-cooja.a(csma-output.o)
                                        0x1e0 (size before relaxing)
 .eh_frame      0x000000000003bb30       0x40 build/cooja/contiki-ng-cooja.a(csma-security.o)
                                         0x58 (size before relaxing)
 .eh_frame      0x000000000003bb70      0x148 build/cooja/contiki-ng-cooja.a(uip-icmp6.o)
                                        0x160 (size before relaxing)
 .eh_frame      0x000000000003bcb8       0x80 build/cooja/contiki-ng-cooja.a(uip-nd6.o)
                                         0x98 (size before relaxing)
 .eh_frame      0x000000000003bd38      0x180 build/cooja/contiki-ng-cooja.a(uip-sr.o)
                                        0x198 (size before relaxing)
 .eh_frame      0x000000000003beb8       0xa0 build/cooja/contiki-ng-cooja.a(rpl-dag-root.o)
                                         0xb8 (size before relaxing)
 .eh_frame      0x000000000003bf58      0x360 build/cooja/contiki-ng-cooja.a(rpl-dag.o)
                                        0x378 (size before relaxing)
 .eh_frame      0x000000000003c2b8      0x128 build/cooja/contiki-ng-cooja.a(rpl-ext-header.o)
                                        0x140 (size before relaxing)
 .eh_frame      0x000000000003c3e0      0x1c0 build/cooja/contiki-ng-cooja.a(rpl-icmp6.o)
                                        0x1d8 (size before relaxing)
 .eh_frame      0x000000000003c5a0      0x148 build/cooja/contiki-ng-cooja.a(rpl-mrhof.o)
                                        0x160 (size before relaxing)
 .eh_frame      0x000000000003c6e8       0x40 build/cooja/contiki-ng-cooja.a(rpl-nbr-policy.o)
                                         0x58 (size before relaxing)
 .eh_frame      0x000000000003c728      0x2b0 build/cooja/contiki-ng-cooja.a(rpl-neighbor.o)
                                        0x2c8 (size before relaxing)
 .eh_frame      0x000000000003c9d8      0x3a8 build/cooja/contiki-ng-cooja.a(rpl-timers.o)
                                        0x3c0 (size before relaxing)
 .eh_frame      0x000000000003cd80       0x20 build/cooja/contiki-ng-cooja.a(assert.o)
                                         0x38 (size before relaxing)
 .eh_frame      0x000000000003cda0       0x20 build/cooja/contiki-ng-cooja.a(mac.o)
                                         0x38 (size before relaxing)
 .eh_frame      0x000000000003cdc0      0x1a4 build/cooja/contiki-ng-cooja.a(frame802154.o)
                                        0x1c0 (size before relaxing)
 .eh_frame      0x000000000003cf64        0x4 /usr/lib/gcc/x86_64-linux-gnu/11/crtendS.o
 *(.eh_frame.*)

.gcc_except_table
 *(.gcc_except_table .gcc_except_table.*)

.gnu_extab
 *(.gnu_extab*)

.exception_ranges
 *(.exception_ranges*)
                0x000000000003e6d0                . = DATA_SEGMENT_ALIGN (CONSTANT (MAXPAGESIZE), CONSTANT (COMMONPAGESIZE))

.eh_frame
 *(.eh_frame)
 *(.eh_frame.*)

.gnu_extab
 *(.gnu_extab)

.gcc_except_table
 *(.gcc_except_table .gcc_except_table.*)

.exception_ranges
 *(.exception_ranges*)

.tdata
 *(.tdata .tdata.* .gnu.linkonce.td.*)

.tbss
 *(.tbss .tbss.* .gnu.linkonce.tb.*)
 *(.tcommon)

.preinit_array
 *(.preinit_array)

.init_array     0x000000000003e6d0        0x8
 *(SORT_BY_INIT_PRIORITY(.init_array.*) SORT_BY_INIT_PRIORITY(.ctors.*))
 *(.init_array EXCLUDE_FILE(*crtend?.o *crtend.o *crtbegin?.o *crtbegin.o) .ctors)
 .init_array    0x000000000003e6d0        0x8 /usr/lib/gcc/x86_64-linux-gnu/11/crtbeginS.o

.fini_array     0x000000000003e6d8        0x8
 *(SORT_BY_INIT_PRIORITY(.fini_array.*) SORT_BY_INIT_PRIORITY(.dtors.*))
 *(.fini_array EXCLUDE_FILE(*crtend?.o *crtend.o *crtbegin?.o *crtbegin.o) .dtors)
 .fini_array    0x000000000003e6d8        0x8 /usr/lib/gcc/x86_64-linux-gnu/11/crtbeginS.o

.ctors
 *crtbegin.o(.ctors)
 *crtbegin?.o(.ctors)
 *(EXCLUDE_FILE(*crtend?.o *crtend.o) .ctors)
 *(SORT_BY_NAME(.ctors.*))
 *(.ctors)

.dtors
 *crtbegin.o(.dtors)
 *crtbegin?.o(.dtors)
 *(EXCLUDE_FILE(*crtend?.o *crtend.o) .dtors)
 *(SORT_BY_NAME(.dtors.*))
 *(.dtors)

.jcr
 *(.jcr)

.data.rel.ro    0x000000000003e6e0      0x350
 *(.data.rel.ro.local* .gnu.linkonce.d.rel.ro.local.*)
 .data.rel.ro.local
                0x000000000003e6e0       0x10 build/cooja/contiki-ng-cooja.a(beep.o)
                0x000000000003e6e0                beep_interface
 .data.rel.ro.local
                0x000000000003e6f0       0x10 build/cooja/contiki-ng-cooja.a(leds-arch.o)
                0x000000000003e6f0                leds_interface
 .data.rel.ro.local
                0x000000000003e700       0x10 build/cooja/contiki-ng-cooja.a(moteid.o)
                0x000000000003e700                moteid_interface
 *fill*         0x000000000003e710       0x10 
 .data.rel.ro.local
                0x000000000003e720       0x40 build/cooja/contiki-ng-cooja.a(pir-sensor.o)
                0x000000000003e720                pir_interface
                0x000000000003e740                pir_sensor
 .data.rel.ro.local
                0x000000000003e760       0x10 build/cooja/contiki-ng-cooja.a(rs232.o)
                0x000000000003e760                rs232_interface
 *fill*         0x000000000003e770       0x10 
 .data.rel.ro.local
                0x000000000003e780       0x40 build/cooja/contiki-ng-cooja.a(vib-sensor.o)
                0x000000000003e780                vib_interface
                0x000000000003e7a0                vib_sensor
 .data.rel.ro.local
                0x000000000003e7c0       0x10 build/cooja/contiki-ng-cooja.a(clock.o)
                0x000000000003e7c0                clock_interface
 .data.rel.ro.local
                0x000000000003e7d0       0x10 build/cooja/contiki-ng-cooja.a(cooja-log.o)
                0x000000000003e7d0                simlog_interface
 .data.rel.ro.local
                0x000000000003e7e0       0x10 build/cooja/contiki-ng-cooja.a(cfs-cooja.o)
                0x000000000003e7e0                cfs_interface
 *fill*         0x000000000003e7f0       0x10 
 .data.rel.ro.local
                0x000000000003e800       0x90 build/cooja/contiki-ng-cooja.a(cooja-radio.o)
                0x000000000003e800                radio_interface
                0x000000000003e820                cooja_radio_driver
 .data.rel.ro.local
                0x000000000003e890       0x10 build/cooja/contiki-ng-cooja.a(eeprom.o)
                0x000000000003e890                eeprom_interface
 .data.rel.ro.local
                0x000000000003e8a0       0x40 build/cooja/contiki-ng-cooja.a(buttons.o)
                0x000000000003e8a0                button_interface
                0x000000000003e8c0                button_sensor
 .data.rel.ro.local
                0x000000000003e8e0       0x38 build/cooja/contiki-ng-cooja.a(csma.o)
                0x000000000003e8e0                csma_driver
 *fill*         0x000000000003e918        0x8 
 .data.rel.ro.local
                0x000000000003e920       0x18 build/cooja/contiki-ng-cooja.a(framer-802154.o)
                0x000000000003e920                framer_802154
 *(.data.rel.ro .data.rel.ro.* .gnu.linkonce.d.rel.ro.*)
 .data.rel.ro   0x000000000003e938        0x0 /usr/lib/gcc/x86_64-linux-gnu/11/../../../x86_64-linux-gnu/crti.o
 *fill*         0x000000000003e938        0x8 
 .data.rel.ro   0x000000000003e940       0x10 MQTT-sensor.o
                0x000000000003e940                autostart_processes
 *fill*         0x000000000003e950       0x10 
 .data.rel.ro   0x000000000003e960       0x20 build/cooja/contiki-ng-cooja.a(sicslowpan.o)
                0x000000000003e960                sicslowpan_driver
 .data.rel.ro   0x000000000003e980       0xa8 build/cooja/contiki-ng-cooja.a(rpl.o)
                0x000000000003e980                rpl_lite_driver
 .data.rel.ro   0x000000000003ea28        0x8 build/cooja/contiki-ng-cooja.a(rpl-dag.o)

.dynamic        0x000000000003ea30      0x1c0
 *(.dynamic)
 .dynamic       0x000000000003ea30      0x1c0 /usr/lib/gcc/x86_64-linux-gnu/11/../../../x86_64-linux-gnu/crti.o
                0x000000000003ea30                _DYNAMIC

.got            0x000000000003ebf0      0x400
 *(.got)
 .got           0x000000000003ebf0      0x400 /usr/lib/gcc/x86_64-linux-gnu/11/../../../x86_64-linux-gnu/crti.o
 *(.igot)
                0x000000000003ffe8                . = DATA_SEGMENT_RELRO_END (., (SIZEOF (.got.plt) >= 0x18)?0x18:0x0)

.got.plt        0x000000000003f000      0xc00
 *(.got.plt)
 .got.plt       0x000000000003f000      0xc00 /usr/lib/gcc/x86_64-linux-gnu/11/../../../x86_64-linux-gnu/crti.o
                0x000000000003f000                _GLOBAL_OFFSET_TABLE_
 *(.igot.plt)

.data           0x000000000003fc00      0x812
 *(.data .data.* .gnu.linkonce.d.*)
 .data          0x000000000003fc00        0x0 /usr/lib/gcc/x86_64-linux-gnu/11/../../../x86_64-linux-gnu/crti.o
 .data          0x000000000003fc00        0x0 /usr/lib/gcc/x86_64-linux-gnu/11/crtbeginS.o
 .data.rel.local
                0x000000000003fc00        0x8 /usr/lib/gcc/x86_64-linux-gnu/11/crtbeginS.o
                0x000000000003fc00                __dso_handle
 .data          0x000000000003fc08        0x1 MQTT-sensor.o
                0x000000000003fc08                currentColor
 *fill*         0x000000000003fc09       0x17 
 .data.rel.local
                0x000000000003fc20       0x40 MQTT-sensor.o
                0x000000000003fc40                mqtt_sensor_process
 .data          0x000000000003fc60        0x0 build/cooja/mtype929897980.o
 .data.rel      0x000000000003fc60       0xa0 build/cooja/mtype929897980.o
                0x000000000003fc60                simInterfaces
                0x000000000003fce0                sensors
 .data          0x000000000003fd00        0x0 build/cooja/contiki-ng-cooja.a(simEnvChange.o)
 .data          0x000000000003fd00        0x0 build/cooja/contiki-ng-cooja.a(cooja_mt.o)
 .data          0x000000000003fd00        0x0 build/cooja/contiki-ng-cooja.a(cooja_mtarch.o)
 .data          0x000000000003fd00        0x0 build/cooja/contiki-ng-cooja.a(rtimer-arch.o)
 .data          0x000000000003fd00        0x0 build/cooja/contiki-ng-cooja.a(beep.o)
 .data          0x000000000003fd00        0x0 build/cooja/contiki-ng-cooja.a(leds-arch.o)
 .data          0x000000000003fd00        0x0 build/cooja/contiki-ng-cooja.a(moteid.o)
 .data          0x000000000003fd00        0x0 build/cooja/contiki-ng-cooja.a(pir-sensor.o)
 .data          0x000000000003fd00        0x0 build/cooja/contiki-ng-cooja.a(rs232.o)
 .data          0x000000000003fd00        0x0 build/cooja/contiki-ng-cooja.a(vib-sensor.o)
 .data          0x000000000003fd00        0x0 build/cooja/contiki-ng-cooja.a(clock.o)
 .data          0x000000000003fd00        0x0 build/cooja/contiki-ng-cooja.a(cooja-log.o)
 .data          0x000000000003fd00        0x0 build/cooja/contiki-ng-cooja.a(cfs-cooja.o)
 .data          0x000000000003fd00       0x20 build/cooja/contiki-ng-cooja.a(cooja-radio.o)
                0x000000000003fd00                simRadioHWOn
                0x000000000003fd04                simSignalStrength
                0x000000000003fd08                simLastSignalStrength
                0x000000000003fd0c                simPower
                0x000000000003fd10                simRadioChannel
                0x000000000003fd14                simLQI
                0x000000000003fd18                simLastLQI
 .data.rel.local
                0x000000000003fd20       0x20 build/cooja/contiki-ng-cooja.a(cooja-radio.o)
                0x000000000003fd20                cooja_radio_process
 .data          0x000000000003fd40        0x0 build/cooja/contiki-ng-cooja.a(eeprom.o)
 .data          0x000000000003fd40        0x0 build/cooja/contiki-ng-cooja.a(random.o)
 .data          0x000000000003fd40        0x0 build/cooja/contiki-ng-cooja.a(sensors.o)
 .data.rel.local
                0x000000000003fd40       0x20 build/cooja/contiki-ng-cooja.a(sensors.o)
                0x000000000003fd40                sensors_process
 .data          0x000000000003fd60        0x0 build/cooja/contiki-ng-cooja.a(leds.o)
 .data          0x000000000003fd60        0x0 build/cooja/contiki-ng-cooja.a(gpio-hal-arch.o)
 .data          0x000000000003fd60        0x1 build/cooja/contiki-ng-cooja.a(buttons.o)
                0x000000000003fd60                simButtonIsActive
 *fill*         0x000000000003fd61       0x1f 
 .data.rel.local
                0x000000000003fd80       0xb0 build/cooja/contiki-ng-cooja.a(buttons.o)
                0x000000000003fe20                button_hal_buttons
 .data          0x000000000003fe30        0x0 build/cooja/contiki-ng-cooja.a(mqtt.o)
 *fill*         0x000000000003fe30       0x10 
 .data.rel.local
                0x000000000003fe40       0x40 build/cooja/contiki-ng-cooja.a(mqtt.o)
                0x000000000003fe60                mqtt_process
 .data          0x000000000003fe80        0x0 build/cooja/contiki-ng-cooja.a(contiki-main.o)
 .data          0x000000000003fe80        0x0 build/cooja/contiki-ng-cooja.a(autostart.o)
 .data          0x000000000003fe80        0x0 build/cooja/contiki-ng-cooja.a(ctimer.o)
 .data.rel.local
                0x000000000003fe80       0x40 build/cooja/contiki-ng-cooja.a(ctimer.o)
                0x000000000003fea0                ctimer_process
 .data          0x000000000003fec0        0x0 build/cooja/contiki-ng-cooja.a(energest.o)
 .data          0x000000000003fec0        0x0 build/cooja/contiki-ng-cooja.a(etimer.o)
 .data.rel.local
                0x000000000003fec0       0x20 build/cooja/contiki-ng-cooja.a(etimer.o)
                0x000000000003fec0                etimer_process
 .data          0x000000000003fee0        0x4 build/cooja/contiki-ng-cooja.a(log.o)
                0x000000000003fee0                curr_log_level_main
 *fill*         0x000000000003fee4       0x1c 
 .data.rel      0x000000000003ff00      0x138 build/cooja/contiki-ng-cooja.a(log.o)
                0x000000000003ff00                all_modules
 .data          0x0000000000040038        0x0 build/cooja/contiki-ng-cooja.a(node-id.o)
 .data          0x0000000000040038        0x0 build/cooja/contiki-ng-cooja.a(process.o)
 .data          0x0000000000040038        0x0 build/cooja/contiki-ng-cooja.a(rtimer.o)
 .data          0x0000000000040038        0x0 build/cooja/contiki-ng-cooja.a(timer.o)
 .data          0x0000000000040038        0x0 build/cooja/contiki-ng-cooja.a(list.o)
 .data          0x0000000000040038        0x0 build/cooja/contiki-ng-cooja.a(button-hal.o)
 *fill*         0x0000000000040038        0x8 
 .data.rel.local
                0x0000000000040040       0x20 build/cooja/contiki-ng-cooja.a(button-hal.o)
                0x0000000000040040                button_hal_process
 .data          0x0000000000040060        0x0 build/cooja/contiki-ng-cooja.a(gpio-hal.o)
 .data.rel.local
                0x0000000000040060        0x8 build/cooja/contiki-ng-cooja.a(gpio-hal.o)
 .data          0x0000000000040068        0x0 build/cooja/contiki-ng-cooja.a(serial-line.o)
 *fill*         0x0000000000040068       0x18 
 .data.rel.local
                0x0000000000040080       0x20 build/cooja/contiki-ng-cooja.a(serial-line.o)
                0x0000000000040080                serial_line_process
 .data          0x00000000000400a0        0x0 build/cooja/contiki-ng-cooja.a(linkaddr.o)
 .data          0x00000000000400a0        0x0 build/cooja/contiki-ng-cooja.a(netstack.o)
 .data.rel.local
                0x00000000000400a0        0x8 build/cooja/contiki-ng-cooja.a(netstack.o)
 .data          0x00000000000400a8        0x0 build/cooja/contiki-ng-cooja.a(packetbuf.o)
 .data.rel.local
                0x00000000000400a8        0x8 build/cooja/contiki-ng-cooja.a(packetbuf.o)
 .data          0x00000000000400b0        0x0 build/cooja/contiki-ng-cooja.a(queuebuf.o)
 .data.rel.local
                0x00000000000400b0       0x38 build/cooja/contiki-ng-cooja.a(queuebuf.o)
 .data          0x00000000000400e8        0x0 build/cooja/contiki-ng-cooja.a(printf.o)
 *fill*         0x00000000000400e8        0x8 
 .data.rel.local
                0x00000000000400f0       0x10 build/cooja/contiki-ng-cooja.a(printf.o)
 .data          0x0000000000040100        0x0 build/cooja/contiki-ng-cooja.a(putchar.o)
 .data          0x0000000000040100        0x0 build/cooja/contiki-ng-cooja.a(puts.o)
 .data          0x0000000000040100        0x0 build/cooja/contiki-ng-cooja.a(snprintf.o)
 .data          0x0000000000040100        0x0 build/cooja/contiki-ng-cooja.a(sprintf.o)
 .data          0x0000000000040100        0x0 build/cooja/contiki-ng-cooja.a(strformat.o)
 .data          0x0000000000040100        0x0 build/cooja/contiki-ng-cooja.a(csma.o)
 .data          0x0000000000040100        0x0 build/cooja/contiki-ng-cooja.a(sicslowpan.o)
 .data          0x0000000000040100        0x0 build/cooja/contiki-ng-cooja.a(tcp-socket.o)
 .data.rel.local
                0x0000000000040100       0x40 build/cooja/contiki-ng-cooja.a(tcp-socket.o)
                0x0000000000040120                tcp_socket_process
 .data          0x0000000000040140        0x0 build/cooja/contiki-ng-cooja.a(tcpip.o)
 .data.rel.local
                0x0000000000040140       0x20 build/cooja/contiki-ng-cooja.a(tcpip.o)
                0x0000000000040140                tcpip_process
 .data          0x0000000000040160        0x0 build/cooja/contiki-ng-cooja.a(uip-ds6-nbr.o)
 .data.rel.local
                0x0000000000040160       0x20 build/cooja/contiki-ng-cooja.a(uip-ds6-nbr.o)
 .data          0x0000000000040180        0x0 build/cooja/contiki-ng-cooja.a(uip-ds6-route.o)
 .data.rel.local
                0x0000000000040180       0x28 build/cooja/contiki-ng-cooja.a(uip-ds6-route.o)
 .data          0x00000000000401a8        0x0 build/cooja/contiki-ng-cooja.a(uip-ds6.o)
 .data          0x00000000000401a8        0x0 build/cooja/contiki-ng-cooja.a(uip-packetqueue.o)
 *fill*         0x00000000000401a8        0x8 
 .data.rel.local
                0x00000000000401b0       0x18 build/cooja/contiki-ng-cooja.a(uip-packetqueue.o)
 .data          0x00000000000401c8        0x0 build/cooja/contiki-ng-cooja.a(uip6.o)
 .data          0x00000000000401c8        0x0 build/cooja/contiki-ng-cooja.a(uipbuf.o)
 .data          0x00000000000401c8        0x0 build/cooja/contiki-ng-cooja.a(uiplib.o)
 .data          0x00000000000401c8        0x0 build/cooja/contiki-ng-cooja.a(rpl.o)
 .data          0x00000000000401c8        0x0 build/cooja/contiki-ng-cooja.a(watchdog.o)
 .data          0x00000000000401c8        0x0 build/cooja/contiki-ng-cooja.a(int-master.o)
 .data          0x00000000000401c8        0x0 build/cooja/contiki-ng-cooja.a(stimer.o)
 .data          0x00000000000401c8        0x0 build/cooja/contiki-ng-cooja.a(memb.o)
 .data          0x00000000000401c8        0x0 build/cooja/contiki-ng-cooja.a(ringbuf.o)
 .data          0x00000000000401c8        0x0 build/cooja/contiki-ng-cooja.a(link-stats.o)
 *fill*         0x00000000000401c8        0x8 
 .data.rel.local
                0x00000000000401d0       0x20 build/cooja/contiki-ng-cooja.a(link-stats.o)
 .data          0x00000000000401f0        0x0 build/cooja/contiki-ng-cooja.a(nbr-table.o)
 .data.rel.local
                0x00000000000401f0       0x20 build/cooja/contiki-ng-cooja.a(nbr-table.o)
 .data          0x0000000000040210        0x0 build/cooja/contiki-ng-cooja.a(mac-sequence.o)
 .data          0x0000000000040210        0x0 build/cooja/contiki-ng-cooja.a(framer-802154.o)
 .data          0x0000000000040210        0x0 build/cooja/contiki-ng-cooja.a(csma-output.o)
 .data.rel.local
                0x0000000000040210       0x60 build/cooja/contiki-ng-cooja.a(csma-output.o)
 .data          0x0000000000040270        0x0 build/cooja/contiki-ng-cooja.a(csma-security.o)
 .data          0x0000000000040270        0x0 build/cooja/contiki-ng-cooja.a(uip-icmp6.o)
 .data.rel.local
                0x0000000000040270       0x48 build/cooja/contiki-ng-cooja.a(uip-icmp6.o)
 .data          0x00000000000402b8        0x0 build/cooja/contiki-ng-cooja.a(uip-nd6.o)
 *fill*         0x00000000000402b8        0x8 
 .data.rel.local
                0x00000000000402c0       0x18 build/cooja/contiki-ng-cooja.a(uip-nd6.o)
 .data          0x00000000000402d8        0x0 build/cooja/contiki-ng-cooja.a(uip-sr.o)
 *fill*         0x00000000000402d8        0x8 
 .data.rel.local
                0x00000000000402e0       0x28 build/cooja/contiki-ng-cooja.a(uip-sr.o)
 .data          0x0000000000040308        0x0 build/cooja/contiki-ng-cooja.a(rpl-dag-root.o)
 .data          0x0000000000040308        0x0 build/cooja/contiki-ng-cooja.a(rpl-dag.o)
 .data          0x0000000000040308        0x0 build/cooja/contiki-ng-cooja.a(rpl-ext-header.o)
 .data          0x0000000000040308        0x0 build/cooja/contiki-ng-cooja.a(rpl-icmp6.o)
 *fill*         0x0000000000040308        0x8 
 .data.rel.local
                0x0000000000040310       0x78 build/cooja/contiki-ng-cooja.a(rpl-icmp6.o)
 .data          0x0000000000040388        0x0 build/cooja/contiki-ng-cooja.a(rpl-mrhof.o)
 *fill*         0x0000000000040388       0x18 
 .data.rel.local
                0x00000000000403a0       0x48 build/cooja/contiki-ng-cooja.a(rpl-mrhof.o)
                0x00000000000403a0                rpl_mrhof
 .data          0x00000000000403e8        0x0 build/cooja/contiki-ng-cooja.a(rpl-nbr-policy.o)
 .data          0x00000000000403e8        0x0 build/cooja/contiki-ng-cooja.a(rpl-neighbor.o)
 *fill*         0x00000000000403e8        0x8 
 .data.rel.local
                0x00000000000403f0       0x20 build/cooja/contiki-ng-cooja.a(rpl-neighbor.o)
                0x0000000000040408                rpl_neighbors
 .data          0x0000000000040410        0x0 build/cooja/contiki-ng-cooja.a(rpl-timers.o)
 .data          0x0000000000040410        0x0 build/cooja/contiki-ng-cooja.a(assert.o)
 .data          0x0000000000040410        0x0 build/cooja/contiki-ng-cooja.a(mac.o)
 .data          0x0000000000040410        0x2 build/cooja/contiki-ng-cooja.a(frame802154.o)
 .data          0x0000000000040412        0x0 /usr/lib/gcc/x86_64-linux-gnu/11/crtendS.o
 .data          0x0000000000040412        0x0 /usr/lib/gcc/x86_64-linux-gnu/11/../../../x86_64-linux-gnu/crtn.o

.tm_clone_table
                0x0000000000040418        0x0
 .tm_clone_table
                0x0000000000040418        0x0 /usr/lib/gcc/x86_64-linux-gnu/11/crtbeginS.o
 .tm_clone_table
                0x0000000000040418        0x0 /usr/lib/gcc/x86_64-linux-gnu/11/crtendS.o

.data1
 *(.data1)
                [!provide]                        PROVIDE (_edata = .)
                [!provide]                        PROVIDE (edata = .)
                0x0000000000040418                . = .
                [!provide]                        PROVIDE (__bss_start = .)

.bss            0x0000000000040420    0x18220
 *(.dynbss)
 .dynbss        0x0000000000040420        0x0 /usr/lib/gcc/x86_64-linux-gnu/11/../../../x86_64-linux-gnu/crti.o
 *(.bss .bss.* .gnu.linkonce.b.*)
 .bss           0x0000000000040420        0x0 /usr/lib/gcc/x86_64-linux-gnu/11/../../../x86_64-linux-gnu/crti.o
 .bss           0x0000000000040420        0x1 /usr/lib/gcc/x86_64-linux-gnu/11/crtbeginS.o
 *fill*         0x0000000000040421       0x1f 
 .bss           0x0000000000040440      0xb80 MQTT-sensor.o
                0x0000000000040440                broker_address
 .bss           0x0000000000040fc0     0x4060 build/cooja/mtype929897980.o
                0x0000000000040fc0                sensors_flags
                0x0000000000040fc8                referenceVar
 .bss           0x0000000000045020       0x18 build/cooja/contiki-ng-cooja.a(simEnvChange.o)
                0x0000000000045020                simDontFallAsleep
                0x0000000000045024                simProcessRunValue
                0x0000000000045028                simEtimerPending
                0x0000000000045030                simEtimerNextExpirationTime
 .bss           0x0000000000045038        0x8 build/cooja/contiki-ng-cooja.a(cooja_mt.o)
 .bss           0x0000000000045040        0x8 build/cooja/contiki-ng-cooja.a(cooja_mtarch.o)
 .bss           0x0000000000045048       0x18 build/cooja/contiki-ng-cooja.a(rtimer-arch.o)
                0x0000000000045048                simRtimerPending
                0x0000000000045050                simRtimerNextExpirationTime
                0x0000000000045058                simRtimerCurrentTicks
 .bss           0x0000000000045060        0x1 build/cooja/contiki-ng-cooja.a(beep.o)
                0x0000000000045060                simBeeped
 .bss           0x0000000000045061        0x1 build/cooja/contiki-ng-cooja.a(leds-arch.o)
                0x0000000000045061                simLedsValue
 *fill*         0x0000000000045062        0x2 
 .bss           0x0000000000045064        0xc build/cooja/contiki-ng-cooja.a(moteid.o)
                0x0000000000045064                simMoteID
                0x0000000000045068                simMoteIDChanged
                0x000000000004506c                simRandomSeed
 .bss           0x0000000000045070        0x3 build/cooja/contiki-ng-cooja.a(pir-sensor.o)
                0x0000000000045070                simPirChanged
                0x0000000000045071                simPirIsActive
                0x0000000000045072                simPirValue
 *fill*         0x0000000000045073        0xd 
 .bss           0x0000000000045080      0x810 build/cooja/contiki-ng-cooja.a(rs232.o)
                0x0000000000045080                simSerialReceivingData
                0x0000000000045880                simSerialReceivingLength
                0x0000000000045884                simSerialReceivingFlag
 .bss           0x0000000000045890        0x3 build/cooja/contiki-ng-cooja.a(vib-sensor.o)
                0x0000000000045890                simVibChanged
                0x0000000000045891                simVibIsActive
                0x0000000000045892                simVibValue
 *fill*         0x0000000000045893        0x5 
 .bss           0x0000000000045898        0x8 build/cooja/contiki-ng-cooja.a(clock.o)
                0x0000000000045898                simCurrentTime
 .bss           0x00000000000458a0     0x200d build/cooja/contiki-ng-cooja.a(cooja-log.o)
                0x00000000000458a0                simLoggedData
                0x00000000000478a0                simLoggedLength
                0x00000000000478a4                simLoggedFlag
 *fill*         0x00000000000478ad       0x13 
 .bss           0x00000000000478c0      0xfc0 build/cooja/contiki-ng-cooja.a(cfs-cooja.o)
                0x00000000000478c0                simCFSData
                0x0000000000048860                simCFSSize
                0x0000000000048864                simCFSChanged
                0x0000000000048868                simCFSRead
                0x000000000004886c                simCFSWritten
 .bss           0x0000000000048880      0x15c build/cooja/contiki-ng-cooja.a(cooja-radio.o)
                0x0000000000048880                simReceiving
                0x00000000000488a0                simInDataBuffer
                0x0000000000048920                simInSize
                0x0000000000048928                simLastPacketTimestamp
                0x0000000000048940                simOutDataBuffer
                0x00000000000489c0                simOutSize
 *fill*         0x00000000000489dc        0x4 
 .bss           0x00000000000489e0      0x40c build/cooja/contiki-ng-cooja.a(eeprom.o)
                0x00000000000489e0                simEEPROMData
                0x0000000000048de0                simEEPROMChanged
                0x0000000000048de4                simEEPROMRead
                0x0000000000048de8                simEEPROMWritten
 .bss           0x0000000000048dec        0x0 build/cooja/contiki-ng-cooja.a(random.o)