Archive member included to satisfy reference by file (symbol)

build/cooja/contiki-ng-cooja.a(simEnvChange.o)
                              build/cooja/mtype937398317.o (simDontFallAsleep)
build/cooja/contiki-ng-cooja.a(cooja_mt.o)
                              build/cooja/mtype937398317.o (cooja_mt_start)
build/cooja/contiki-ng-cooja.a(cooja_mtarch.o)
                              build/cooja/contiki-ng-cooja.a(cooja_mt.o) (cooja_mtarch_start)
build/cooja/contiki-ng-cooja.a(rtimer-arch.o)
                              build/cooja/mtype937398317.o (rtimer_arch_check)
build/cooja/contiki-ng-cooja.a(beep.o)
                              build/cooja/mtype937398317.o (beep_interface)
build/cooja/contiki-ng-cooja.a(leds-arch.o)
                              build/cooja/mtype937398317.o (leds_interface)
build/cooja/contiki-ng-cooja.a(moteid.o)
                              build/cooja/mtype937398317.o (moteid_interface)
build/cooja/contiki-ng-cooja.a(pir-sensor.o)
                              build/cooja/mtype937398317.o (pir_interface)
build/cooja/contiki-ng-cooja.a(rs232.o)
                              build/cooja/mtype937398317.o (rs232_interface)
build/cooja/contiki-ng-cooja.a(vib-sensor.o)
                              build/cooja/mtype937398317.o (vib_interface)
build/cooja/contiki-ng-cooja.a(clock.o)
                              build/cooja/mtype937398317.o (clock_interface)
build/cooja/contiki-ng-cooja.a(cooja-log.o)
                              build/cooja/mtype937398317.o (simlog_interface)
build/cooja/contiki-ng-cooja.a(cfs-cooja.o)
                              build/cooja/mtype937398317.o (cfs_interface)
build/cooja/contiki-ng-cooja.a(cooja-radio.o)
                              build/cooja/mtype937398317.o (radio_interface)
build/cooja/contiki-ng-cooja.a(eeprom.o)
                              build/cooja/mtype937398317.o (eeprom_interface)
build/cooja/contiki-ng-cooja.a(random.o)
                              build/cooja/contiki-ng-cooja.a(moteid.o) (random_init)
build/cooja/contiki-ng-cooja.a(sensors.o)
                              build/cooja/contiki-ng-cooja.a(pir-sensor.o) (sensors_changed)
build/cooja/contiki-ng-cooja.a(leds.o)
                              MQTT-sensor.o (leds_off)
build/cooja/contiki-ng-cooja.a(gpio-hal-arch.o)
                              build/cooja/contiki-ng-cooja.a(leds-arch.o) (gpio_hal_arch_register_pin_callback)
build/cooja/contiki-ng-cooja.a(buttons.o)
                              build/cooja/mtype937398317.o (button_interface)
build/cooja/contiki-ng-cooja.a(mqtt.o)
                              MQTT-sensor.o (mqtt_register)
build/cooja/contiki-ng-cooja.a(contiki-main.o)
                              build/cooja/mtype937398317.o (main)
build/cooja/contiki-ng-cooja.a(autostart.o)
                              build/cooja/contiki-ng-cooja.a(contiki-main.o) (autostart_start)
build/cooja/contiki-ng-cooja.a(ctimer.o)
                              build/cooja/contiki-ng-cooja.a(contiki-main.o) (ctimer_init)
build/cooja/contiki-ng-cooja.a(energest.o)
                              build/cooja/contiki-ng-cooja.a(contiki-main.o) (energest_init)
build/cooja/contiki-ng-cooja.a(etimer.o)
                              build/cooja/contiki-ng-cooja.a(contiki-main.o) (etimer_process)
build/cooja/contiki-ng-cooja.a(log.o)
                              build/cooja/contiki-ng-cooja.a(contiki-main.o) (curr_log_level_main)
build/cooja/contiki-ng-cooja.a(node-id.o)
                              build/cooja/contiki-ng-cooja.a(contiki-main.o) (node_id)
build/cooja/contiki-ng-cooja.a(process.o)
                              build/cooja/contiki-ng-cooja.a(mqtt.o) (process_current)
build/cooja/contiki-ng-cooja.a(rtimer.o)
                              build/cooja/contiki-ng-cooja.a(contiki-main.o) (rtimer_init)
build/cooja/contiki-ng-cooja.a(timer.o)
                              build/cooja/contiki-ng-cooja.a(mqtt.o) (timer_set)
build/cooja/contiki-ng-cooja.a(list.o)
                              build/cooja/contiki-ng-cooja.a(mqtt.o) (list_init)
build/cooja/contiki-ng-cooja.a(button-hal.o)
                              build/cooja/mtype937398317.o (button_hal_init)
build/cooja/contiki-ng-cooja.a(gpio-hal.o)
                              build/cooja/contiki-ng-cooja.a(button-hal.o) (gpio_hal_register_handler)
build/cooja/contiki-ng-cooja.a(serial-line.o)
                              build/cooja/contiki-ng-cooja.a(rs232.o) (serial_line_input_byte)
build/cooja/contiki-ng-cooja.a(linkaddr.o)
                              MQTT-sensor.o (linkaddr_node_addr)
build/cooja/contiki-ng-cooja.a(netstack.o)
                              build/cooja/contiki-ng-cooja.a(contiki-main.o) (netstack_init)
build/cooja/contiki-ng-cooja.a(packetbuf.o)
                              build/cooja/contiki-ng-cooja.a(cooja-radio.o) (packetbuf_clear)
build/cooja/contiki-ng-cooja.a(queuebuf.o)
                              build/cooja/contiki-ng-cooja.a(contiki-main.o) (queuebuf_init)
[...]
Memory Configuration

Name             Origin             Length             Attributes
*default*        0x0000000000000000 0xffffffffffffffff

Linker script and memory map

LOAD /usr/lib/gcc/x86_64-linux-gnu/11/../../../x86_64-linux-gnu/crti.o
LOAD /usr/lib/gcc/x86_64-linux-gnu/11/crtbeginS.o
LOAD MQTT-sensor.o
LOAD build/cooja/mtype937398317.o
LOAD build/cooja/contiki-ng-cooja.a
LOAD /usr/lib/gcc/x86_64-linux-gnu/11/libgcc.a
LOAD /usr/lib/gcc/x86_64-linux-gnu/11/libgcc_s.so
START GROUP
LOAD /usr/lib/gcc/x86_64-linux-gnu/11/../../../x86_64-linux-gnu/libgcc_s.so.1
LOAD /usr/lib/gcc/x86_64-linux-gnu/11/libgcc.a
END GROUP
LOAD /usr/lib/gcc/x86_64-linux-gnu/11/../../../x86_64-linux-gnu/libc.so
START GROUP
LOAD /lib/x86_64-linux-gnu/libc.so.6
LOAD /usr/lib/x86_64-linux-gnu/libc_nonshared.a
LOAD /lib64/ld-linux-x86-64.so.2
END GROUP
LOAD /usr/lib/gcc/x86_64-linux-gnu/11/libgcc.a
LOAD /usr/lib/gcc/x86_64-linux-gnu/11/libgcc_s.so
START GROUP
LOAD /usr/lib/gcc/x86_64-linux-gnu/11/../../../x86_64-linux-gnu/libgcc_s.so.1
LOAD /usr/lib/gcc/x86_64-linux-gnu/11/libgcc.a
END GROUP
LOAD /usr/lib/gcc/x86_64-linux-gnu/11/crtendS.o
LOAD /usr/lib/gcc/x86_64-linux-gnu/11/../../../x86_64-linux-gnu/crtn.o
                0x00000000000002a8                . = (SEGMENT_START ("text-segment", 0x0) + SIZEOF_HEADERS)

.note.gnu.property
                0x00000000000002a8       0x20
 .note.gnu.property
                0x00000000000002a8       0x20 /usr/lib/gcc/x86_64-linux-gnu/11/../../../x86_64-linux-gnu/crti.o

.note.gnu.build-id
                0x00000000000002c8       0x24
 *(.note.gnu.build-id)
 .note.gnu.build-id
                0x00000000000002c8       0x24 /usr/lib/gcc/x86_64-linux-gnu/11/../../../x86_64-linux-gnu/crti.o

.hash
 *(.hash)

.gnu.hash       0x00000000000002f0     0x14ec
 *(.gnu.hash)
 .gnu.hash      0x00000000000002f0     0x14ec /usr/lib/gcc/x86_64-linux-gnu/11/../../../x86_64-linux-gnu/crti.o

.dynsym         0x00000000000017e0     0x4248
 *(.dynsym)
 .dynsym        0x00000000000017e0     0x4248 /usr/lib/gcc/x86_64-linux-gnu/11/../../../x86_64-linux-gnu/crti.o

.dynstr         0x0000000000005a28     0x31d2
 *(.dynstr)
 .dynstr        0x0000000000005a28     0x31d2 /usr/lib/gcc/x86_64-linux-gnu/11/../../../x86_64-linux-gnu/crti.o

.gnu.version    0x0000000000008bfa      0x586
 *(.gnu.version)
 .gnu.version   0x0000000000008bfa      0x586 /usr/lib/gcc/x86_64-linux-gnu/11/../../../x86_64-linux-gnu/crti.o

.gnu.version_d  0x0000000000009180        0x0
 *(.gnu.version_d)
 .gnu.version_d
                0x0000000000009180        0x0 /usr/lib/gcc/x86_64-linux-gnu/11/../../../x86_64-linux-gnu/crti.o

.gnu.version_r  0x0000000000009180       0x40
 *(.gnu.version_r)
 .gnu.version_r
                0x0000000000009180       0x40 /usr/lib/gcc/x86_64-linux-gnu/11/../../../x86_64-linux-gnu/crti.o

.rela.dyn       0x00000000000091c0     0x1f20
 *(.rela.init)
 *(.rela.text .rela.text.* .rela.gnu.linkonce.t.*)
 .rela.text     0x00000000000091c0        0x0 /usr/lib/gcc/x86_64-linux-gnu/11/../../../x86_64-linux-gnu/crti.o
 *(.rela.fini)
 *(.rela.rodata .rela.rodata.* .rela.gnu.linkonce.r.*)
 *(.rela.data .rela.data.* .rela.gnu.linkonce.d.*)
 .rela.data.rel.local
                0x00000000000091c0      0x720 /usr/lib/gcc/x86_64-linux-gnu/11/../../../x86_64-linux-gnu/crti.o
 .rela.data.rel.ro
                0x00000000000098e0      0x288 /usr/lib/gcc/x86_64-linux-gnu/11/../../../x86_64-linux-gnu/crti.o
 .rela.data.rel
                0x0000000000009b68      0x3a8 /usr/lib/gcc/x86_64-linux-gnu/11/../../../x86_64-linux-gnu/crti.o
 .rela.data.rel.ro.local
                0x0000000000009f10      0x5a0 /usr/lib/gcc/x86_64-linux-gnu/11/../../../x86_64-linux-gnu/crti.o
 *(.rela.tdata .rela.tdata.* .rela.gnu.linkonce.td.*)
 *(.rela.tbss .rela.tbss.* .rela.gnu.linkonce.tb.*)
 *(.rela.ctors)
 *(.rela.dtors)
 *(.rela.got)
 .rela.got      0x000000000000a4b0      0xc00 /usr/lib/gcc/x86_64-linux-gnu/11/../../../x86_64-linux-gnu/crti.o
 *(.rela.bss .rela.bss.* .rela.gnu.linkonce.b.*)
 *(.rela.ldata .rela.ldata.* .rela.gnu.linkonce.l.*)
 *(.rela.lbss .rela.lbss.* .rela.gnu.linkonce.lb.*)
 *(.rela.lrodata .rela.lrodata.* .rela.gnu.linkonce.lr.*)
 *(.rela.ifunc)
 .rela.ifunc    0x000000000000b0b0        0x0 /usr/lib/gcc/x86_64-linux-gnu/11/../../../x86_64-linux-gnu/crti.o
 .rela.fini_array
                0x000000000000b0b0       0x18 /usr/lib/gcc/x86_64-linux-gnu/11/../../../x86_64-linux-gnu/crti.o
 .rela.init_array
                0x000000000000b0c8       0x18 /usr/lib/gcc/x86_64-linux-gnu/11/../../../x86_64-linux-gnu/crti.o

.rela.plt       0x000000000000b0e0     0x23a0
 *(.rela.plt)
 .rela.plt      0x000000000000b0e0     0x23a0 /usr/lib/gcc/x86_64-linux-gnu/11/../../../x86_64-linux-gnu/crti.o
 *(.rela.iplt)

.relr.dyn
 *(.relr.dyn)
                0x000000000000e000                . = ALIGN (CONSTANT (MAXPAGESIZE))

.init           0x000000000000e000       0x1b
 *(SORT_NONE(.init))
 .init          0x000000000000e000       0x16 /usr/lib/gcc/x86_64-linux-gnu/11/../../../x86_64-linux-gnu/crti.o
                0x000000000000e000                _init
 .init          0x000000000000e016        0x5 /usr/lib/gcc/x86_64-linux-gnu/11/../../../x86_64-linux-gnu/crtn.o

.plt            0x000000000000e020     0x17d0
 *(.plt)
 .plt           0x000000000000e020     0x17d0 /usr/lib/gcc/x86_64-linux-gnu/11/../../../x86_64-linux-gnu/crti.o
 *(.iplt)

.plt.got        0x000000000000f7f0       0x30
 *(.plt.got)
 .plt.got       0x000000000000f7f0       0x30 /usr/lib/gcc/x86_64-linux-gnu/11/../../../x86_64-linux-gnu/crti.o

.plt.sec        0x000000000000f820     0x17c0
 *(.plt.sec)
 .plt.sec       0x000000000000f820     0x17c0 /usr/lib/gcc/x86_64-linux-gnu/11/../../../x86_64-linux-gnu/crti.o

.text           0x0000000000010fe0    0x225d0
 *(.text.unlikely .text.*_unlikely .text.unlikely.*)
 *(.text.exit .text.exit.*)
 *(.text.startup .text.startup.*)
 *(.text.hot .text.hot.*)
 *(SORT_BY_NAME(.text.sorted.*))
 *(.text .stub .text.* .gnu.linkonce.t.*)
 .text          0x0000000000010fe0        0x0 /usr/lib/gcc/x86_64-linux-gnu/11/../../../x86_64-linux-gnu/crti.o
 .text          0x0000000000010fe0       0xb9 /usr/lib/gcc/x86_64-linux-gnu/11/crtbeginS.o
 .text          0x0000000000011099     0x174d MQTT-sensor.o
                0x000000000001149b                jsonparse_setup
                0x00000000000114f4                jsonparse_next
                0x00000000000118fb                jsonparse_copy_value
                0x0000000000011af7                jsonparse_get_value_as_int
                0x0000000000011b37                jsonparse_get_value_as_long
                0x0000000000011b77                jsonparse_strcmp_value
                0x0000000000011bd3                jsonparse_get_len
                0x0000000000011be8                jsonparse_get_type
                0x0000000000011c20                jsonparse_has_next
                0x0000000000011fa9                changeLEDColor
 .text          0x00000000000127e6      0x374 build/cooja/mtype937398317.o
                0x000000000001289c                platform_init_stage_one
                0x00000000000128b1                platform_init_stage_two
                0x00000000000128c6                platform_init_stage_three
                0x00000000000128db                platform_main_loop
                0x0000000000012975                JNI_OnLoad
                0x000000000001298c                Java_org_contikios_cooja_corecomm_Lib12_init
                0x00000000000129df                Java_org_contikios_cooja_corecomm_Lib12_getMemory
                0x0000000000012a3e                Java_org_contikios_cooja_corecomm_Lib12_setMemory
                0x0000000000012a9d                Java_org_contikios_cooja_corecomm_Lib12_tick
                0x0000000000012b2b                Java_org_contikios_cooja_corecomm_Lib12_setReferenceAddress
 .text          0x0000000000012b5a       0x93 build/cooja/contiki-ng-cooja.a(simEnvChange.o)
                0x0000000000012b5a                doActionsBeforeTick
                0x0000000000012ba3                doActionsAfterTick
 .text          0x0000000000012bed       0xab build/cooja/contiki-ng-cooja.a(cooja_mt.o)
                0x0000000000012bed                cooja_mt_start
                0x0000000000012c2d                cooja_mt_exec
                0x0000000000012c70                cooja_mt_yield
 .text          0x0000000000012c98      0x10e build/cooja/contiki-ng-cooja.a(cooja_mtarch.o)
                0x0000000000012c98                cooja_mtarch_start
                0x0000000000012d3b                cooja_sw
                0x0000000000012d68                cooja_mtarch_exec
                0x0000000000012d96                cooja_mtarch_yield
 .text          0x0000000000012da6       0xcc build/cooja/contiki-ng-cooja.a(rtimer-arch.o)
                0x0000000000012da6                rtimer_arch_init
                0x0000000000012dcc                rtimer_arch_schedule
                0x0000000000012df6                rtimer_arch_next
                0x0000000000012e0a                rtimer_arch_pending
                0x0000000000012e1d                rtimer_arch_check
                0x0000000000012e5e                rtimer_arch_now
 .text          0x0000000000012e72       0xe6 build/cooja/contiki-ng-cooja.a(beep.o)
                0x0000000000012e72                beep_alarm
                0x0000000000012e8d                beep_beep
                0x0000000000012ea5                beep
                0x0000000000012eba                beep_down
                0x0000000000012ed2                beep_on
                0x0000000000012ee7                beep_off
                0x0000000000012efc                beep_spinup
                0x0000000000012f11                beep_quick
                0x0000000000012f29                beep_long
 .text          0x0000000000012f58       0x80 build/cooja/contiki-ng-cooja.a(leds-arch.o)
                0x0000000000012f71                leds_arch_init
 .text          0x0000000000012fd8       0x41 build/cooja/contiki-ng-cooja.a(moteid.o)
 .text          0x0000000000013019       0xfa build/cooja/contiki-ng-cooja.a(pir-sensor.o)
 .text          0x0000000000013113      0x18b build/cooja/contiki-ng-cooja.a(rs232.o)
                0x0000000000013113                rs232_init
                0x000000000001311e                rs232_set_speed
                0x000000000001312e                rs232_set_input
                0x0000000000013148                rs232_send
                0x0000000000013167                rs232_print
                0x0000000000013195                slip_arch_writeb
 .text          0x000000000001329e       0xfa build/cooja/contiki-ng-cooja.a(vib-sensor.o)
 .text          0x0000000000013398       0x6f build/cooja/contiki-ng-cooja.a(clock.o)
                0x0000000000013398                clock_init
                0x00000000000133a3                clock_time
                0x00000000000133b7                clock_seconds
                0x00000000000133e3                clock_delay
 .text          0x0000000000013407      0x214 build/cooja/contiki-ng-cooja.a(cooja-log.o)
                0x0000000000013407                simlog_char
                0x0000000000013461                simlog
                0x00000000000134e6                log_message
                0x000000000001352b                log_set_putchar_with_slip
                0x0000000000013542                dbg_putchar
                0x00000000000135c3                dbg_send_bytes
 .text          0x000000000001361b      0x39b build/cooja/contiki-ng-cooja.a(cfs-cooja.o)
                0x000000000001361b                cfs_open
                0x0000000000013698                cfs_close
                0x00000000000136ad                cfs_read
                0x0000000000013774                cfs_write
                0x0000000000013884                cfs_seek
                0x0000000000013933                cfs_remove
                0x0000000000013963                cfs_opendir
                0x000000000001397a                cfs_readdir
                0x0000000000013991                cfs_closedir
 .text          0x00000000000139b6      0x79f build/cooja/contiki-ng-cooja.a(cooja-radio.o)
                0x0000000000013a15                radio_set_channel
                0x0000000000013a2f                radio_set_txpower
                0x0000000000013a4c                radio_signal_strength_last
                0x0000000000013a5f                radio_signal_strength_current
                0x0000000000013a72                radio_LQI
 .text          0x0000000000014155      0x163 build/cooja/contiki-ng-cooja.a(eeprom.o)
                0x0000000000014155                eeprom_init
                0x0000000000014164                eeprom_read
                0x0000000000014203                eeprom_write
 .text          0x00000000000142b8       0x2f build/cooja/contiki-ng-cooja.a(random.o)
                0x00000000000142b8                random_init
                0x00000000000142d8                random_rand
 .text          0x00000000000142e7      0x35f build/cooja/contiki-ng-cooja.a(sensors.o)
                0x0000000000014330                sensors_first
                0x0000000000014344                sensors_next
                0x0000000000014373                sensors_changed
                0x00000000000143c0                sensors_find
 .text          0x0000000000014646      0x3ad build/cooja/contiki-ng-cooja.a(leds.o)
                0x0000000000014646                leds_init
                0x0000000000014691                leds_single_on
                0x00000000000146fe                leds_single_off
                0x000000000001476b                leds_single_toggle
                0x00000000000147a3                leds_on
                0x0000000000014834                leds_off
                0x00000000000148c5                leds_toggle
                0x0000000000014921                leds_set
                0x000000000001494a                leds_get
 .text          0x00000000000149f3      0x41b build/cooja/contiki-ng-cooja.a(gpio-hal-arch.o)
                0x00000000000149f3                gpio_hal_arch_register_pin_callback
                0x0000000000014a9a                gpio_hal_arch_init
                0x0000000000014af0                gpio_hal_arch_no_port_interrupt_enable
                0x0000000000014b3d                gpio_hal_arch_no_port_interrupt_disable
                0x0000000000014b8a                gpio_hal_arch_no_port_pin_cfg_set
                0x0000000000014bc0                gpio_hal_arch_no_port_pin_cfg_get
                0x0000000000014bf4                gpio_hal_arch_no_port_pin_set_input
                0x0000000000014c07                gpio_hal_arch_no_port_pin_set_output
                0x0000000000014c1a                gpio_hal_arch_no_port_set_pin
                0x0000000000014c3e                gpio_hal_arch_no_port_clear_pin
                0x0000000000014c62                gpio_hal_arch_no_port_read_pin
                0x0000000000014c8f                gpio_hal_arch_no_port_write_pin
                0x0000000000014cb9                gpio_hal_arch_no_port_set_pins
                0x0000000000014d08                gpio_hal_arch_no_port_clear_pins
                0x0000000000014d57                gpio_hal_arch_no_port_read_pins
                0x0000000000014da5                gpio_hal_arch_no_port_write_pins
 .text          0x0000000000014e0e       0xa8 build/cooja/contiki-ng-cooja.a(buttons.o)
 .text          0x0000000000014eb6     0x3e29 build/cooja/contiki-ng-cooja.a(mqtt.o)
                0x0000000000015357                mqtt_decode_var_byte_int
                0x000000000001545c                mqtt_encode_var_byte_int
                0x0000000000018547                mqtt_init
                0x0000000000018621                mqtt_register
                0x00000000000186e9                mqtt_connect
                0x0000000000018829                mqtt_disconnect
                0x000000000001887a                mqtt_subscribe
                0x0000000000018983                mqtt_unsubscribe
                0x0000000000018a7c                mqtt_publish
                0x0000000000018bb7                mqtt_set_username_password
                0x0000000000018c68                mqtt_set_last_will
 .text          0x0000000000018cdf      0x400 build/cooja/contiki-ng-cooja.a(contiki-main.o)
                0x0000000000018cdf                main
 .text          0x00000000000190df       0xbd build/cooja/contiki-ng-cooja.a(autostart.o)
                0x00000000000190df                autostart_start
                0x0000000000019140                autostart_exit
 .text          0x000000000001919c      0x441 build/cooja/contiki-ng-cooja.a(ctimer.o)
                0x00000000000192fe                ctimer_init
                0x0000000000019333                ctimer_set
                0x0000000000019377                ctimer_set_with_process
                0x0000000000019431                ctimer_reset
                0x00000000000194a2                ctimer_restart
                0x0000000000019513                ctimer_stop
                0x0000000000019571                ctimer_expired
 .text          0x00000000000195dd       0x25 build/cooja/contiki-ng-cooja.a(energest.o)
                0x00000000000195dd                energest_init
                0x00000000000195e8                energest_flush
                0x00000000000195f3                energest_get_total_time
 .text          0x0000000000019602      0x57c build/cooja/contiki-ng-cooja.a(etimer.o)
                0x00000000000198aa                etimer_request_poll
                0x000000000001995c                etimer_set
                0x0000000000019992                etimer_reset_with_new_interval
                0x00000000000199cd                etimer_reset
                0x00000000000199f8                etimer_restart
                0x0000000000019a23                etimer_adjust
                0x0000000000019a54                etimer_expired
                0x0000000000019a73                etimer_expiration_time
                0x0000000000019a93                etimer_start_time
                0x0000000000019aa8                etimer_pending
                0x0000000000019ac2                etimer_next_expiration_time
                0x0000000000019ae3                etimer_stop
 .text          0x0000000000019b7e      0x539 build/cooja/contiki-ng-cooja.a(log.o)
                0x0000000000019b7e                log_6addr
                0x0000000000019be4                log_6addr_compact_snprint
                0x0000000000019cbf                log_6addr_compact
                0x0000000000019d25                log_lladdr
                0x0000000000019da5                log_lladdr_compact
                0x0000000000019e27                log_bytes
                0x0000000000019e87                log_set_level
                0x0000000000019f95                log_get_level
                0x000000000001a04c                log_level_to_str
 .text          0x000000000001a0b7       0x36 build/cooja/contiki-ng-cooja.a(node-id.o)
                0x000000000001a0b7                node_id_init
 .text          0x000000000001a0ed      0x673 build/cooja/contiki-ng-cooja.a(process.o)
                0x000000000001a0ed                process_alloc_event
                0x000000000001a107                process_start
                0x000000000001a377                process_exit
                0x000000000001a3a3                process_init
                0x000000000001a59a                process_run
                0x000000000001a5cf                process_nevents
                0x000000000001a5ef                process_post
                0x000000000001a6b7                process_post_synch
                0x000000000001a705                process_poll
                0x000000000001a742                process_is_running
 .text          0x000000000001a760      0x101 build/cooja/contiki-ng-cooja.a(rtimer.o)
                0x000000000001a760                rtimer_init
                0x000000000001a770                rtimer_set
                0x000000000001a7f1                rtimer_run_next
 .text          0x000000000001a861       0xfd build/cooja/contiki-ng-cooja.a(timer.o)
                0x000000000001a861                timer_set
                0x000000000001a890                timer_reset
                0x000000000001a8cc                timer_restart
                0x000000000001a8eb                timer_expired
                0x000000000001a926                timer_remaining
 .text          0x000000000001a95e      0x39b build/cooja/contiki-ng-cooja.a(list.o)
                0x000000000001a95e                list_init
                0x000000000001a978                list_head
                0x000000000001a98d                list_copy
                0x000000000001a9ae                list_tail
                0x000000000001a9f7                list_add
                0x000000000001aa5b                list_push
                0x000000000001aa9e                list_chop
                0x000000000001ab2b                list_pop
                0x000000000001ab65                list_remove
                0x000000000001abf1                list_length
                0x000000000001ac2c                list_insert
                0x000000000001ac8f                list_item_next
                0x000000000001acb2                list_contains
 .text          0x000000000001acf9      0x574 build/cooja/contiki-ng-cooja.a(button-hal.o)
                0x000000000001aec4                button_hal_get_by_id
                0x000000000001af12                button_hal_get_by_index
                0x000000000001af49                button_hal_get_state
                0x000000000001afac                button_hal_init
 .text          0x000000000001b26d      0x181 build/cooja/contiki-ng-cooja.a(gpio-hal.o)
                0x000000000001b26d                gpio_hal_register_handler
                0x000000000001b296                gpio_hal_event_handler
                0x000000000001b301                gpio_hal_init
                0x000000000001b320                gpio_hal_arch_port_toggle_pin
                0x000000000001b357                gpio_hal_arch_port_toggle_pins
                0x000000000001b388                gpio_hal_arch_no_port_toggle_pin
                0x000000000001b3c2                gpio_hal_arch_no_port_toggle_pins
 .text          0x000000000001b3ee      0x238 build/cooja/contiki-ng-cooja.a(serial-line.o)
                0x000000000001b3ee                serial_line_input_byte
                0x000000000001b5e9                serial_line_init
 .text          0x000000000001b626       0x80 build/cooja/contiki-ng-cooja.a(linkaddr.o)
                0x000000000001b626                linkaddr_copy
                0x000000000001b647                linkaddr_cmp
                0x000000000001b67d                linkaddr_set_node_addr
 .text          0x000000000001b6a6      0x12b build/cooja/contiki-ng-cooja.a(netstack.o)
                0x000000000001b6a6                netstack_process_ip_callback
                0x000000000001b747                netstack_ip_packet_processor_add
                0x000000000001b777                uip_ds6_ip_packet_processor_rm
                0x000000000001b7a0                netstack_init
 .text          0x000000000001b7d1      0x4a8 build/cooja/contiki-ng-cooja.a(packetbuf.o)
                0x000000000001b7d1                packetbuf_clear
                0x000000000001b7ff                packetbuf_copyfrom
                0x000000000001b858                packetbuf_copyto
                0x000000000001b8fe                packetbuf_hdralloc
                0x000000000001b98d                packetbuf_hdrreduce
                0x000000000001b9dd                packetbuf_set_datalen
                0x000000000001b9f9                packetbuf_dataptr
                0x000000000001ba1e                packetbuf_hdrptr
                0x000000000001ba2f                packetbuf_datalen
                0x000000000001ba40                packetbuf_hdrlen
                0x000000000001ba5c                packetbuf_totlen
                0x000000000001ba7e                packetbuf_remaininglen
                0x000000000001ba96                packetbuf_attr_clear
                0x000000000001bafb                packetbuf_attr_copyto
                0x000000000001bb46                packetbuf_attr_copyfrom
                0x000000000001bb91                packetbuf_set_attr
                0x000000000001bbc1                packetbuf_attr
                0x000000000001bbe2                packetbuf_set_addr
                0x000000000001bc28                packetbuf_addr
                0x000000000001bc52                packetbuf_holds_broadcast
 .text          0x000000000001bc79      0x382 build/cooja/contiki-ng-cooja.a(queuebuf.o)
                0x000000000001bc8e                queuebuf_init
                0x000000000001bcb7                queuebuf_numfree
                0x000000000001bcd0                queuebuf_new_from_packetbuf
                0x000000000001bd83                queuebuf_update_attr_from_packetbuf
                0x000000000001bdc6                queuebuf_update_from_packetbuf
                0x000000000001be22                queuebuf_free
                0x000000000001be7e                queuebuf_to_packetbuf
                0x000000000001bef7                queuebuf_dataptr
                0x000000000001bf3e                queuebuf_datalen
                0x000000000001bf6e                queuebuf_addr
                0x000000000001bfb5                queuebuf_attr
                0x000000000001bff0                queuebuf_debug_print
 .text          0x000000000001bffb      0x116 build/cooja/contiki-ng-cooja.a(printf.o)
                0x000000000001c030                log_printf
 .text          0x000000000001c111       0x1e build/cooja/contiki-ng-cooja.a(putchar.o)
                0x000000000001c111                log_putchar
 .text          0x000000000001c12f       0x3d build/cooja/contiki-ng-cooja.a(puts.o)
                0x000000000001c12f                log_puts
 .text          0x000000000001c16c      0x1f8 build/cooja/contiki-ng-cooja.a(snprintf.o)
                0x000000000001c1f7                log_snprintf
                0x000000000001c2dc                log_vsnprintf
 .text          0x000000000001c364      0x152 build/cooja/contiki-ng-cooja.a(sprintf.o)
                0x000000000001c3af                log_sprintf
 .text          0x000000000001c4b6     0x170b build/cooja/contiki-ng-cooja.a(strformat.o)
                0x000000000001c829                format_str
                0x000000000001c90a                format_str_v
 .text          0x000000000001dbc1      0x292 build/cooja/contiki-ng-cooja.a(csma.o)
 .text          0x000000000001de53     0x3747 build/cooja/contiki-ng-cooja.a(sicslowpan.o)
                0x000000000001e629                netstack_sniffer_add
                0x000000000001e643                netstack_sniffer_remove
                0x0000000000021563                sicslowpan_init
                0x000000000002158a                sicslowpan_get_last_rssi
 .text          0x000000000002159a      0xbaa build/cooja/contiki-ng-cooja.a(tcp-socket.o)
                0x0000000000021cd3                tcp_socket_register
                0x0000000000021d9b                tcp_socket_connect
                0x0000000000021e58                tcp_socket_listen
                0x0000000000021ee5                tcp_socket_unlisten
                0x0000000000021f71                tcp_socket_send
                0x000000000002202e                tcp_socket_send_str
                0x0000000000022065                tcp_socket_close
                0x000000000002209a                tcp_socket_unregister
                0x0000000000022103                tcp_socket_max_sendlen
                0x000000000002212b                tcp_socket_queuelen
 .text          0x0000000000022144      0xc96 build/cooja/contiki-ng-cooja.a(tcpip.o)
                0x0000000000022174                tcpip_output
                0x0000000000022276                tcp_connect
                0x00000000000222dd                tcp_unlisten
                0x000000000002234d                tcp_listen
                0x00000000000223b9                tcp_attach
                0x00000000000223e7                udp_attach
                0x0000000000022415                udp_new
                0x0000000000022470                udp_broadcast_new
                0x0000000000022783                tcpip_input
                0x000000000002295b                tcpip_ipv6_output
                0x0000000000022bb4                tcpip_poll_udp
                0x0000000000022be2                tcpip_poll_tcp
                0x0000000000022c10                tcpip_uipcall
 .text          0x0000000000022dda      0x416 build/cooja/contiki-ng-cooja.a(uip-ds6-nbr.o)
                0x0000000000022dda                uip_ds6_neighbors_init
                0x0000000000022e03                uip_ds6_nbr_add
                0x0000000000022ea1                uip_ds6_nbr_rm
                0x0000000000022efe                uip_ds6_nbr_update_ll
                0x0000000000023003                uip_ds6_nbr_get_ipaddr
                0x0000000000023023                uip_ds6_nbr_get_ll
                0x000000000002304b                uip_ds6_nbr_num
                0x000000000002309d                uip_ds6_nbr_head
                0x00000000000230b6                uip_ds6_nbr_next
                0x00000000000230de                uip_ds6_nbr_lookup
                0x0000000000023147                uip_ds6_nbr_ll_lookup
                0x000000000002316f                uip_ds6_nbr_ipaddr_from_lladdr
                0x00000000000231a3                uip_ds6_nbr_lladdr_from_ipaddr
                0x00000000000231df                uip_ds6_link_callback
 .text          0x00000000000231f0      0x3f9 build/cooja/contiki-ng-cooja.a(uip-ds6-route.o)
                0x0000000000023247                uip_ds6_route_init
                0x0000000000023270                uip_ds6_route_count_nexthop_neighbors
                0x000000000002327f                uip_ds6_route_nexthop
                0x0000000000023292                uip_ds6_route_head
                0x00000000000232a1                uip_ds6_route_next
                0x00000000000232b4                uip_ds6_route_is_nexthop
                0x00000000000232c7                uip_ds6_route_num_routes
                0x00000000000232d6                uip_ds6_route_lookup
                0x00000000000232e9                uip_ds6_route_add
                0x0000000000023305                uip_ds6_route_rm
                0x0000000000023314                uip_ds6_route_rm_by_nexthop
                0x0000000000023323                uip_ds6_defrt_head
                0x000000000002333c                uip_ds6_defrt_add
                0x00000000000233fc                uip_ds6_defrt_rm
                0x0000000000023472                uip_ds6_defrt_lookup
                0x00000000000234e9                uip_ds6_defrt_choose
                0x000000000002356c                uip_ds6_defrt_periodic
 .text          0x00000000000235e9      0xebc build/cooja/contiki-ng-cooja.a(uip-ds6.o)
                0x00000000000235e9                uip_ds6_default_prefix
                0x00000000000235fa                uip_ds6_set_default_prefix
                0x0000000000023622                uip_ds6_init
                0x00000000000238c1                uip_ds6_periodic
                0x0000000000023963                uip_ds6_list_loop
                0x0000000000023a4c                uip_ds6_prefix_add
                0x0000000000023b1d                uip_ds6_prefix_rm
                0x0000000000023b3b                uip_ds6_prefix_lookup
                0x0000000000023b92                uip_ds6_is_addr_onlink
                0x0000000000023c26                uip_ds6_addr_add
                0x0000000000023d71                uip_ds6_addr_rm
                0x0000000000023e2c                uip_ds6_addr_lookup
                0x0000000000023e81                uip_ds6_get_link_local
                0x0000000000023f26                uip_ds6_get_global
                0x0000000000023fcb                uip_ds6_maddr_add
                0x0000000000024047                uip_ds6_maddr_rm
                0x0000000000024065                uip_ds6_maddr_lookup
                0x00000000000240bd                uip_ds6_aaddr_add
                0x0000000000024139                uip_ds6_aaddr_rm
                0x0000000000024157                uip_ds6_aaddr_lookup
                0x00000000000241af                uip_ds6_select_src
                0x0000000000024339                uip_ds6_set_addr_iid
                0x0000000000024372                uip_ds6_set_lladdr_from_iid
                0x00000000000243a9                get_match_length
                0x0000000000024457                uip_ds6_compute_reachable_time
 .text          0x00000000000244a5      0x1b9 build/cooja/contiki-ng-cooja.a(uip-packetqueue.o)
                0x00000000000244e4                uip_packetqueue_new
                0x00000000000244fe                uip_packetqueue_alloc
                0x0000000000024578                uip_packetqueue_free
                0x00000000000245d0                uip_packetqueue_buf
                0x00000000000245fc                uip_packetqueue_buflen
                0x000000000002462b                uip_packetqueue_set_buflen
 .text          0x000000000002465e     0x3915 build/cooja/contiki-ng-cooja.a(uip6.o)
                0x000000000002465e                uip_add32
                0x0000000000024868                uip_chksum
                0x000000000002494e                uip_icmp6chksum
                0x0000000000024962                uip_tcpchksum
                0x0000000000024976                uip_udpchksum
                0x000000000002498a                uip_init
                0x0000000000024a4f                uip_connect
                0x0000000000024bf9                uip_remove_ext_hdr
                0x0000000000024cfa                uip_udp_new
                0x0000000000024e66                uip_unlisten
                0x0000000000024eb5                uip_listen
                0x00000000000251d7                uip_process
                0x0000000000027df9                uip_htons
                0x0000000000027e1c                uip_htonl
                0x0000000000027e64                uip_send
 .text          0x0000000000027f73      0x5b1 build/cooja/contiki-ng-cooja.a(uipbuf.o)
                0x0000000000027f73                uipbuf_clear
                0x0000000000027fa5                uipbuf_add_ext_hdr
                0x000000000002803d                uipbuf_set_len
                0x000000000002806f                uipbuf_set_len_field
                0x00000000000280a2                uipbuf_get_len_field
                0x00000000000280cd                uipbuf_get_next_header
                0x000000000002823f                uipbuf_get_last_header
                0x00000000000282d2                uipbuf_search_header
                0x0000000000028399                uipbuf_get_attr
                0x00000000000283ca                uipbuf_set_attr
                0x000000000002840a                uipbuf_set_default_attr
                0x000000000002844a                uipbuf_clear_attr
                0x0000000000028471                uipbuf_set_attr_flag
                0x0000000000028494                uipbuf_clr_attr_flag
                0x00000000000284bd                uipbuf_is_attr_flag
                0x00000000000284e2                uipbuf_init
 .text          0x0000000000028524      0x57d build/cooja/contiki-ng-cooja.a(uiplib.o)
                0x0000000000028524                uiplib_ip6addrconv
                0x0000000000028700                uiplib_ip4addrconv
                0x00000000000287d2                uiplib_ipaddr_print
                0x0000000000028838                uiplib_ipaddr_snprint
 .text          0x0000000000028aa1      0x66e build/cooja/contiki-ng-cooja.a(rpl.o)
                0x0000000000028aa1                rpl_lollipop_greater_than
                0x0000000000028b05                rpl_get_global_address
                0x0000000000028ca5                rpl_link_callback
                0x0000000000028d0f                rpl_has_joined
                0x0000000000028d42                rpl_is_reachable
                0x0000000000028de8                rpl_reset_prefix
                0x0000000000028e5f                rpl_set_prefix_from_addr
                0x0000000000028f7a                rpl_set_prefix
                0x00000000000290e4                rpl_set_leaf_only
                0x00000000000290fe                rpl_get_leaf_only
 .text          0x000000000002910f       0x49 build/cooja/contiki-ng-cooja.a(watchdog.o)
                0x000000000002910f                watchdog_init
                0x000000000002911a                watchdog_start
                0x0000000000029125                watchdog_periodic
                0x0000000000029142                watchdog_stop
                0x000000000002914d                watchdog_reboot
 .text          0x0000000000029158       0x61 build/cooja/contiki-ng-cooja.a(int-master.o)
                0x0000000000029158                int_master_enable
                0x000000000002916d                int_master_read_and_disable
                0x000000000002918d                int_master_status_set
                0x00000000000291a4                int_master_is_enabled
 .text          0x00000000000291b9      0x125 build/cooja/contiki-ng-cooja.a(stimer.o)
                0x00000000000291b9                stimer_set
                0x00000000000291e8                stimer_reset
                0x0000000000029224                stimer_restart
                0x0000000000029243                stimer_expired
                0x0000000000029285                stimer_remaining
                0x00000000000292bd                stimer_elapsed
 .text          0x00000000000292de      0x21a build/cooja/contiki-ng-cooja.a(memb.o)
                0x00000000000292de                memb_init
                0x0000000000029341                memb_alloc
                0x00000000000293bb                memb_free
                0x000000000002944e                memb_inmemb
                0x00000000000294a5                memb_numfree
 .text          0x00000000000294f8      0x19d build/cooja/contiki-ng-cooja.a(ringbuf.o)
                0x00000000000294f8                ringbuf_init
                0x0000000000029539                ringbuf_put
                0x00000000000295c8                ringbuf_get
                0x0000000000029646                ringbuf_size
                0x0000000000029662                ringbuf_elements
 .text          0x0000000000029695      0x481 build/cooja/contiki-ng-cooja.a(link-stats.o)
                0x0000000000029695                link_stats_from_lladdr
                0x00000000000296bd                link_stats_get_lladdr
                0x00000000000296e5                link_stats_is_fresh
                0x000000000002972d                guess_etx_from_rssi
                0x00000000000297b2                link_stats_packet_sent
                0x0000000000029916                link_stats_input_callback
                0x0000000000029a78                link_stats_reset
                0x0000000000029ad4                link_stats_init
 .text          0x0000000000029b16      0xcb3 build/cooja/contiki-ng-cooja.a(nbr-table.o)
                0x0000000000029f74                nbr_table_count_entries
                0x000000000002a016                nbr_table_gc_get_worst
                0x000000000002a059                nbr_table_can_accept_new
                0x000000000002a20e                nbr_table_entry_is_allowed
                0x000000000002a2bb                nbr_table_register
                0x000000000002a34d                nbr_table_is_registered
                0x000000000002a3a4                nbr_table_head
                0x000000000002a412                nbr_table_next
                0x000000000002a48f                nbr_table_add_lladdr
                0x000000000002a5ef                nbr_table_get_from_lladdr
                0x000000000002a64e                nbr_table_remove
                0x000000000002a6a8                nbr_table_lock
                0x000000000002a6dd                nbr_table_unlock
                0x000000000002a712                nbr_table_get_lladdr
                0x000000000002a755                nbr_table_clear
                0x000000000002a792                nbr_table_key_head
                0x000000000002a7ab                nbr_table_key_next
 .text          0x000000000002a7c9      0x1e0 build/cooja/contiki-ng-cooja.a(mac-sequence.o)
                0x000000000002a7c9                mac_sequence_is_duplicate
                0x000000000002a8aa                mac_sequence_register_seqno
 .text          0x000000000002a9a9      0x451 build/cooja/contiki-ng-cooja.a(framer-802154.o)
                0x000000000002ab44                framer_802154_setup_params
 .text          0x000000000002adfa      0xae3 build/cooja/contiki-ng-cooja.a(csma-output.o)
                0x000000000002b5dc                csma_output_packet
                0x000000000002b8a5                csma_output_init
 .text          0x000000000002b8dd       0x3d build/cooja/contiki-ng-cooja.a(csma-security.o)
                0x000000000002b8dd                csma_security_create_frame
                0x000000000002b903                csma_security_parse_frame
 .text          0x000000000002b91a      0x8b7 build/cooja/contiki-ng-cooja.a(uip-icmp6.o)
                0x000000000002b997                uip_icmp6_input
                0x000000000002b9f5                uip_icmp6_register_input_handler
                0x000000000002bb87                uip_icmp6_error_output
                0x000000000002beec                uip_icmp6_send
                0x000000000002c138                uip_icmp6_echo_reply_callback_add
                0x000000000002c17f                uip_icmp6_echo_reply_callback_rm
                0x000000000002c1a8                uip_icmp6_init
 .text          0x000000000002c1d1      0x87f build/cooja/contiki-ng-cooja.a(uip-nd6.o)
                0x000000000002ca36                uip_nd6_init
 .text          0x000000000002ca50      0x7e7 build/cooja/contiki-ng-cooja.a(uip-sr.o)
                0x000000000002ca50                uip_sr_num_nodes
                0x000000000002cafb                uip_sr_get_node
                0x000000000002cb63                uip_sr_is_addr_reachable
                0x000000000002cc2b                uip_sr_expire_parent
                0x000000000002cc9a                uip_sr_update_node
                0x000000000002ce0e                uip_sr_init
                0x000000000002ce41                uip_sr_node_head
                0x000000000002ce5a                uip_sr_node_next
                0x000000000002ce78                uip_sr_periodic
                0x000000000002cfb4                uip_sr_free_all
                0x000000000002d033                uip_sr_link_snprint
 .text          0x000000000002d237      0x35a build/cooja/contiki-ng-cooja.a(rpl-dag-root.o)
                0x000000000002d237                rpl_dag_root_print_links
                0x000000000002d3ac                rpl_dag_root_set_prefix
                0x000000000002d3e8                rpl_dag_root_start
                0x000000000002d551                rpl_dag_root_is_root
 .text          0x000000000002d591     0x1219 build/cooja/contiki-ng-cooja.a(rpl-dag.o)
                0x000000000002d591                rpl_dag_state_to_str
                0x000000000002d5ef                rpl_dag_get_root_ipaddr
                0x000000000002d639                rpl_dag_leave
                0x000000000002d6e4                rpl_dag_poison_and_leave
                0x000000000002d702                rpl_dag_periodic
                0x000000000002d7c6                rpl_is_addr_in_our_dag
                0x000000000002d822                rpl_get_default_instance
                0x000000000002d849                rpl_get_any_dag
                0x000000000002d8b6                rpl_refresh_routes
                0x000000000002d918                rpl_global_repair
                0x000000000002d9da                rpl_local_repair
                0x000000000002da3c                rpl_dag_ready_to_advertise
                0x000000000002da94                rpl_dag_update_state
                0x000000000002e357                rpl_process_dio
                0x000000000002e3f9                rpl_process_dis
                0x000000000002e44d                rpl_process_dao
                0x000000000002e4f6                rpl_process_dao_ack
                0x000000000002e5a6                rpl_process_hbh
                0x000000000002e605                rpl_dag_init_root
                0x000000000002e786                rpl_dag_init
 .text          0x000000000002e7aa      0xdef build/cooja/contiki-ng-cooja.a(rpl-ext-header.o)
                0x000000000002e7aa                rpl_ext_header_srh_get_next_hop
                0x000000000002e8bb                rpl_ext_header_srh_update
                0x000000000002ef4a                rpl_ext_header_hbh_update
                0x000000000002f2ea                rpl_ext_header_update
                0x000000000002f394                rpl_ext_header_remove
 .text          0x000000000002f599     0x16eb build/cooja/contiki-ng-cooja.a(rpl-icmp6.o)
                0x000000000002f72d                rpl_icmp6_update_nbr_table
                0x000000000002f7e2                rpl_icmp6_dis_output
                0x000000000002ff06                rpl_icmp6_dio_output
                0x0000000000030836                rpl_icmp6_dao_output
                0x0000000000030ba7                rpl_icmp6_dao_ack_output
                0x0000000000030c3d                rpl_icmp6_init
 .text          0x0000000000030c84      0x36f build/cooja/contiki-ng-cooja.a(rpl-mrhof.o)
 .text          0x0000000000030ff3       0x8c build/cooja/contiki-ng-cooja.a(rpl-nbr-policy.o)
                0x000000000003103b                rpl_nbr_gc_get_worst
 .text          0x000000000003107f      0xadd build/cooja/contiki-ng-cooja.a(rpl-neighbor.o)
                0x0000000000031112                rpl_neighbor_snprint
                0x0000000000031440                rpl_neighbor_print_list
                0x0000000000031517                rpl_neighbor_count
                0x0000000000031602                rpl_neighbor_get_from_lladdr
                0x000000000003162d                rpl_neighbor_is_acceptable_parent
                0x0000000000031679                rpl_neighbor_get_link_metric
                0x00000000000316c5                rpl_neighbor_rank_via_nbr
                0x0000000000031711                rpl_neighbor_get_lladdr
                0x000000000003173c                rpl_neighbor_get_ipaddr
                0x000000000003176a                rpl_neighbor_get_link_stats
                0x0000000000031798                rpl_neighbor_is_fresh
                0x00000000000317c6                rpl_neighbor_is_parent
                0x00000000000317ff                rpl_neighbor_set_preferred_parent
                0x00000000000318b6                rpl_neighbor_remove_all
                0x000000000003191c                rpl_neighbor_get_from_ipaddr
                0x0000000000031a55                rpl_neighbor_select_best
                0x0000000000031b35                rpl_neighbor_init
 .text          0x0000000000031b5c      0xd3d build/cooja/contiki-ng-cooja.a(rpl-timers.o)
                0x0000000000031b5c                rpl_timers_schedule_periodic_dis
                0x0000000000031d12                rpl_timers_dio_reset
                0x0000000000031e96                rpl_timers_schedule_unicast_dio
                0x000000000003207d                rpl_timers_schedule_dao
                0x0000000000032183                rpl_timers_schedule_dao_ack
                0x0000000000032248                rpl_timers_notify_dao_ack
                0x00000000000322bd                get_probing_delay
                0x0000000000032304                get_probing_target
                0x0000000000032542                rpl_schedule_probing
                0x0000000000032589                rpl_schedule_probing_now
                0x0000000000032617                rpl_timers_unschedule_leaving
                0x0000000000032661                rpl_timers_schedule_leaving
                0x00000000000326bf                rpl_timers_init
                0x0000000000032771                rpl_timers_stop_dag_timers
                0x0000000000032813                rpl_timers_unschedule_state_update
                0x0000000000032840                rpl_timers_schedule_state_update
 .text          0x0000000000032899       0x34 build/cooja/contiki-ng-cooja.a(assert.o)
                0x0000000000032899                _xassert
 .text          0x00000000000328cd       0x3a build/cooja/contiki-ng-cooja.a(mac.o)
                0x00000000000328cd                mac_call_sent_callback
 .text          0x0000000000032907      0xca9 build/cooja/contiki-ng-cooja.a(frame802154.o)
                0x0000000000032935                frame802154_get_pan_id
                0x0000000000032946                frame802154_set_pan_id
                0x0000000000032962                frame802154_has_panid
                0x0000000000032b41                frame802154_check_dest_panid
                0x0000000000032bdf                frame802154_is_broadcast_addr
                0x0000000000032c36                frame802154_extract_linkaddr
                0x0000000000032ed0                frame802154_hdrlen
                0x0000000000032f4f                frame802154_create_fcf
                0x0000000000033021                frame802154_create
                0x00000000000331cb                frame802154_parse_fcf
                0x00000000000332c2                frame802154_parse
 .text          0x00000000000335b0        0x0 /usr/lib/gcc/x86_64-linux-gnu/11/crtendS.o
 .text          0x00000000000335b0        0x0 /usr/lib/gcc/x86_64-linux-gnu/11/../../../x86_64-linux-gnu/crtn.o
 *(.gnu.warning)

.fini           0x00000000000335b0        0xd
 *(SORT_NONE(.fini))
 .fini          0x00000000000335b0        0x8 /usr/lib/gcc/x86_64-linux-gnu/11/../../../x86_64-linux-gnu/crti.o
                0x00000000000335b0                _fini
 .fini          0x00000000000335b8        0x5 /usr/lib/gcc/x86_64-linux-gnu/11/../../../x86_64-linux-gnu/crtn.o
                [!provide]                        PROVIDE (__etext = .)
                [!provide]                        PROVIDE (_etext = .)
                [!provide]                        PROVIDE (etext = .)
                0x0000000000034000                . = ALIGN (CONSTANT (MAXPAGESIZE))
                0x0000000000034000                . = SEGMENT_START ("rodata-segment", (ALIGN (CONSTANT (MAXPAGESIZE)) + (. & (CONSTANT (MAXPAGESIZE) - 0x1))))

.rodata         0x0000000000034000     0x100d
 *(.rodata .rodata.* .gnu.linkonce.r.*)
 .rodata        0x0000000000034000      0x53f MQTT-sensor.o
 .rodata        0x000000000003453f        0x6 build/cooja/contiki-ng-cooja.a(leds-arch.o)
                0x000000000003453f                leds_arch_leds
 .rodata        0x0000000000034545        0x4 build/cooja/contiki-ng-cooja.a(pir-sensor.o)
 .rodata        0x0000000000034549        0x3 build/cooja/contiki-ng-cooja.a(rs232.o)
 .rodata        0x000000000003454c        0xa build/cooja/contiki-ng-cooja.a(vib-sensor.o)
 *fill*         0x0000000000034556        0x2 
 .rodata        0x0000000000034558       0x26 build/cooja/contiki-ng-cooja.a(cfs-cooja.o)
 *fill*         0x000000000003457e        0x2 
 .rodata        0x0000000000034580       0x68 build/cooja/contiki-ng-cooja.a(cooja-radio.o)
 .rodata        0x00000000000345e8        0x8 build/cooja/contiki-ng-cooja.a(sensors.o)
 .rodata        0x00000000000345f0       0x14 build/cooja/contiki-ng-cooja.a(buttons.o)
                0x00000000000345fc                button_hal_button_count
 .rodata        0x0000000000034604      0x29c build/cooja/contiki-ng-cooja.a(mqtt.o)
 .rodata        0x00000000000348a0       0xf4 build/cooja/contiki-ng-cooja.a(contiki-main.o)
 .rodata        0x0000000000034994        0xf build/cooja/contiki-ng-cooja.a(ctimer.o)
 .rodata        0x00000000000349a3        0xc build/cooja/contiki-ng-cooja.a(etimer.o)
 *fill*         0x00000000000349af        0x1 
 .rodata        0x00000000000349b0       0xc0 build/cooja/contiki-ng-cooja.a(log.o)
 .rodata        0x0000000000034a70       0x13 build/cooja/contiki-ng-cooja.a(button-hal.o)
 .rodata        0x0000000000034a83        0xe build/cooja/contiki-ng-cooja.a(serial-line.o)
 *fill*         0x0000000000034a91        0x7 
 .rodata        0x0000000000034a98        0x8 build/cooja/contiki-ng-cooja.a(linkaddr.o)
                0x0000000000034a98                linkaddr_null
 .rodata        0x0000000000034aa0      0x280 build/cooja/contiki-ng-cooja.a(strformat.o)
 .rodata        0x0000000000034d20        0x5 build/cooja/contiki-ng-cooja.a(csma.o)
 .rodata        0x0000000000034d25       0x1d build/cooja/contiki-ng-cooja.a(sicslowpan.o)
                0x0000000000034d25                unc_llconf
                0x0000000000034d29                unc_ctxconf
                0x0000000000034d2d                unc_mxconf
                0x0000000000034d31                llprefix
 .rodata        0x0000000000034d42       0x13 build/cooja/contiki-ng-cooja.a(tcp-socket.o)
 .rodata        0x0000000000034d55        0xd build/cooja/contiki-ng-cooja.a(tcpip.o)
 *fill*         0x0000000000034d62        0x6 
 .rodata        0x0000000000034d68       0x4c build/cooja/contiki-ng-cooja.a(uip-ds6-route.o)
 .rodata        0x0000000000034db4       0x48 build/cooja/contiki-ng-cooja.a(uip6.o)
 .rodata        0x0000000000034dfc       0x2d build/cooja/contiki-ng-cooja.a(uiplib.o)
 .rodata        0x0000000000034e29        0x9 build/cooja/contiki-ng-cooja.a(rpl.o)
 *fill*         0x0000000000034e32        0x6 
 .rodata        0x0000000000034e38       0x27 build/cooja/contiki-ng-cooja.a(csma-output.o)
 .rodata        0x0000000000034e5f       0x44 build/cooja/contiki-ng-cooja.a(uip-sr.o)
 .rodata        0x0000000000034ea3       0xd7 build/cooja/contiki-ng-cooja.a(rpl-dag.o)
 *fill*         0x0000000000034f7a        0x6 
 .rodata        0x0000000000034f80       0x58 build/cooja/contiki-ng-cooja.a(rpl-neighbor.o)
 .rodata        0x0000000000034fd8        0xc build/cooja/contiki-ng-cooja.a(rpl-timers.o)
 *fill*         0x0000000000034fe4        0x4 
 .rodata        0x0000000000034fe8       0x25 build/cooja/contiki-ng-cooja.a(assert.o)

.rodata1
 *(.rodata1)

.eh_frame_hdr   0x0000000000035010     0x1984
 *(.eh_frame_hdr)
 .eh_frame_hdr  0x0000000000035010     0x1984 MQTT-sensor.o
                0x0000000000035010                __GNU_EH_FRAME_HDR
 *(.eh_frame_entry .eh_frame_entry.*)

.eh_frame       0x0000000000036998     0x6678
 *(.eh_frame)
 .eh_frame      0x0000000000036998       0x40 /usr/lib/gcc/x86_64-linux-gnu/11/../../../x86_64-linux-gnu/crti.o
 .eh_frame      0x00000000000369d8       0x18 /usr/lib/gcc/x86_64-linux-gnu/11/../../../x86_64-linux-gnu/crti.o
                                         0x30 (size before relaxing)
 .eh_frame      0x00000000000369f0       0x18 /usr/lib/gcc/x86_64-linux-gnu/11/../../../x86_64-linux-gnu/crti.o
                                         0x30 (size before relaxing)
 .eh_frame      0x0000000000036a08      0x2e8 MQTT-sensor.o
                                        0x300 (size before relaxing)
 .eh_frame      0x0000000000036cf0      0x198 build/cooja/mtype937398317.o
                                        0x1b0 (size before relaxing)
 .eh_frame      0x0000000000036e88       0x40 build/cooja/contiki-ng-cooja.a(simEnvChange.o)
                                         0x58 (size before relaxing)
 .eh_frame      0x0000000000036ec8       0x60 build/cooja/contiki-ng-cooja.a(cooja_mt.o)
                                         0x78 (size before relaxing)
 .eh_frame      0x0000000000036f28       0x80 build/cooja/contiki-ng-cooja.a(cooja_mtarch.o)
                                         0x98 (size before relaxing)
 .eh_frame      0x0000000000036fa8       0xc0 build/cooja/contiki-ng-cooja.a(rtimer-arch.o)
                                         0xd8 (size before relaxing)
 .eh_frame      0x0000000000037068      0x160 build/cooja/contiki-ng-cooja.a(beep.o)
                                        0x178 (size before relaxing)
 .eh_frame      0x00000000000371c8       0x80 build/cooja/contiki-ng-cooja.a(leds-arch.o)
                                         0x98 (size before relaxing)
 .eh_frame      0x0000000000037248       0x40 build/cooja/contiki-ng-cooja.a(moteid.o)
                                         0x58 (size before relaxing)
 .eh_frame      0x0000000000037288       0xa0 build/cooja/contiki-ng-cooja.a(pir-sensor.o)
                                         0xb8 (size before relaxing)
 .eh_frame      0x0000000000037328      0x100 build/cooja/contiki-ng-cooja.a(rs232.o)
                                        0x118 (size before relaxing)
 .eh_frame      0x0000000000037428       0xa0 build/cooja/contiki-ng-cooja.a(vib-sensor.o)
                                         0xb8 (size before relaxing)
 .eh_frame      0x00000000000374c8       0xc0 build/cooja/contiki-ng-cooja.a(clock.o)
                                         0xd8 (size before relaxing)
 .eh_frame      0x0000000000037588      0x100 build/cooja/contiki-ng-cooja.a(cooja-log.o)
                                        0x118 (size before relaxing)
 .eh_frame      0x0000000000037688      0x160 build/cooja/contiki-ng-cooja.a(cfs-cooja.o)
                                        0x178 (size before relaxing)
 .eh_frame      0x00000000000377e8      0x360 build/cooja/contiki-ng-cooja.a(cooja-radio.o)
                                        0x378 (size before relaxing)
 .eh_frame      0x0000000000037b48       0xa0 build/cooja/contiki-ng-cooja.a(eeprom.o)
                                         0xb8 (size before relaxing)
 .eh_frame      0x0000000000037be8       0x40 build/cooja/contiki-ng-cooja.a(random.o)
                                         0x58 (size before relaxing)
 .eh_frame      0x0000000000037c28       0xc0 build/cooja/contiki-ng-cooja.a(sensors.o)
                                         0xd8 (size before relaxing)
 .eh_frame      0x0000000000037ce8      0x120 build/cooja/contiki-ng-cooja.a(leds.o)
                                        0x138 (size before relaxing)
 .eh_frame      0x0000000000037e08      0x220 build/cooja/contiki-ng-cooja.a(gpio-hal-arch.o)
                                        0x238 (size before relaxing)
 .eh_frame      0x0000000000038028       0xa0 build/cooja/contiki-ng-cooja.a(buttons.o)
                                         0xb8 (size before relaxing)
 .eh_frame      0x00000000000380c8      0x4e0 build/cooja/contiki-ng-cooja.a(mqtt.o)
                                        0x4f8 (size before relaxing)
 .eh_frame      0x00000000000385a8       0x20 build/cooja/contiki-ng-cooja.a(contiki-main.o)
                                         0x38 (size before relaxing)
 .eh_frame      0x00000000000385c8       0x40 build/cooja/contiki-ng-cooja.a(autostart.o)
                                         0x58 (size before relaxing)
 .eh_frame      0x0000000000038608      0x100 build/cooja/contiki-ng-cooja.a(ctimer.o)
                                        0x118 (size before relaxing)
 .eh_frame      0x0000000000038708       0x60 build/cooja/contiki-ng-cooja.a(energest.o)
                                         0x78 (size before relaxing)
 .eh_frame      0x0000000000038768      0x1e0 build/cooja/contiki-ng-cooja.a(etimer.o)
                                        0x1f8 (size before relaxing)
 .eh_frame      0x0000000000038948      0x120 build/cooja/contiki-ng-cooja.a(log.o)
                                        0x138 (size before relaxing)
 .eh_frame      0x0000000000038a68       0x20 build/cooja/contiki-ng-cooja.a(node-id.o)
                                         0x38 (size before relaxing)
 .eh_frame      0x0000000000038a88      0x1c8 build/cooja/contiki-ng-cooja.a(process.o)
                                        0x1e0 (size before relaxing)
 .eh_frame      0x0000000000038c50       0x60 build/cooja/contiki-ng-cooja.a(rtimer.o)
                                         0x78 (size before relaxing)
 .eh_frame      0x0000000000038cb0       0xa0 build/cooja/contiki-ng-cooja.a(timer.o)
                                         0xb8 (size before relaxing)
 .eh_frame      0x0000000000038d50      0x1a0 build/cooja/contiki-ng-cooja.a(list.o)
                                        0x1b8 (size before relaxing)
 .eh_frame      0x0000000000038ef0      0x160 build/cooja/contiki-ng-cooja.a(button-hal.o)
                                        0x178 (size before relaxing)
 .eh_frame      0x0000000000039050       0xe0 build/cooja/contiki-ng-cooja.a(gpio-hal.o)
                                         0xf8 (size before relaxing)
 .eh_frame      0x0000000000039130       0x60 build/cooja/contiki-ng-cooja.a(serial-line.o)
                                         0x78 (size before relaxing)
 .eh_frame      0x0000000000039190       0x60 build/cooja/contiki-ng-cooja.a(linkaddr.o)
                                         0x78 (size before relaxing)
 .eh_frame      0x00000000000391f0       0x80 build/cooja/contiki-ng-cooja.a(netstack.o)
                                         0x98 (size before relaxing)
 .eh_frame      0x0000000000039270      0x288 build/cooja/contiki-ng-cooja.a(packetbuf.o)
                                        0x2a0 (size before relaxing)
 .eh_frame      0x00000000000394f8      0x1a0 build/cooja/contiki-ng-cooja.a(queuebuf.o)
                                        0x1b8 (size before relaxing)
 .eh_frame      0x0000000000039698       0x40 build/cooja/contiki-ng-cooja.a(printf.o)
                                         0x58 (size before relaxing)
 .eh_frame      0x00000000000396d8       0x20 build/cooja/contiki-ng-cooja.a(putchar.o)
                                         0x38 (size before relaxing)
 .eh_frame      0x00000000000396f8       0x20 build/cooja/contiki-ng-cooja.a(puts.o)
                                         0x38 (size before relaxing)
 .eh_frame      0x0000000000039718       0x60 build/cooja/contiki-ng-cooja.a(snprintf.o)
                                         0x78 (size before relaxing)
 .eh_frame      0x0000000000039778       0x40 build/cooja/contiki-ng-cooja.a(sprintf.o)
                                         0x58 (size before relaxing)
 .eh_frame      0x00000000000397b8      0x120 build/cooja/contiki-ng-cooja.a(strformat.o)
                                        0x138 (size before relaxing)
 .eh_frame      0x00000000000398d8       0xe0 build/cooja/contiki-ng-cooja.a(csma.o)
                                         0xf8 (size before relaxing)
 .eh_frame      0x00000000000399b8      0x2e0 build/cooja/contiki-ng-cooja.a(sicslowpan.o)
                                        0x2f8 (size before relaxing)
 .eh_frame      0x0000000000039c98      0x248 build/cooja/contiki-ng-cooja.a(tcp-socket.o)
                                        0x260 (size before relaxing)
 .eh_frame      0x0000000000039ee0      0x308 build/cooja/contiki-ng-cooja.a(tcpip.o)
                                        0x320 (size before relaxing)
 .eh_frame      0x000000000003a1e8      0x1c0 build/cooja/contiki-ng-cooja.a(uip-ds6-nbr.o)
                                        0x1d8 (size before relaxing)
 .eh_frame      0x000000000003a3a8      0x240 build/cooja/contiki-ng-cooja.a(uip-ds6-route.o)
                                        0x258 (size before relaxing)
 .eh_frame      0x000000000003a5e8      0x328 build/cooja/contiki-ng-cooja.a(uip-ds6.o)
                                        0x340 (size before relaxing)
 .eh_frame      0x000000000003a910       0xe0 build/cooja/contiki-ng-cooja.a(uip-packetqueue.o)
                                         0xf8 (size before relaxing)
 .eh_frame      0x000000000003a9f0      0x2b0 build/cooja/contiki-ng-cooja.a(uip6.o)
                                        0x2c8 (size before relaxing)
 .eh_frame      0x000000000003aca0      0x200 build/cooja/contiki-ng-cooja.a(uipbuf.o)
                                        0x218 (size before relaxing)
 .eh_frame      0x000000000003aea0       0x80 build/cooja/contiki-ng-cooja.a(uiplib.o)
                                         0x98 (size before relaxing)
 .eh_frame      0x000000000003af20      0x1e0 build/cooja/contiki-ng-cooja.a(rpl.o)
                                        0x1f8 (size before relaxing)
 .eh_frame      0x000000000003b100       0xa0 build/cooja/contiki-ng-cooja.a(watchdog.o)
                                         0xb8 (size before relaxing)
 .eh_frame      0x000000000003b1a0       0x80 build/cooja/contiki-ng-cooja.a(int-master.o)
                                         0x98 (size before relaxing)
 .eh_frame      0x000000000003b220       0xc0 build/cooja/contiki-ng-cooja.a(stimer.o)
                                         0xd8 (size before relaxing)
 .eh_frame      0x000000000003b2e0       0xa0 build/cooja/contiki-ng-cooja.a(memb.o)
                                         0xb8 (size before relaxing)
 .eh_frame      0x000000000003b380       0xa0 build/cooja/contiki-ng-cooja.a(ringbuf.o)
                                         0xb8 (size before relaxing)
 .eh_frame      0x000000000003b420      0x120 build/cooja/contiki-ng-cooja.a(link-stats.o)
                                        0x138 (size before relaxing)
 .eh_frame      0x000000000003b540      0x3e0 build/cooja/contiki-ng-cooja.a(nbr-table.o)
                                        0x3f8 (size before relaxing)
 .eh_frame      0x000000000003b920       0x48 build/cooja/contiki-ng-cooja.a(mac-sequence.o)
                                         0x60 (size before relaxing)
 .eh_frame      0x000000000003b968       0xa8 build/cooja/contiki-ng-cooja.a(framer-802154.o)
                                         0xc0 (size before relaxing)
 .eh_frame      0x000000000003ba10      0x1c8 build/cooja/contiki-ng-cooja.a(csma-output.o)
                                        0x1e0 (size before relaxing)
 .eh_frame      0x000000000003bbd8       0x40 build/cooja/contiki-ng-cooja.a(csma-security.o)
                                         0x58 (size before relaxing)
 .eh_frame      0x000000000003bc18      0x148 build/cooja/contiki-ng-cooja.a(uip-icmp6.o)
                                        0x160 (size before relaxing)
 .eh_frame      0x000000000003bd60       0x80 build/cooja/contiki-ng-cooja.a(uip-nd6.o)
                                         0x98 (size before relaxing)
 .eh_frame      0x000000000003bde0      0x180 build/cooja/contiki-ng-cooja.a(uip-sr.o)
                                        0x198 (size before relaxing)
 .eh_frame      0x000000000003bf60       0xa0 build/cooja/contiki-ng-cooja.a(rpl-dag-root.o)
                                         0xb8 (size before relaxing)
 .eh_frame      0x000000000003c000      0x360 build/cooja/contiki-ng-cooja.a(rpl-dag.o)
                                        0x378 (size before relaxing)
 .eh_frame      0x000000000003c360      0x128 build/cooja/contiki-ng-cooja.a(rpl-ext-header.o)
                                        0x140 (size before relaxing)
 .eh_frame      0x000000000003c488      0x1c0 build/cooja/contiki-ng-cooja.a(rpl-icmp6.o)
                                        0x1d8 (size before relaxing)
 .eh_frame      0x000000000003c648      0x148 build/cooja/contiki-ng-cooja.a(rpl-mrhof.o)
                                        0x160 (size before relaxing)
 .eh_frame      0x000000000003c790       0x40 build/cooja/contiki-ng-cooja.a(rpl-nbr-policy.o)
                                         0x58 (size before relaxing)
 .eh_frame      0x000000000003c7d0      0x2b0 build/cooja/contiki-ng-cooja.a(rpl-neighbor.o)
                                        0x2c8 (size before relaxing)
 .eh_frame      0x000000000003ca80      0x3a8 build/cooja/contiki-ng-cooja.a(rpl-timers.o)
                                        0x3c0 (size before relaxing)
 .eh_frame      0x000000000003ce28       0x20 build/cooja/contiki-ng-cooja.a(assert.o)
                                         0x38 (size before relaxing)
 .eh_frame      0x000000000003ce48       0x20 build/cooja/contiki-ng-cooja.a(mac.o)
                                         0x38 (size before relaxing)
 .eh_frame      0x000000000003ce68      0x1a4 build/cooja/contiki-ng-cooja.a(frame802154.o)
                                        0x1c0 (size before relaxing)
 .eh_frame      0x000000000003d00c        0x4 /usr/lib/gcc/x86_64-linux-gnu/11/crtendS.o
 *(.eh_frame.*)

.gcc_except_table
 *(.gcc_except_table .gcc_except_table.*)

.gnu_extab
 *(.gnu_extab*)

.exception_ranges
 *(.exception_ranges*)
                0x000000000003e6d0                . = DATA_SEGMENT_ALIGN (CONSTANT (MAXPAGESIZE), CONSTANT (COMMONPAGESIZE))

.eh_frame
 *(.eh_frame)
 *(.eh_frame.*)

.gnu_extab
 *(.gnu_extab)

.gcc_except_table
 *(.gcc_except_table .gcc_except_table.*)

.exception_ranges
 *(.exception_ranges*)

.tdata
 *(.tdata .tdata.* .gnu.linkonce.td.*)

.tbss
 *(.tbss .tbss.* .gnu.linkonce.tb.*)
 *(.tcommon)

.preinit_array
 *(.preinit_array)

.init_array     0x000000000003e6d0        0x8
 *(SORT_BY_INIT_PRIORITY(.init_array.*) SORT_BY_INIT_PRIORITY(.ctors.*))
 *(.init_array EXCLUDE_FILE(*crtend?.o *crtend.o *crtbegin?.o *crtbegin.o) .ctors)
 .init_array    0x000000000003e6d0        0x8 /usr/lib/gcc/x86_64-linux-gnu/11/crtbeginS.o

.fini_array     0x000000000003e6d8        0x8
 *(SORT_BY_INIT_PRIORITY(.fini_array.*) SORT_BY_INIT_PRIORITY(.dtors.*))
 *(.fini_array EXCLUDE_FILE(*crtend?.o *crtend.o *crtbegin?.o *crtbegin.o) .dtors)
 .fini_array    0x000000000003e6d8        0x8 /usr/lib/gcc/x86_64-linux-gnu/11/crtbeginS.o

.ctors
 *crtbegin.o(.ctors)
 *crtbegin?.o(.ctors)
 *(EXCLUDE_FILE(*crtend?.o *crtend.o) .ctors)
 *(SORT_BY_NAME(.ctors.*))
 *(.ctors)

.dtors
 *crtbegin.o(.dtors)
 *crtbegin?.o(.dtors)
 *(EXCLUDE_FILE(*crtend?.o *crtend.o) .dtors)
 *(SORT_BY_NAME(.dtors.*))
 *(.dtors)

.jcr
 *(.jcr)

.data.rel.ro    0x000000000003e6e0      0x350
 *(.data.rel.ro.local* .gnu.linkonce.d.rel.ro.local.*)
 .data.rel.ro.local
                0x000000000003e6e0       0x10 build/cooja/contiki-ng-cooja.a(beep.o)
                0x000000000003e6e0                beep_interface
 .data.rel.ro.local
                0x000000000003e6f0       0x10 build/cooja/contiki-ng-cooja.a(leds-arch.o)
                0x000000000003e6f0                leds_interface
 .data.rel.ro.local
                0x000000000003e700       0x10 build/cooja/contiki-ng-cooja.a(moteid.o)
                0x000000000003e700                moteid_interface
 *fill*         0x000000000003e710       0x10 
 .data.rel.ro.local
                0x000000000003e720       0x40 build/cooja/contiki-ng-cooja.a(pir-sensor.o)
                0x000000000003e720                pir_interface
                0x000000000003e740                pir_sensor
 .data.rel.ro.local
                0x000000000003e760       0x10 build/cooja/contiki-ng-cooja.a(rs232.o)
                0x000000000003e760                rs232_interface
 *fill*         0x000000000003e770       0x10 
 .data.rel.ro.local
                0x000000000003e780       0x40 build/cooja/contiki-ng-cooja.a(vib-sensor.o)
                0x000000000003e780                vib_interface
                0x000000000003e7a0                vib_sensor
 .data.rel.ro.local
                0x000000000003e7c0       0x10 build/cooja/contiki-ng-cooja.a(clock.o)
                0x000000000003e7c0                clock_interface
 .data.rel.ro.local
                0x000000000003e7d0       0x10 build/cooja/contiki-ng-cooja.a(cooja-log.o)
                0x000000000003e7d0                simlog_interface
 .data.rel.ro.local
                0x000000000003e7e0       0x10 build/cooja/contiki-ng-cooja.a(cfs-cooja.o)
                0x000000000003e7e0                cfs_interface
 *fill*         0x000000000003e7f0       0x10 
 .data.rel.ro.local
                0x000000000003e800       0x90 build/cooja/contiki-ng-cooja.a(cooja-radio.o)
                0x000000000003e800                radio_interface
                0x000000000003e820                cooja_radio_driver
 .data.rel.ro.local
                0x000000000003e890       0x10 build/cooja/contiki-ng-cooja.a(eeprom.o)
                0x000000000003e890                eeprom_interface
 .data.rel.ro.local
                0x000000000003e8a0       0x40 build/cooja/contiki-ng-cooja.a(buttons.o)
                0x000000000003e8a0                button_interface
                0x000000000003e8c0                button_sensor
 .data.rel.ro.local
                0x000000000003e8e0       0x38 build/cooja/contiki-ng-cooja.a(csma.o)
                0x000000000003e8e0                csma_driver
 *fill*         0x000000000003e918        0x8 
 .data.rel.ro.local
                0x000000000003e920       0x18 build/cooja/contiki-ng-cooja.a(framer-802154.o)
                0x000000000003e920                framer_802154
 *(.data.rel.ro .data.rel.ro.* .gnu.linkonce.d.rel.ro.*)
 .data.rel.ro   0x000000000003e938        0x0 /usr/lib/gcc/x86_64-linux-gnu/11/../../../x86_64-linux-gnu/crti.o
 *fill*         0x000000000003e938        0x8 
 .data.rel.ro   0x000000000003e940       0x10 MQTT-sensor.o
                0x000000000003e940                autostart_processes
 *fill*         0x000000000003e950       0x10 
 .data.rel.ro   0x000000000003e960       0x20 build/cooja/contiki-ng-cooja.a(sicslowpan.o)
                0x000000000003e960                sicslowpan_driver
 .data.rel.ro   0x000000000003e980       0xa8 build/cooja/contiki-ng-cooja.a(rpl.o)
                0x000000000003e980                rpl_lite_driver
 .data.rel.ro   0x000000000003ea28        0x8 build/cooja/contiki-ng-cooja.a(rpl-dag.o)

.dynamic        0x000000000003ea30      0x1c0
 *(.dynamic)
 .dynamic       0x000000000003ea30      0x1c0 /usr/lib/gcc/x86_64-linux-gnu/11/../../../x86_64-linux-gnu/crti.o
                0x000000000003ea30                _DYNAMIC

.got            0x000000000003ebf0      0x400
 *(.got)
 .got           0x000000000003ebf0      0x400 /usr/lib/gcc/x86_64-linux-gnu/11/../../../x86_64-linux-gnu/crti.o
 *(.igot)
                0x000000000003ffe8                . = DATA_SEGMENT_RELRO_END (., (SIZEOF (.got.plt) >= 0x18)?0x18:0x0)

.got.plt        0x000000000003f000      0xbf8
 *(.got.plt)
 .got.plt       0x000000000003f000      0xbf8 /usr/lib/gcc/x86_64-linux-gnu/11/../../../x86_64-linux-gnu/crti.o
                0x000000000003f000                _GLOBAL_OFFSET_TABLE_
 *(.igot.plt)

.data           0x000000000003fc00      0x812
 *(.data .data.* .gnu.linkonce.d.*)
 .data          0x000000000003fc00        0x0 /usr/lib/gcc/x86_64-linux-gnu/11/../../../x86_64-linux-gnu/crti.o
 .data          0x000000000003fc00        0x0 /usr/lib/gcc/x86_64-linux-gnu/11/crtbeginS.o
 .data.rel.local
                0x000000000003fc00        0x8 /usr/lib/gcc/x86_64-linux-gnu/11/crtbeginS.o
                0x000000000003fc00                __dso_handle
 .data          0x000000000003fc08        0x1 MQTT-sensor.o
                0x000000000003fc08                currentColor
 *fill*         0x000000000003fc09       0x17 
 .data.rel.local
                0x000000000003fc20       0x40 MQTT-sensor.o
                0x000000000003fc40                mqtt_sensor_process
 .data          0x000000000003fc60        0x0 build/cooja/mtype937398317.o
 .data.rel      0x000000000003fc60       0xa0 build/cooja/mtype937398317.o
                0x000000000003fc60                simInterfaces
                0x000000000003fce0                sensors
 .data          0x000000000003fd00        0x0 build/cooja/contiki-ng-cooja.a(simEnvChange.o)
 .data          0x000000000003fd00        0x0 build/cooja/contiki-ng-cooja.a(cooja_mt.o)
 .data          0x000000000003fd00        0x0 build/cooja/contiki-ng-cooja.a(cooja_mtarch.o)
 .data          0x000000000003fd00        0x0 build/cooja/contiki-ng-cooja.a(rtimer-arch.o)
 .data          0x000000000003fd00        0x0 build/cooja/contiki-ng-cooja.a(beep.o)
 .data          0x000000000003fd00        0x0 build/cooja/contiki-ng-cooja.a(leds-arch.o)
 .data          0x000000000003fd00        0x0 build/cooja/contiki-ng-cooja.a(moteid.o)
 .data          0x000000000003fd00        0x0 build/cooja/contiki-ng-cooja.a(pir-sensor.o)
 .data          0x000000000003fd00        0x0 build/cooja/contiki-ng-cooja.a(rs232.o)
 .data          0x000000000003fd00        0x0 build/cooja/contiki-ng-cooja.a(vib-sensor.o)
 .data          0x000000000003fd00        0x0 build/cooja/contiki-ng-cooja.a(clock.o)
 .data          0x000000000003fd00        0x0 build/cooja/contiki-ng-cooja.a(cooja-log.o)
 .data          0x000000000003fd00        0x0 build/cooja/contiki-ng-cooja.a(cfs-cooja.o)
 .data          0x000000000003fd00       0x20 build/cooja/contiki-ng-cooja.a(cooja-radio.o)
                0x000000000003fd00                simRadioHWOn
                0x000000000003fd04                simSignalStrength
                0x000000000003fd08                simLastSignalStrength
                0x000000000003fd0c                simPower
                0x000000000003fd10                simRadioChannel
                0x000000000003fd14                simLQI
                0x000000000003fd18                simLastLQI
 .data.rel.local
                0x000000000003fd20       0x20 build/cooja/contiki-ng-cooja.a(cooja-radio.o)
                0x000000000003fd20                cooja_radio_process
 .data          0x000000000003fd40        0x0 build/cooja/contiki-ng-cooja.a(eeprom.o)
 .data          0x000000000003fd40        0x0 build/cooja/contiki-ng-cooja.a(random.o)
 .data          0x000000000003fd40        0x0 build/cooja/contiki-ng-cooja.a(sensors.o)
 .data.rel.local
                0x000000000003fd40       0x20 build/cooja/contiki-ng-cooja.a(sensors.o)
                0x000000000003fd40                sensors_process
 .data          0x000000000003fd60        0x0 build/cooja/contiki-ng-cooja.a(leds.o)
 .data          0x000000000003fd60        0x0 build/cooja/contiki-ng-cooja.a(gpio-hal-arch.o)
 .data          0x000000000003fd60        0x1 build/cooja/contiki-ng-cooja.a(buttons.o)
                0x000000000003fd60                simButtonIsActive
 *fill*         0x000000000003fd61       0x1f 
 .data.rel.local
                0x000000000003fd80       0xb0 build/cooja/contiki-ng-cooja.a(buttons.o)
                0x000000000003fe20                button_hal_buttons
 .data          0x000000000003fe30        0x0 build/cooja/contiki-ng-cooja.a(mqtt.o)
 *fill*         0x000000000003fe30       0x10 
 .data.rel.local
                0x000000000003fe40       0x40 build/cooja/contiki-ng-cooja.a(mqtt.o)
                0x000000000003fe60                mqtt_process
 .data          0x000000000003fe80        0x0 build/cooja/contiki-ng-cooja.a(contiki-main.o)
 .data          0x000000000003fe80        0x0 build/cooja/contiki-ng-cooja.a(autostart.o)
 .data          0x000000000003fe80        0x0 build/cooja/contiki-ng-cooja.a(ctimer.o)
 .data.rel.local
                0x000000000003fe80       0x40 build/cooja/contiki-ng-cooja.a(ctimer.o)
                0x000000000003fea0                ctimer_process
 .data          0x000000000003fec0        0x0 build/cooja/contiki-ng-cooja.a(energest.o)
 .data          0x000000000003fec0        0x0 build/cooja/contiki-ng-cooja.a(etimer.o)
 .data.rel.local
                0x000000000003fec0       0x20 build/cooja/contiki-ng-cooja.a(etimer.o)
                0x000000000003fec0                etimer_process
 .data          0x000000000003fee0        0x4 build/cooja/contiki-ng-cooja.a(log.o)
                0x000000000003fee0                curr_log_level_main
 *fill*         0x000000000003fee4       0x1c 
 .data.rel      0x000000000003ff00      0x138 build/cooja/contiki-ng-cooja.a(log.o)
                0x000000000003ff00                all_modules
 .data          0x0000000000040038        0x0 build/cooja/contiki-ng-cooja.a(node-id.o)
 .data          0x0000000000040038        0x0 build/cooja/contiki-ng-cooja.a(process.o)
 .data          0x0000000000040038        0x0 build/cooja/contiki-ng-cooja.a(rtimer.o)
 .data          0x0000000000040038        0x0 build/cooja/contiki-ng-cooja.a(timer.o)
 .data          0x0000000000040038        0x0 build/cooja/contiki-ng-cooja.a(list.o)
 .data          0x0000000000040038        0x0 build/cooja/contiki-ng-cooja.a(button-hal.o)
 *fill*         0x0000000000040038        0x8 
 .data.rel.local
                0x0000000000040040       0x20 build/cooja/contiki-ng-cooja.a(button-hal.o)
                0x0000000000040040                button_hal_process
 .data          0x0000000000040060        0x0 build/cooja/contiki-ng-cooja.a(gpio-hal.o)
 .data.rel.local
                0x0000000000040060        0x8 build/cooja/contiki-ng-cooja.a(gpio-hal.o)
 .data          0x0000000000040068        0x0 build/cooja/contiki-ng-cooja.a(serial-line.o)
 *fill*         0x0000000000040068       0x18 
 .data.rel.local
                0x0000000000040080       0x20 build/cooja/contiki-ng-cooja.a(serial-line.o)
                0x0000000000040080                serial_line_process
 .data          0x00000000000400a0        0x0 build/cooja/contiki-ng-cooja.a(linkaddr.o)
 .data          0x00000000000400a0        0x0 build/cooja/contiki-ng-cooja.a(netstack.o)
 .data.rel.local
                0x00000000000400a0        0x8 build/cooja/contiki-ng-cooja.a(netstack.o)
 .data          0x00000000000400a8        0x0 build/cooja/contiki-ng-cooja.a(packetbuf.o)
 .data.rel.local
                0x00000000000400a8        0x8 build/cooja/contiki-ng-cooja.a(packetbuf.o)
 .data          0x00000000000400b0        0x0 build/cooja/contiki-ng-cooja.a(queuebuf.o)
 .data.rel.local
                0x00000000000400b0       0x38 build/cooja/contiki-ng-cooja.a(queuebuf.o)
 .data          0x00000000000400e8        0x0 build/cooja/contiki-ng-cooja.a(printf.o)
 *fill*         0x00000000000400e8        0x8 
 .data.rel.local
                0x00000000000400f0       0x10 build/cooja/contiki-ng-cooja.a(printf.o)
 .data          0x0000000000040100        0x0 build/cooja/contiki-ng-cooja.a(putchar.o)
 .data          0x0000000000040100        0x0 build/cooja/contiki-ng-cooja.a(puts.o)
 .data          0x0000000000040100        0x0 build/cooja/contiki-ng-cooja.a(snprintf.o)
 .data          0x0000000000040100        0x0 build/cooja/contiki-ng-cooja.a(sprintf.o)
 .data          0x0000000000040100        0x0 build/cooja/contiki-ng-cooja.a(strformat.o)
 .data          0x0000000000040100        0x0 build/cooja/contiki-ng-cooja.a(csma.o)
 .data          0x0000000000040100        0x0 build/cooja/contiki-ng-cooja.a(sicslowpan.o)
 .data          0x0000000000040100        0x0 build/cooja/contiki-ng-cooja.a(tcp-socket.o)
 .data.rel.local
                0x0000000000040100       0x40 build/cooja/contiki-ng-cooja.a(tcp-socket.o)
                0x0000000000040120                tcp_socket_process
 .data          0x0000000000040140        0x0 build/cooja/contiki-ng-cooja.a(tcpip.o)
 .data.rel.local
                0x0000000000040140       0x20 build/cooja/contiki-ng-cooja.a(tcpip.o)
                0x0000000000040140                tcpip_process
 .data          0x0000000000040160        0x0 build/cooja/contiki-ng-cooja.a(uip-ds6-nbr.o)
 .data.rel.local
                0x0000000000040160       0x20 build/cooja/contiki-ng-cooja.a(uip-ds6-nbr.o)
 .data          0x0000000000040180        0x0 build/cooja/contiki-ng-cooja.a(uip-ds6-route.o)
 .data.rel.local
                0x0000000000040180       0x28 build/cooja/contiki-ng-cooja.a(uip-ds6-route.o)
 .data          0x00000000000401a8        0x0 build/cooja/contiki-ng-cooja.a(uip-ds6.o)
 .data          0x00000000000401a8        0x0 build/cooja/contiki-ng-cooja.a(uip-packetqueue.o)
 *fill*         0x00000000000401a8        0x8 
 .data.rel.local
                0x00000000000401b0       0x18 build/cooja/contiki-ng-cooja.a(uip-packetqueue.o)
 .data          0x00000000000401c8        0x0 build/cooja/contiki-ng-cooja.a(uip6.o)
 .data          0x00000000000401c8        0x0 build/cooja/contiki-ng-cooja.a(uipbuf.o)
 .data          0x00000000000401c8        0x0 build/cooja/contiki-ng-cooja.a(uiplib.o)
 .data          0x00000000000401c8        0x0 build/cooja/contiki-ng-cooja.a(rpl.o)
 .data          0x00000000000401c8        0x0 build/cooja/contiki-ng-cooja.a(watchdog.o)
 .data          0x00000000000401c8        0x0 build/cooja/contiki-ng-cooja.a(int-master.o)
 .data          0x00000000000401c8        0x0 build/cooja/contiki-ng-cooja.a(stimer.o)
 .data          0x00000000000401c8        0x0 build/cooja/contiki-ng-cooja.a(memb.o)
 .data          0x00000000000401c8        0x0 build/cooja/contiki-ng-cooja.a(ringbuf.o)
 .data          0x00000000000401c8        0x0 build/cooja/contiki-ng-cooja.a(link-stats.o)
 *fill*         0x00000000000401c8        0x8 
 .data.rel.local
                0x00000000000401d0       0x20 build/cooja/contiki-ng-cooja.a(link-stats.o)
 .data          0x00000000000401f0        0x0 build/cooja/contiki-ng-cooja.a(nbr-table.o)
 .data.rel.local
                0x00000000000401f0       0x20 build/cooja/contiki-ng-cooja.a(nbr-table.o)
 .data          0x0000000000040210        0x0 build/cooja/contiki-ng-cooja.a(mac-sequence.o)
 .data          0x0000000000040210        0x0 build/cooja/contiki-ng-cooja.a(framer-802154.o)
 .data          0x0000000000040210        0x0 build/cooja/contiki-ng-cooja.a(csma-output.o)
 .data.rel.local
                0x0000000000040210       0x60 build/cooja/contiki-ng-cooja.a(csma-output.o)
 .data          0x0000000000040270        0x0 build/cooja/contiki-ng-cooja.a(csma-security.o)
 .data          0x0000000000040270        0x0 build/cooja/contiki-ng-cooja.a(uip-icmp6.o)
 .data.rel.local
                0x0000000000040270       0x48 build/cooja/contiki-ng-cooja.a(uip-icmp6.o)
 .data          0x00000000000402b8        0x0 build/cooja/contiki-ng-cooja.a(uip-nd6.o)
 *fill*         0x00000000000402b8        0x8 
 .data.rel.local
                0x00000000000402c0       0x18 build/cooja/contiki-ng-cooja.a(uip-nd6.o)
 .data          0x00000000000402d8        0x0 build/cooja/contiki-ng-cooja.a(uip-sr.o)
 *fill*         0x00000000000402d8        0x8 
 .data.rel.local
                0x00000000000402e0       0x28 build/cooja/contiki-ng-cooja.a(uip-sr.o)
 .data          0x0000000000040308        0x0 build/cooja/contiki-ng-cooja.a(rpl-dag-root.o)
 .data          0x0000000000040308        0x0 build/cooja/contiki-ng-cooja.a(rpl-dag.o)
 .data          0x0000000000040308        0x0 build/cooja/contiki-ng-cooja.a(rpl-ext-header.o)
 .data          0x0000000000040308        0x0 build/cooja/contiki-ng-cooja.a(rpl-icmp6.o)
 *fill*         0x0000000000040308        0x8 
 .data.rel.local
                0x0000000000040310       0x78 build/cooja/contiki-ng-cooja.a(rpl-icmp6.o)
 .data          0x0000000000040388        0x0 build/cooja/contiki-ng-cooja.a(rpl-mrhof.o)
 *fill*         0x0000000000040388       0x18 
 .data.rel.local
                0x00000000000403a0       0x48 build/cooja/contiki-ng-cooja.a(rpl-mrhof.o)
                0x00000000000403a0                rpl_mrhof
 .data          0x00000000000403e8        0x0 build/cooja/contiki-ng-cooja.a(rpl-nbr-policy.o)
 .data          0x00000000000403e8        0x0 build/cooja/contiki-ng-cooja.a(rpl-neighbor.o)
 *fill*         0x00000000000403e8        0x8 
 .data.rel.local
                0x00000000000403f0       0x20 build/cooja/contiki-ng-cooja.a(rpl-neighbor.o)
                0x0000000000040408                rpl_neighbors
 .data          0x0000000000040410        0x0 build/cooja/contiki-ng-cooja.a(rpl-timers.o)
 .data          0x0000000000040410        0x0 build/cooja/contiki-ng-cooja.a(assert.o)
 .data          0x0000000000040410        0x0 build/cooja/contiki-ng-cooja.a(mac.o)
 .data          0x0000000000040410        0x2 build/cooja/contiki-ng-cooja.a(frame802154.o)
 .data          0x0000000000040412        0x0 /usr/lib/gcc/x86_64-linux-gnu/11/crtendS.o
 .data          0x0000000000040412        0x0 /usr/lib/gcc/x86_64-linux-gnu/11/../../../x86_64-linux-gnu/crtn.o

.tm_clone_table
                0x0000000000040418        0x0
 .tm_clone_table
                0x0000000000040418        0x0 /usr/lib/gcc/x86_64-linux-gnu/11/crtbeginS.o
 .tm_clone_table
                0x0000000000040418        0x0 /usr/lib/gcc/x86_64-linux-gnu/11/crtendS.o

.data1
 *(.data1)
                [!provide]                        PROVIDE (_edata = .)
                [!provide]                        PROVIDE (edata = .)
                0x0000000000040418                . = .
                [!provide]                        PROVIDE (__bss_start = .)

.bss            0x0000000000040420    0x18220
 *(.dynbss)
 .dynbss        0x0000000000040420        0x0 /usr/lib/gcc/x86_64-linux-gnu/11/../../../x86_64-linux-gnu/crti.o
 *(.bss .bss.* .gnu.linkonce.b.*)
 .bss           0x0000000000040420        0x0 /usr/lib/gcc/x86_64-linux-gnu/11/../../../x86_64-linux-gnu/crti.o
 .bss           0x0000000000040420        0x1 /usr/lib/gcc/x86_64-linux-gnu/11/crtbeginS.o
 *fill*         0x0000000000040421       0x1f 
 .bss           0x0000000000040440      0xb80 MQTT-sensor.o
                0x0000000000040440                broker_address
 .bss           0x0000000000040fc0     0x4060 build/cooja/mtype937398317.o
                0x0000000000040fc0                sensors_flags
                0x0000000000040fc8                referenceVar
 .bss           0x0000000000045020       0x18 build/cooja/contiki-ng-cooja.a(simEnvChange.o)
                0x0000000000045020                simDontFallAsleep
                0x0000000000045024                simProcessRunValue
                0x0000000000045028                simEtimerPending
                0x0000000000045030                simEtimerNextExpirationTime
 .bss           0x0000000000045038        0x8 build/cooja/contiki-ng-cooja.a(cooja_mt.o)
 .bss           0x0000000000045040        0x8 build/cooja/contiki-ng-cooja.a(cooja_mtarch.o)
 .bss           0x0000000000045048       0x18 build/cooja/contiki-ng-cooja.a(rtimer-arch.o)
                0x0000000000045048                simRtimerPending
                0x0000000000045050                simRtimerNextExpirationTime
                0x0000000000045058                simRtimerCurrentTicks
 .bss           0x0000000000045060        0x1 build/cooja/contiki-ng-cooja.a(beep.o)
                0x0000000000045060                simBeeped
 .bss           0x0000000000045061        0x1 build/cooja/contiki-ng-cooja.a(leds-arch.o)
                0x0000000000045061                simLedsValue
 *fill*         0x0000000000045062        0x2 
 .bss           0x0000000000045064        0xc build/cooja/contiki-ng-cooja.a(moteid.o)
                0x0000000000045064                simMoteID
                0x0000000000045068                simMoteIDChanged
                0x000000000004506c                simRandomSeed
 .bss           0x0000000000045070        0x3 build/cooja/contiki-ng-cooja.a(pir-sensor.o)
                0x0000000000045070                simPirChanged
                0x0000000000045071                simPirIsActive
                0x0000000000045072                simPirValue
 *fill*         0x0000000000045073        0xd 
 .bss           0x0000000000045080      0x810 build/cooja/contiki-ng-cooja.a(rs232.o)
                0x0000000000045080                simSerialReceivingData
                0x0000000000045880                simSerialReceivingLength
                0x0000000000045884                simSerialReceivingFlag
 .bss           0x0000000000045890        0x3 build/cooja/contiki-ng-cooja.a(vib-sensor.o)
                0x0000000000045890                simVibChanged
                0x0000000000045891                simVibIsActive
                0x0000000000045892                simVibValue
 *fill*         0x0000000000045893        0x5 
 .bss           0x0000000000045898        0x8 build/cooja/contiki-ng-cooja.a(clock.o)
                0x0000000000045898                simCurrentTime
 .bss           0x00000000000458a0     0x200d build/cooja/contiki-ng-cooja.a(cooja-log.o)
                0x00000000000458a0                simLoggedData
                0x00000000000478a0                simLoggedLength
                0x00000000000478a4                simLoggedFlag
 *fill*         0x00000000000478ad       0x13 
 .bss           0x00000000000478c0      0xfc0 build/cooja/contiki-ng-cooja.a(cfs-cooja.o)
                0x00000000000478c0                simCFSData
                0x0000000000048860                simCFSSize
                0x0000000000048864                simCFSChanged
                0x0000000000048868                simCFSRead
                0x000000000004886c                simCFSWritten
 .bss           0x0000000000048880      0x15c build/cooja/contiki-ng-cooja.a(cooja-radio.o)
                0x0000000000048880                simReceiving
                0x00000000000488a0                simInDataBuffer
                0x0000000000048920                simInSize
                0x0000000000048928                simLastPacketTimestamp
                0x0000000000048940                simOutDataBuffer
                0x00000000000489c0                simOutSize
 *fill*         0x00000000000489dc        0x4 
 .bss           0x00000000000489e0      0x40c build/cooja/contiki-ng-cooja.a(eeprom.o)
                0x00000000000489e0                simEEPROMData
                0x0000000000048de0                simEEPROMChanged
                0x0000000000048de4                simEEPROMRead
                0x0000000000048de8                simEEPROMWritten
 .bss           0x0000000000048dec        0x0 build/cooja/contiki-ng-cooja.a(random.o)