Archive member included to satisfy reference by file (symbol)

build/cooja/contiki-ng-cooja.a(simEnvChange.o)
                              build/cooja/mtype713555480.o (simDontFallAsleep)
build/cooja/contiki-ng-cooja.a(cooja_mt.o)
                              build/cooja/mtype713555480.o (cooja_mt_start)
build/cooja/contiki-ng-cooja.a(cooja_mtarch.o)
                              build/cooja/contiki-ng-cooja.a(cooja_mt.o) (cooja_mtarch_start)
build/cooja/contiki-ng-cooja.a(rtimer-arch.o)
                              build/cooja/mtype713555480.o (rtimer_arch_check)
build/cooja/contiki-ng-cooja.a(beep.o)
                              build/cooja/mtype713555480.o (beep_interface)
build/cooja/contiki-ng-cooja.a(leds-arch.o)
                              build/cooja/mtype713555480.o (leds_interface)
build/cooja/contiki-ng-cooja.a(moteid.o)
                              build/cooja/mtype713555480.o (moteid_interface)
build/cooja/contiki-ng-cooja.a(pir-sensor.o)
                              build/cooja/mtype713555480.o (pir_interface)
build/cooja/contiki-ng-cooja.a(rs232.o)
                              build/cooja/mtype713555480.o (rs232_interface)
build/cooja/contiki-ng-cooja.a(vib-sensor.o)
                              build/cooja/mtype713555480.o (vib_interface)
build/cooja/contiki-ng-cooja.a(clock.o)
                              build/cooja/mtype713555480.o (clock_interface)
build/cooja/contiki-ng-cooja.a(cooja-log.o)
                              build/cooja/mtype713555480.o (simlog_interface)
build/cooja/contiki-ng-cooja.a(cfs-cooja.o)
                              build/cooja/mtype713555480.o (cfs_interface)
build/cooja/contiki-ng-cooja.a(cooja-radio.o)
                              build/cooja/mtype713555480.o (radio_interface)
build/cooja/contiki-ng-cooja.a(eeprom.o)
                              build/cooja/mtype713555480.o (eeprom_interface)
build/cooja/contiki-ng-cooja.a(random.o)
                              build/cooja/contiki-ng-cooja.a(moteid.o) (random_init)
build/cooja/contiki-ng-cooja.a(sensors.o)
                              build/cooja/contiki-ng-cooja.a(pir-sensor.o) (sensors_changed)
build/cooja/contiki-ng-cooja.a(leds.o)
                              MQTT-sensor.o (leds_off)
build/cooja/contiki-ng-cooja.a(gpio-hal-arch.o)
                              build/cooja/contiki-ng-cooja.a(leds-arch.o) (gpio_hal_arch_register_pin_callback)
build/cooja/contiki-ng-cooja.a(buttons.o)
                              build/cooja/mtype713555480.o (button_interface)
build/cooja/contiki-ng-cooja.a(mqtt.o)
                              MQTT-sensor.o (mqtt_register)
build/cooja/contiki-ng-cooja.a(contiki-main.o)
                              build/cooja/mtype713555480.o (main)
build/cooja/contiki-ng-cooja.a(autostart.o)
                              build/cooja/contiki-ng-cooja.a(contiki-main.o) (autostart_start)
build/cooja/contiki-ng-cooja.a(ctimer.o)
                              build/cooja/contiki-ng-cooja.a(contiki-main.o) (ctimer_init)
build/cooja/contiki-ng-cooja.a(energest.o)
                              build/cooja/contiki-ng-cooja.a(contiki-main.o) (energest_init)
build/cooja/contiki-ng-cooja.a(etimer.o)
                              build/cooja/contiki-ng-cooja.a(contiki-main.o) (etimer_process)
build/cooja/contiki-ng-cooja.a(log.o)
                              build/cooja/contiki-ng-cooja.a(contiki-main.o) (curr_log_level_main)
build/cooja/contiki-ng-cooja.a(node-id.o)
                              build/cooja/contiki-ng-cooja.a(contiki-main.o) (node_id)
build/cooja/contiki-ng-cooja.a(process.o)
                              build/cooja/contiki-ng-cooja.a(mqtt.o) (process_current)
build/cooja/contiki-ng-cooja.a(rtimer.o)
                              build/cooja/contiki-ng-cooja.a(contiki-main.o) (rtimer_init)
build/cooja/contiki-ng-cooja.a(timer.o)
                              build/cooja/contiki-ng-cooja.a(mqtt.o) (timer_set)
build/cooja/contiki-ng-cooja.a(list.o)
                              build/cooja/contiki-ng-cooja.a(mqtt.o) (list_init)
build/cooja/contiki-ng-cooja.a(button-hal.o)
                              build/cooja/mtype713555480.o (button_hal_init)
build/cooja/contiki-ng-cooja.a(gpio-hal.o)
                              build/cooja/contiki-ng-cooja.a(button-hal.o) (gpio_hal_register_handler)
build/cooja/contiki-ng-cooja.a(serial-line.o)
                              build/cooja/contiki-ng-cooja.a(rs232.o) (serial_line_input_byte)
build/cooja/contiki-ng-cooja.a(linkaddr.o)
                              MQTT-sensor.o (linkaddr_node_addr)
build/cooja/contiki-ng-cooja.a(netstack.o)
                              build/cooja/contiki-ng-cooja.a(contiki-main.o) (netstack_init)
build/cooja/contiki-ng-cooja.a(packetbuf.o)
                              build/cooja/contiki-ng-cooja.a(cooja-radio.o) (packetbuf_clear)
build/cooja/contiki-ng-cooja.a(queuebuf.o)
                              build/cooja/contiki-ng-cooja.a(contiki-main.o) (queuebuf_init)
[...]
Memory Configuration

Name             Origin             Length             Attributes
*default*        0x0000000000000000 0xffffffffffffffff

Linker script and memory map

LOAD /usr/lib/gcc/x86_64-linux-gnu/11/../../../x86_64-linux-gnu/crti.o
LOAD /usr/lib/gcc/x86_64-linux-gnu/11/crtbeginS.o
LOAD MQTT-sensor.o
LOAD build/cooja/mtype713555480.o
LOAD build/cooja/contiki-ng-cooja.a
LOAD /usr/lib/gcc/x86_64-linux-gnu/11/libgcc.a
LOAD /usr/lib/gcc/x86_64-linux-gnu/11/libgcc_s.so
START GROUP
LOAD /usr/lib/gcc/x86_64-linux-gnu/11/../../../x86_64-linux-gnu/libgcc_s.so.1
LOAD /usr/lib/gcc/x86_64-linux-gnu/11/libgcc.a
END GROUP
LOAD /usr/lib/gcc/x86_64-linux-gnu/11/../../../x86_64-linux-gnu/libc.so
START GROUP
LOAD /lib/x86_64-linux-gnu/libc.so.6
LOAD /usr/lib/x86_64-linux-gnu/libc_nonshared.a
LOAD /lib64/ld-linux-x86-64.so.2
END GROUP
LOAD /usr/lib/gcc/x86_64-linux-gnu/11/libgcc.a
LOAD /usr/lib/gcc/x86_64-linux-gnu/11/libgcc_s.so
START GROUP
LOAD /usr/lib/gcc/x86_64-linux-gnu/11/../../../x86_64-linux-gnu/libgcc_s.so.1
LOAD /usr/lib/gcc/x86_64-linux-gnu/11/libgcc.a
END GROUP
LOAD /usr/lib/gcc/x86_64-linux-gnu/11/crtendS.o
LOAD /usr/lib/gcc/x86_64-linux-gnu/11/../../../x86_64-linux-gnu/crtn.o
                0x00000000000002a8                . = (SEGMENT_START ("text-segment", 0x0) + SIZEOF_HEADERS)

.note.gnu.property
                0x00000000000002a8       0x20
 .note.gnu.property
                0x00000000000002a8       0x20 /usr/lib/gcc/x86_64-linux-gnu/11/../../../x86_64-linux-gnu/crti.o

.note.gnu.build-id
                0x00000000000002c8       0x24
 *(.note.gnu.build-id)
 .note.gnu.build-id
                0x00000000000002c8       0x24 /usr/lib/gcc/x86_64-linux-gnu/11/../../../x86_64-linux-gnu/crti.o

.hash
 *(.hash)

.gnu.hash       0x00000000000002f0     0x14ec
 *(.gnu.hash)
 .gnu.hash      0x00000000000002f0     0x14ec /usr/lib/gcc/x86_64-linux-gnu/11/../../../x86_64-linux-gnu/crti.o

.dynsym         0x00000000000017e0     0x4200
 *(.dynsym)
 .dynsym        0x00000000000017e0     0x4200 /usr/lib/gcc/x86_64-linux-gnu/11/../../../x86_64-linux-gnu/crti.o

.dynstr         0x00000000000059e0     0x31b7
 *(.dynstr)
 .dynstr        0x00000000000059e0     0x31b7 /usr/lib/gcc/x86_64-linux-gnu/11/../../../x86_64-linux-gnu/crti.o

.gnu.version    0x0000000000008b98      0x580
 *(.gnu.version)
 .gnu.version   0x0000000000008b98      0x580 /usr/lib/gcc/x86_64-linux-gnu/11/../../../x86_64-linux-gnu/crti.o

.gnu.version_d  0x0000000000009118        0x0
 *(.gnu.version_d)
 .gnu.version_d
                0x0000000000009118        0x0 /usr/lib/gcc/x86_64-linux-gnu/11/../../../x86_64-linux-gnu/crti.o

.gnu.version_r  0x0000000000009118       0x40
 *(.gnu.version_r)
 .gnu.version_r
                0x0000000000009118       0x40 /usr/lib/gcc/x86_64-linux-gnu/11/../../../x86_64-linux-gnu/crti.o

.rela.dyn       0x0000000000009158     0x1f20
 *(.rela.init)
 *(.rela.text .rela.text.* .rela.gnu.linkonce.t.*)
 .rela.text     0x0000000000009158        0x0 /usr/lib/gcc/x86_64-linux-gnu/11/../../../x86_64-linux-gnu/crti.o
 *(.rela.fini)
 *(.rela.rodata .rela.rodata.* .rela.gnu.linkonce.r.*)
 *(.rela.data .rela.data.* .rela.gnu.linkonce.d.*)
 .rela.data.rel.local
                0x0000000000009158      0x720 /usr/lib/gcc/x86_64-linux-gnu/11/../../../x86_64-linux-gnu/crti.o
 .rela.data.rel.ro
                0x0000000000009878      0x288 /usr/lib/gcc/x86_64-linux-gnu/11/../../../x86_64-linux-gnu/crti.o
 .rela.data.rel
                0x0000000000009b00      0x3a8 /usr/lib/gcc/x86_64-linux-gnu/11/../../../x86_64-linux-gnu/crti.o
 .rela.data.rel.ro.local
                0x0000000000009ea8      0x5a0 /usr/lib/gcc/x86_64-linux-gnu/11/../../../x86_64-linux-gnu/crti.o
 *(.rela.tdata .rela.tdata.* .rela.gnu.linkonce.td.*)
 *(.rela.tbss .rela.tbss.* .rela.gnu.linkonce.tb.*)
 *(.rela.ctors)
 *(.rela.dtors)
 *(.rela.got)
 .rela.got      0x000000000000a448      0xc00 /usr/lib/gcc/x86_64-linux-gnu/11/../../../x86_64-linux-gnu/crti.o
 *(.rela.bss .rela.bss.* .rela.gnu.linkonce.b.*)
 *(.rela.ldata .rela.ldata.* .rela.gnu.linkonce.l.*)
 *(.rela.lbss .rela.lbss.* .rela.gnu.linkonce.lb.*)
 *(.rela.lrodata .rela.lrodata.* .rela.gnu.linkonce.lr.*)
 *(.rela.ifunc)
 .rela.ifunc    0x000000000000b048        0x0 /usr/lib/gcc/x86_64-linux-gnu/11/../../../x86_64-linux-gnu/crti.o
 .rela.fini_array
                0x000000000000b048       0x18 /usr/lib/gcc/x86_64-linux-gnu/11/../../../x86_64-linux-gnu/crti.o
 .rela.init_array
                0x000000000000b060       0x18 /usr/lib/gcc/x86_64-linux-gnu/11/../../../x86_64-linux-gnu/crti.o

.rela.plt       0x000000000000b078     0x2358
 *(.rela.plt)
 .rela.plt      0x000000000000b078     0x2358 /usr/lib/gcc/x86_64-linux-gnu/11/../../../x86_64-linux-gnu/crti.o
 *(.rela.iplt)

.relr.dyn
 *(.relr.dyn)
                0x000000000000e000                . = ALIGN (CONSTANT (MAXPAGESIZE))

.init           0x000000000000e000       0x1b
 *(SORT_NONE(.init))
 .init          0x000000000000e000       0x16 /usr/lib/gcc/x86_64-linux-gnu/11/../../../x86_64-linux-gnu/crti.o
                0x000000000000e000                _init
 .init          0x000000000000e016        0x5 /usr/lib/gcc/x86_64-linux-gnu/11/../../../x86_64-linux-gnu/crtn.o

.plt            0x000000000000e020     0x17a0
 *(.plt)
 .plt           0x000000000000e020     0x17a0 /usr/lib/gcc/x86_64-linux-gnu/11/../../../x86_64-linux-gnu/crti.o
 *(.iplt)

.plt.got        0x000000000000f7c0       0x30
 *(.plt.got)
 .plt.got       0x000000000000f7c0       0x30 /usr/lib/gcc/x86_64-linux-gnu/11/../../../x86_64-linux-gnu/crti.o

.plt.sec        0x000000000000f7f0     0x1790
 *(.plt.sec)
 .plt.sec       0x000000000000f7f0     0x1790 /usr/lib/gcc/x86_64-linux-gnu/11/../../../x86_64-linux-gnu/crti.o

.text           0x0000000000010f80    0x22525
 *(.text.unlikely .text.*_unlikely .text.unlikely.*)
 *(.text.exit .text.exit.*)
 *(.text.startup .text.startup.*)
 *(.text.hot .text.hot.*)
 *(SORT_BY_NAME(.text.sorted.*))
 *(.text .stub .text.* .gnu.linkonce.t.*)
 .text          0x0000000000010f80        0x0 /usr/lib/gcc/x86_64-linux-gnu/11/../../../x86_64-linux-gnu/crti.o
 .text          0x0000000000010f80       0xb9 /usr/lib/gcc/x86_64-linux-gnu/11/crtbeginS.o
 .text          0x0000000000011039     0x16a2 MQTT-sensor.o
                0x000000000001143b                jsonparse_setup
                0x0000000000011494                jsonparse_next
                0x000000000001189b                jsonparse_copy_value
                0x0000000000011a97                jsonparse_get_value_as_int
                0x0000000000011ad7                jsonparse_get_value_as_long
                0x0000000000011b17                jsonparse_strcmp_value
                0x0000000000011b73                jsonparse_get_len
                0x0000000000011b88                jsonparse_get_type
                0x0000000000011bc0                jsonparse_has_next
                0x0000000000011e9e                changeLEDColor
 .text          0x00000000000126db      0x374 build/cooja/mtype713555480.o
                0x0000000000012791                platform_init_stage_one
                0x00000000000127a6                platform_init_stage_two
                0x00000000000127bb                platform_init_stage_three
                0x00000000000127d0                platform_main_loop
                0x000000000001286a                JNI_OnLoad
                0x0000000000012881                Java_org_contikios_cooja_corecomm_Lib3_init
                0x00000000000128d4                Java_org_contikios_cooja_corecomm_Lib3_getMemory
                0x0000000000012933                Java_org_contikios_cooja_corecomm_Lib3_setMemory
                0x0000000000012992                Java_org_contikios_cooja_corecomm_Lib3_tick
                0x0000000000012a20                Java_org_contikios_cooja_corecomm_Lib3_setReferenceAddress
 .text          0x0000000000012a4f       0x93 build/cooja/contiki-ng-cooja.a(simEnvChange.o)
                0x0000000000012a4f                doActionsBeforeTick
                0x0000000000012a98                doActionsAfterTick
 .text          0x0000000000012ae2       0xab build/cooja/contiki-ng-cooja.a(cooja_mt.o)
                0x0000000000012ae2                cooja_mt_start
                0x0000000000012b22                cooja_mt_exec
                0x0000000000012b65                cooja_mt_yield
 .text          0x0000000000012b8d      0x10e build/cooja/contiki-ng-cooja.a(cooja_mtarch.o)
                0x0000000000012b8d                cooja_mtarch_start
                0x0000000000012c30                cooja_sw
                0x0000000000012c5d                cooja_mtarch_exec
                0x0000000000012c8b                cooja_mtarch_yield
 .text          0x0000000000012c9b       0xcc build/cooja/contiki-ng-cooja.a(rtimer-arch.o)
                0x0000000000012c9b                rtimer_arch_init
                0x0000000000012cc1                rtimer_arch_schedule
                0x0000000000012ceb                rtimer_arch_next
                0x0000000000012cff                rtimer_arch_pending
                0x0000000000012d12                rtimer_arch_check
                0x0000000000012d53                rtimer_arch_now
 .text          0x0000000000012d67       0xe6 build/cooja/contiki-ng-cooja.a(beep.o)
                0x0000000000012d67                beep_alarm
                0x0000000000012d82                beep_beep
                0x0000000000012d9a                beep
                0x0000000000012daf                beep_down
                0x0000000000012dc7                beep_on
                0x0000000000012ddc                beep_off
                0x0000000000012df1                beep_spinup
                0x0000000000012e06                beep_quick
                0x0000000000012e1e                beep_long
 .text          0x0000000000012e4d       0x80 build/cooja/contiki-ng-cooja.a(leds-arch.o)
                0x0000000000012e66                leds_arch_init
 .text          0x0000000000012ecd       0x41 build/cooja/contiki-ng-cooja.a(moteid.o)
 .text          0x0000000000012f0e       0xfa build/cooja/contiki-ng-cooja.a(pir-sensor.o)
 .text          0x0000000000013008      0x18b build/cooja/contiki-ng-cooja.a(rs232.o)
                0x0000000000013008                rs232_init
                0x0000000000013013                rs232_set_speed
                0x0000000000013023                rs232_set_input
                0x000000000001303d                rs232_send
                0x000000000001305c                rs232_print
                0x000000000001308a                slip_arch_writeb
 .text          0x0000000000013193       0xfa build/cooja/contiki-ng-cooja.a(vib-sensor.o)
 .text          0x000000000001328d       0x6f build/cooja/contiki-ng-cooja.a(clock.o)
                0x000000000001328d                clock_init
                0x0000000000013298                clock_time
                0x00000000000132ac                clock_seconds
                0x00000000000132d8                clock_delay
 .text          0x00000000000132fc      0x214 build/cooja/contiki-ng-cooja.a(cooja-log.o)
                0x00000000000132fc                simlog_char
                0x0000000000013356                simlog
                0x00000000000133db                log_message
                0x0000000000013420                log_set_putchar_with_slip
                0x0000000000013437                dbg_putchar
                0x00000000000134b8                dbg_send_bytes
 .text          0x0000000000013510      0x39b build/cooja/contiki-ng-cooja.a(cfs-cooja.o)
                0x0000000000013510                cfs_open
                0x000000000001358d                cfs_close
                0x00000000000135a2                cfs_read
                0x0000000000013669                cfs_write
                0x0000000000013779                cfs_seek
                0x0000000000013828                cfs_remove
                0x0000000000013858                cfs_opendir
                0x000000000001386f                cfs_readdir
                0x0000000000013886                cfs_closedir
 .text          0x00000000000138ab      0x79f build/cooja/contiki-ng-cooja.a(cooja-radio.o)
                0x000000000001390a                radio_set_channel
                0x0000000000013924                radio_set_txpower
                0x0000000000013941                radio_signal_strength_last
                0x0000000000013954                radio_signal_strength_current
                0x0000000000013967                radio_LQI
 .text          0x000000000001404a      0x163 build/cooja/contiki-ng-cooja.a(eeprom.o)
                0x000000000001404a                eeprom_init
                0x0000000000014059                eeprom_read
                0x00000000000140f8                eeprom_write
 .text          0x00000000000141ad       0x2f build/cooja/contiki-ng-cooja.a(random.o)
                0x00000000000141ad                random_init
                0x00000000000141cd                random_rand
 .text          0x00000000000141dc      0x35f build/cooja/contiki-ng-cooja.a(sensors.o)
                0x0000000000014225                sensors_first
                0x0000000000014239                sensors_next
                0x0000000000014268                sensors_changed
                0x00000000000142b5                sensors_find
 .text          0x000000000001453b      0x3ad build/cooja/contiki-ng-cooja.a(leds.o)
                0x000000000001453b                leds_init
                0x0000000000014586                leds_single_on
                0x00000000000145f3                leds_single_off
                0x0000000000014660                leds_single_toggle
                0x0000000000014698                leds_on
                0x0000000000014729                leds_off
                0x00000000000147ba                leds_toggle
                0x0000000000014816                leds_set
                0x000000000001483f                leds_get
 .text          0x00000000000148e8      0x41b build/cooja/contiki-ng-cooja.a(gpio-hal-arch.o)
                0x00000000000148e8                gpio_hal_arch_register_pin_callback
                0x000000000001498f                gpio_hal_arch_init
                0x00000000000149e5                gpio_hal_arch_no_port_interrupt_enable
                0x0000000000014a32                gpio_hal_arch_no_port_interrupt_disable
                0x0000000000014a7f                gpio_hal_arch_no_port_pin_cfg_set
                0x0000000000014ab5                gpio_hal_arch_no_port_pin_cfg_get
                0x0000000000014ae9                gpio_hal_arch_no_port_pin_set_input
                0x0000000000014afc                gpio_hal_arch_no_port_pin_set_output
                0x0000000000014b0f                gpio_hal_arch_no_port_set_pin
                0x0000000000014b33                gpio_hal_arch_no_port_clear_pin
                0x0000000000014b57                gpio_hal_arch_no_port_read_pin
                0x0000000000014b84                gpio_hal_arch_no_port_write_pin
                0x0000000000014bae                gpio_hal_arch_no_port_set_pins
                0x0000000000014bfd                gpio_hal_arch_no_port_clear_pins
                0x0000000000014c4c                gpio_hal_arch_no_port_read_pins
                0x0000000000014c9a                gpio_hal_arch_no_port_write_pins
 .text          0x0000000000014d03       0xa8 build/cooja/contiki-ng-cooja.a(buttons.o)
 .text          0x0000000000014dab     0x3e29 build/cooja/contiki-ng-cooja.a(mqtt.o)
                0x000000000001524c                mqtt_decode_var_byte_int
                0x0000000000015351                mqtt_encode_var_byte_int
                0x000000000001843c                mqtt_init
                0x0000000000018516                mqtt_register
                0x00000000000185de                mqtt_connect
                0x000000000001871e                mqtt_disconnect
                0x000000000001876f                mqtt_subscribe
                0x0000000000018878                mqtt_unsubscribe
                0x0000000000018971                mqtt_publish
                0x0000000000018aac                mqtt_set_username_password
                0x0000000000018b5d                mqtt_set_last_will
 .text          0x0000000000018bd4      0x400 build/cooja/contiki-ng-cooja.a(contiki-main.o)
                0x0000000000018bd4                main
 .text          0x0000000000018fd4       0xbd build/cooja/contiki-ng-cooja.a(autostart.o)
                0x0000000000018fd4                autostart_start
                0x0000000000019035                autostart_exit
 .text          0x0000000000019091      0x441 build/cooja/contiki-ng-cooja.a(ctimer.o)
                0x00000000000191f3                ctimer_init
                0x0000000000019228                ctimer_set
                0x000000000001926c                ctimer_set_with_process
                0x0000000000019326                ctimer_reset
                0x0000000000019397                ctimer_restart
                0x0000000000019408                ctimer_stop
                0x0000000000019466                ctimer_expired
 .text          0x00000000000194d2       0x25 build/cooja/contiki-ng-cooja.a(energest.o)
                0x00000000000194d2                energest_init
                0x00000000000194dd                energest_flush
                0x00000000000194e8                energest_get_total_time
 .text          0x00000000000194f7      0x57c build/cooja/contiki-ng-cooja.a(etimer.o)
                0x000000000001979f                etimer_request_poll
                0x0000000000019851                etimer_set
                0x0000000000019887                etimer_reset_with_new_interval
                0x00000000000198c2                etimer_reset
                0x00000000000198ed                etimer_restart
                0x0000000000019918                etimer_adjust
                0x0000000000019949                etimer_expired
                0x0000000000019968                etimer_expiration_time
                0x0000000000019988                etimer_start_time
                0x000000000001999d                etimer_pending
                0x00000000000199b7                etimer_next_expiration_time
                0x00000000000199d8                etimer_stop
 .text          0x0000000000019a73      0x539 build/cooja/contiki-ng-cooja.a(log.o)
                0x0000000000019a73                log_6addr
                0x0000000000019ad9                log_6addr_compact_snprint
                0x0000000000019bb4                log_6addr_compact
                0x0000000000019c1a                log_lladdr
                0x0000000000019c9a                log_lladdr_compact
                0x0000000000019d1c                log_bytes
                0x0000000000019d7c                log_set_level
                0x0000000000019e8a                log_get_level
                0x0000000000019f41                log_level_to_str
 .text          0x0000000000019fac       0x36 build/cooja/contiki-ng-cooja.a(node-id.o)
                0x0000000000019fac                node_id_init
 .text          0x0000000000019fe2      0x673 build/cooja/contiki-ng-cooja.a(process.o)
                0x0000000000019fe2                process_alloc_event
                0x0000000000019ffc                process_start
                0x000000000001a26c                process_exit
                0x000000000001a298                process_init
                0x000000000001a48f                process_run
                0x000000000001a4c4                process_nevents
                0x000000000001a4e4                process_post
                0x000000000001a5ac                process_post_synch
                0x000000000001a5fa                process_poll
                0x000000000001a637                process_is_running
 .text          0x000000000001a655      0x101 build/cooja/contiki-ng-cooja.a(rtimer.o)
                0x000000000001a655                rtimer_init
                0x000000000001a665                rtimer_set
                0x000000000001a6e6                rtimer_run_next
 .text          0x000000000001a756       0xfd build/cooja/contiki-ng-cooja.a(timer.o)
                0x000000000001a756                timer_set
                0x000000000001a785                timer_reset
                0x000000000001a7c1                timer_restart
                0x000000000001a7e0                timer_expired
                0x000000000001a81b                timer_remaining
 .text          0x000000000001a853      0x39b build/cooja/contiki-ng-cooja.a(list.o)
                0x000000000001a853                list_init
                0x000000000001a86d                list_head
                0x000000000001a882                list_copy
                0x000000000001a8a3                list_tail
                0x000000000001a8ec                list_add
                0x000000000001a950                list_push
                0x000000000001a993                list_chop
                0x000000000001aa20                list_pop
                0x000000000001aa5a                list_remove
                0x000000000001aae6                list_length
                0x000000000001ab21                list_insert
                0x000000000001ab84                list_item_next
                0x000000000001aba7                list_contains
 .text          0x000000000001abee      0x574 build/cooja/contiki-ng-cooja.a(button-hal.o)
                0x000000000001adb9                button_hal_get_by_id
                0x000000000001ae07                button_hal_get_by_index
                0x000000000001ae3e                button_hal_get_state
                0x000000000001aea1                button_hal_init
 .text          0x000000000001b162      0x181 build/cooja/contiki-ng-cooja.a(gpio-hal.o)
                0x000000000001b162                gpio_hal_register_handler
                0x000000000001b18b                gpio_hal_event_handler
                0x000000000001b1f6                gpio_hal_init
                0x000000000001b215                gpio_hal_arch_port_toggle_pin
                0x000000000001b24c                gpio_hal_arch_port_toggle_pins
                0x000000000001b27d                gpio_hal_arch_no_port_toggle_pin
                0x000000000001b2b7                gpio_hal_arch_no_port_toggle_pins
 .text          0x000000000001b2e3      0x238 build/cooja/contiki-ng-cooja.a(serial-line.o)
                0x000000000001b2e3                serial_line_input_byte
                0x000000000001b4de                serial_line_init
 .text          0x000000000001b51b       0x80 build/cooja/contiki-ng-cooja.a(linkaddr.o)
                0x000000000001b51b                linkaddr_copy
                0x000000000001b53c                linkaddr_cmp
                0x000000000001b572                linkaddr_set_node_addr
 .text          0x000000000001b59b      0x12b build/cooja/contiki-ng-cooja.a(netstack.o)
                0x000000000001b59b                netstack_process_ip_callback
                0x000000000001b63c                netstack_ip_packet_processor_add
                0x000000000001b66c                uip_ds6_ip_packet_processor_rm
                0x000000000001b695                netstack_init
 .text          0x000000000001b6c6      0x4a8 build/cooja/contiki-ng-cooja.a(packetbuf.o)
                0x000000000001b6c6                packetbuf_clear
                0x000000000001b6f4                packetbuf_copyfrom
                0x000000000001b74d                packetbuf_copyto
                0x000000000001b7f3                packetbuf_hdralloc
                0x000000000001b882                packetbuf_hdrreduce
                0x000000000001b8d2                packetbuf_set_datalen
                0x000000000001b8ee                packetbuf_dataptr
                0x000000000001b913                packetbuf_hdrptr
                0x000000000001b924                packetbuf_datalen
                0x000000000001b935                packetbuf_hdrlen
                0x000000000001b951                packetbuf_totlen
                0x000000000001b973                packetbuf_remaininglen
                0x000000000001b98b                packetbuf_attr_clear
                0x000000000001b9f0                packetbuf_attr_copyto
                0x000000000001ba3b                packetbuf_attr_copyfrom
                0x000000000001ba86                packetbuf_set_attr
                0x000000000001bab6                packetbuf_attr
                0x000000000001bad7                packetbuf_set_addr
                0x000000000001bb1d                packetbuf_addr
                0x000000000001bb47                packetbuf_holds_broadcast
 .text          0x000000000001bb6e      0x382 build/cooja/contiki-ng-cooja.a(queuebuf.o)
                0x000000000001bb83                queuebuf_init
                0x000000000001bbac                queuebuf_numfree
                0x000000000001bbc5                queuebuf_new_from_packetbuf
                0x000000000001bc78                queuebuf_update_attr_from_packetbuf
                0x000000000001bcbb                queuebuf_update_from_packetbuf
                0x000000000001bd17                queuebuf_free
                0x000000000001bd73                queuebuf_to_packetbuf
                0x000000000001bdec                queuebuf_dataptr
                0x000000000001be33                queuebuf_datalen
                0x000000000001be63                queuebuf_addr
                0x000000000001beaa                queuebuf_attr
                0x000000000001bee5                queuebuf_debug_print
 .text          0x000000000001bef0      0x116 build/cooja/contiki-ng-cooja.a(printf.o)
                0x000000000001bf25                log_printf
 .text          0x000000000001c006       0x1e build/cooja/contiki-ng-cooja.a(putchar.o)
                0x000000000001c006                log_putchar
 .text          0x000000000001c024       0x3d build/cooja/contiki-ng-cooja.a(puts.o)
                0x000000000001c024                log_puts
 .text          0x000000000001c061      0x1f8 build/cooja/contiki-ng-cooja.a(snprintf.o)
                0x000000000001c0ec                log_snprintf
                0x000000000001c1d1                log_vsnprintf
 .text          0x000000000001c259      0x152 build/cooja/contiki-ng-cooja.a(sprintf.o)
                0x000000000001c2a4                log_sprintf
 .text          0x000000000001c3ab     0x170b build/cooja/contiki-ng-cooja.a(strformat.o)
                0x000000000001c71e                format_str
                0x000000000001c7ff                format_str_v
 .text          0x000000000001dab6      0x292 build/cooja/contiki-ng-cooja.a(csma.o)
 .text          0x000000000001dd48     0x3747 build/cooja/contiki-ng-cooja.a(sicslowpan.o)
                0x000000000001e51e                netstack_sniffer_add
                0x000000000001e538                netstack_sniffer_remove
                0x0000000000021458                sicslowpan_init
                0x000000000002147f                sicslowpan_get_last_rssi
 .text          0x000000000002148f      0xbaa build/cooja/contiki-ng-cooja.a(tcp-socket.o)
                0x0000000000021bc8                tcp_socket_register
                0x0000000000021c90                tcp_socket_connect
                0x0000000000021d4d                tcp_socket_listen
                0x0000000000021dda                tcp_socket_unlisten
                0x0000000000021e66                tcp_socket_send
                0x0000000000021f23                tcp_socket_send_str
                0x0000000000021f5a                tcp_socket_close
                0x0000000000021f8f                tcp_socket_unregister
                0x0000000000021ff8                tcp_socket_max_sendlen
                0x0000000000022020                tcp_socket_queuelen
 .text          0x0000000000022039      0xc96 build/cooja/contiki-ng-cooja.a(tcpip.o)
                0x0000000000022069                tcpip_output
                0x000000000002216b                tcp_connect
                0x00000000000221d2                tcp_unlisten
                0x0000000000022242                tcp_listen
                0x00000000000222ae                tcp_attach
                0x00000000000222dc                udp_attach
                0x000000000002230a                udp_new
                0x0000000000022365                udp_broadcast_new
                0x0000000000022678                tcpip_input
                0x0000000000022850                tcpip_ipv6_output
                0x0000000000022aa9                tcpip_poll_udp
                0x0000000000022ad7                tcpip_poll_tcp
                0x0000000000022b05                tcpip_uipcall
 .text          0x0000000000022ccf      0x416 build/cooja/contiki-ng-cooja.a(uip-ds6-nbr.o)
                0x0000000000022ccf                uip_ds6_neighbors_init
                0x0000000000022cf8                uip_ds6_nbr_add
                0x0000000000022d96                uip_ds6_nbr_rm
                0x0000000000022df3                uip_ds6_nbr_update_ll
                0x0000000000022ef8                uip_ds6_nbr_get_ipaddr
                0x0000000000022f18                uip_ds6_nbr_get_ll
                0x0000000000022f40                uip_ds6_nbr_num
                0x0000000000022f92                uip_ds6_nbr_head
                0x0000000000022fab                uip_ds6_nbr_next
                0x0000000000022fd3                uip_ds6_nbr_lookup
                0x000000000002303c                uip_ds6_nbr_ll_lookup
                0x0000000000023064                uip_ds6_nbr_ipaddr_from_lladdr
                0x0000000000023098                uip_ds6_nbr_lladdr_from_ipaddr
                0x00000000000230d4                uip_ds6_link_callback
 .text          0x00000000000230e5      0x3f9 build/cooja/contiki-ng-cooja.a(uip-ds6-route.o)
                0x000000000002313c                uip_ds6_route_init
                0x0000000000023165                uip_ds6_route_count_nexthop_neighbors
                0x0000000000023174                uip_ds6_route_nexthop
                0x0000000000023187                uip_ds6_route_head
                0x0000000000023196                uip_ds6_route_next
                0x00000000000231a9                uip_ds6_route_is_nexthop
                0x00000000000231bc                uip_ds6_route_num_routes
                0x00000000000231cb                uip_ds6_route_lookup
                0x00000000000231de                uip_ds6_route_add
                0x00000000000231fa                uip_ds6_route_rm
                0x0000000000023209                uip_ds6_route_rm_by_nexthop
                0x0000000000023218                uip_ds6_defrt_head
                0x0000000000023231                uip_ds6_defrt_add
                0x00000000000232f1                uip_ds6_defrt_rm
                0x0000000000023367                uip_ds6_defrt_lookup
                0x00000000000233de                uip_ds6_defrt_choose
                0x0000000000023461                uip_ds6_defrt_periodic
 .text          0x00000000000234de      0xebc build/cooja/contiki-ng-cooja.a(uip-ds6.o)
                0x00000000000234de                uip_ds6_default_prefix
                0x00000000000234ef                uip_ds6_set_default_prefix
                0x0000000000023517                uip_ds6_init
                0x00000000000237b6                uip_ds6_periodic
                0x0000000000023858                uip_ds6_list_loop
                0x0000000000023941                uip_ds6_prefix_add
                0x0000000000023a12                uip_ds6_prefix_rm
                0x0000000000023a30                uip_ds6_prefix_lookup
                0x0000000000023a87                uip_ds6_is_addr_onlink
                0x0000000000023b1b                uip_ds6_addr_add
                0x0000000000023c66                uip_ds6_addr_rm
                0x0000000000023d21                uip_ds6_addr_lookup
                0x0000000000023d76                uip_ds6_get_link_local
                0x0000000000023e1b                uip_ds6_get_global
                0x0000000000023ec0                uip_ds6_maddr_add
                0x0000000000023f3c                uip_ds6_maddr_rm
                0x0000000000023f5a                uip_ds6_maddr_lookup
                0x0000000000023fb2                uip_ds6_aaddr_add
                0x000000000002402e                uip_ds6_aaddr_rm
                0x000000000002404c                uip_ds6_aaddr_lookup
                0x00000000000240a4                uip_ds6_select_src
                0x000000000002422e                uip_ds6_set_addr_iid
                0x0000000000024267                uip_ds6_set_lladdr_from_iid
                0x000000000002429e                get_match_length
                0x000000000002434c                uip_ds6_compute_reachable_time
 .text          0x000000000002439a      0x1b9 build/cooja/contiki-ng-cooja.a(uip-packetqueue.o)
                0x00000000000243d9                uip_packetqueue_new
                0x00000000000243f3                uip_packetqueue_alloc
                0x000000000002446d                uip_packetqueue_free
                0x00000000000244c5                uip_packetqueue_buf
                0x00000000000244f1                uip_packetqueue_buflen
                0x0000000000024520                uip_packetqueue_set_buflen
 .text          0x0000000000024553     0x3915 build/cooja/contiki-ng-cooja.a(uip6.o)
                0x0000000000024553                uip_add32
                0x000000000002475d                uip_chksum
                0x0000000000024843                uip_icmp6chksum
                0x0000000000024857                uip_tcpchksum
                0x000000000002486b                uip_udpchksum
                0x000000000002487f                uip_init
                0x0000000000024944                uip_connect
                0x0000000000024aee                uip_remove_ext_hdr
                0x0000000000024bef                uip_udp_new
                0x0000000000024d5b                uip_unlisten
                0x0000000000024daa                uip_listen
                0x00000000000250cc                uip_process
                0x0000000000027cee                uip_htons
                0x0000000000027d11                uip_htonl
                0x0000000000027d59                uip_send
 .text          0x0000000000027e68      0x5b1 build/cooja/contiki-ng-cooja.a(uipbuf.o)
                0x0000000000027e68                uipbuf_clear
                0x0000000000027e9a                uipbuf_add_ext_hdr
                0x0000000000027f32                uipbuf_set_len
                0x0000000000027f64                uipbuf_set_len_field
                0x0000000000027f97                uipbuf_get_len_field
                0x0000000000027fc2                uipbuf_get_next_header
                0x0000000000028134                uipbuf_get_last_header
                0x00000000000281c7                uipbuf_search_header
                0x000000000002828e                uipbuf_get_attr
                0x00000000000282bf                uipbuf_set_attr
                0x00000000000282ff                uipbuf_set_default_attr
                0x000000000002833f                uipbuf_clear_attr
                0x0000000000028366                uipbuf_set_attr_flag
                0x0000000000028389                uipbuf_clr_attr_flag
                0x00000000000283b2                uipbuf_is_attr_flag
                0x00000000000283d7                uipbuf_init
 .text          0x0000000000028419      0x57d build/cooja/contiki-ng-cooja.a(uiplib.o)
                0x0000000000028419                uiplib_ip6addrconv
                0x00000000000285f5                uiplib_ip4addrconv
                0x00000000000286c7                uiplib_ipaddr_print
                0x000000000002872d                uiplib_ipaddr_snprint
 .text          0x0000000000028996      0x66e build/cooja/contiki-ng-cooja.a(rpl.o)
                0x0000000000028996                rpl_lollipop_greater_than
                0x00000000000289fa                rpl_get_global_address
                0x0000000000028b9a                rpl_link_callback
                0x0000000000028c04                rpl_has_joined
                0x0000000000028c37                rpl_is_reachable
                0x0000000000028cdd                rpl_reset_prefix
                0x0000000000028d54                rpl_set_prefix_from_addr
                0x0000000000028e6f                rpl_set_prefix
                0x0000000000028fd9                rpl_set_leaf_only
                0x0000000000028ff3                rpl_get_leaf_only
 .text          0x0000000000029004       0x49 build/cooja/contiki-ng-cooja.a(watchdog.o)
                0x0000000000029004                watchdog_init
                0x000000000002900f                watchdog_start
                0x000000000002901a                watchdog_periodic
                0x0000000000029037                watchdog_stop
                0x0000000000029042                watchdog_reboot
 .text          0x000000000002904d       0x61 build/cooja/contiki-ng-cooja.a(int-master.o)
                0x000000000002904d                int_master_enable
                0x0000000000029062                int_master_read_and_disable
                0x0000000000029082                int_master_status_set
                0x0000000000029099                int_master_is_enabled
 .text          0x00000000000290ae      0x125 build/cooja/contiki-ng-cooja.a(stimer.o)
                0x00000000000290ae                stimer_set
                0x00000000000290dd                stimer_reset
                0x0000000000029119                stimer_restart
                0x0000000000029138                stimer_expired
                0x000000000002917a                stimer_remaining
                0x00000000000291b2                stimer_elapsed
 .text          0x00000000000291d3      0x21a build/cooja/contiki-ng-cooja.a(memb.o)
                0x00000000000291d3                memb_init
                0x0000000000029236                memb_alloc
                0x00000000000292b0                memb_free
                0x0000000000029343                memb_inmemb
                0x000000000002939a                memb_numfree
 .text          0x00000000000293ed      0x19d build/cooja/contiki-ng-cooja.a(ringbuf.o)
                0x00000000000293ed                ringbuf_init
                0x000000000002942e                ringbuf_put
                0x00000000000294bd                ringbuf_get
                0x000000000002953b                ringbuf_size
                0x0000000000029557                ringbuf_elements
 .text          0x000000000002958a      0x481 build/cooja/contiki-ng-cooja.a(link-stats.o)
                0x000000000002958a                link_stats_from_lladdr
                0x00000000000295b2                link_stats_get_lladdr
                0x00000000000295da                link_stats_is_fresh
                0x0000000000029622                guess_etx_from_rssi
                0x00000000000296a7                link_stats_packet_sent
                0x000000000002980b                link_stats_input_callback
                0x000000000002996d                link_stats_reset
                0x00000000000299c9                link_stats_init
 .text          0x0000000000029a0b      0xcb3 build/cooja/contiki-ng-cooja.a(nbr-table.o)
                0x0000000000029e69                nbr_table_count_entries
                0x0000000000029f0b                nbr_table_gc_get_worst
                0x0000000000029f4e                nbr_table_can_accept_new
                0x000000000002a103                nbr_table_entry_is_allowed
                0x000000000002a1b0                nbr_table_register
                0x000000000002a242                nbr_table_is_registered
                0x000000000002a299                nbr_table_head
                0x000000000002a307                nbr_table_next
                0x000000000002a384                nbr_table_add_lladdr
                0x000000000002a4e4                nbr_table_get_from_lladdr
                0x000000000002a543                nbr_table_remove
                0x000000000002a59d                nbr_table_lock
                0x000000000002a5d2                nbr_table_unlock
                0x000000000002a607                nbr_table_get_lladdr
                0x000000000002a64a                nbr_table_clear
                0x000000000002a687                nbr_table_key_head
                0x000000000002a6a0                nbr_table_key_next
 .text          0x000000000002a6be      0x1e0 build/cooja/contiki-ng-cooja.a(mac-sequence.o)
                0x000000000002a6be                mac_sequence_is_duplicate
                0x000000000002a79f                mac_sequence_register_seqno
 .text          0x000000000002a89e      0x451 build/cooja/contiki-ng-cooja.a(framer-802154.o)
                0x000000000002aa39                framer_802154_setup_params
 .text          0x000000000002acef      0xae3 build/cooja/contiki-ng-cooja.a(csma-output.o)
                0x000000000002b4d1                csma_output_packet
                0x000000000002b79a                csma_output_init
 .text          0x000000000002b7d2       0x3d build/cooja/contiki-ng-cooja.a(csma-security.o)
                0x000000000002b7d2                csma_security_create_frame
                0x000000000002b7f8                csma_security_parse_frame
 .text          0x000000000002b80f      0x8b7 build/cooja/contiki-ng-cooja.a(uip-icmp6.o)
                0x000000000002b88c                uip_icmp6_input
                0x000000000002b8ea                uip_icmp6_register_input_handler
                0x000000000002ba7c                uip_icmp6_error_output
                0x000000000002bde1                uip_icmp6_send
                0x000000000002c02d                uip_icmp6_echo_reply_callback_add
                0x000000000002c074                uip_icmp6_echo_reply_callback_rm
                0x000000000002c09d                uip_icmp6_init
 .text          0x000000000002c0c6      0x87f build/cooja/contiki-ng-cooja.a(uip-nd6.o)
                0x000000000002c92b                uip_nd6_init
 .text          0x000000000002c945      0x7e7 build/cooja/contiki-ng-cooja.a(uip-sr.o)
                0x000000000002c945                uip_sr_num_nodes
                0x000000000002c9f0                uip_sr_get_node
                0x000000000002ca58                uip_sr_is_addr_reachable
                0x000000000002cb20                uip_sr_expire_parent
                0x000000000002cb8f                uip_sr_update_node
                0x000000000002cd03                uip_sr_init
                0x000000000002cd36                uip_sr_node_head
                0x000000000002cd4f                uip_sr_node_next
                0x000000000002cd6d                uip_sr_periodic
                0x000000000002cea9                uip_sr_free_all
                0x000000000002cf28                uip_sr_link_snprint
 .text          0x000000000002d12c      0x35a build/cooja/contiki-ng-cooja.a(rpl-dag-root.o)
                0x000000000002d12c                rpl_dag_root_print_links
                0x000000000002d2a1                rpl_dag_root_set_prefix
                0x000000000002d2dd                rpl_dag_root_start
                0x000000000002d446                rpl_dag_root_is_root
 .text          0x000000000002d486     0x1219 build/cooja/contiki-ng-cooja.a(rpl-dag.o)
                0x000000000002d486                rpl_dag_state_to_str
                0x000000000002d4e4                rpl_dag_get_root_ipaddr
                0x000000000002d52e                rpl_dag_leave
                0x000000000002d5d9                rpl_dag_poison_and_leave
                0x000000000002d5f7                rpl_dag_periodic
                0x000000000002d6bb                rpl_is_addr_in_our_dag
                0x000000000002d717                rpl_get_default_instance
                0x000000000002d73e                rpl_get_any_dag
                0x000000000002d7ab                rpl_refresh_routes
                0x000000000002d80d                rpl_global_repair
                0x000000000002d8cf                rpl_local_repair
                0x000000000002d931                rpl_dag_ready_to_advertise
                0x000000000002d989                rpl_dag_update_state
                0x000000000002e24c                rpl_process_dio
                0x000000000002e2ee                rpl_process_dis
                0x000000000002e342                rpl_process_dao
                0x000000000002e3eb                rpl_process_dao_ack
                0x000000000002e49b                rpl_process_hbh
                0x000000000002e4fa                rpl_dag_init_root
                0x000000000002e67b                rpl_dag_init
 .text          0x000000000002e69f      0xdef build/cooja/contiki-ng-cooja.a(rpl-ext-header.o)
                0x000000000002e69f                rpl_ext_header_srh_get_next_hop
                0x000000000002e7b0                rpl_ext_header_srh_update
                0x000000000002ee3f                rpl_ext_header_hbh_update
                0x000000000002f1df                rpl_ext_header_update
                0x000000000002f289                rpl_ext_header_remove
 .text          0x000000000002f48e     0x16eb build/cooja/contiki-ng-cooja.a(rpl-icmp6.o)
                0x000000000002f622                rpl_icmp6_update_nbr_table
                0x000000000002f6d7                rpl_icmp6_dis_output
                0x000000000002fdfb                rpl_icmp6_dio_output
                0x000000000003072b                rpl_icmp6_dao_output
                0x0000000000030a9c                rpl_icmp6_dao_ack_output
                0x0000000000030b32                rpl_icmp6_init
 .text          0x0000000000030b79      0x36f build/cooja/contiki-ng-cooja.a(rpl-mrhof.o)
 .text          0x0000000000030ee8       0x8c build/cooja/contiki-ng-cooja.a(rpl-nbr-policy.o)
                0x0000000000030f30                rpl_nbr_gc_get_worst
 .text          0x0000000000030f74      0xadd build/cooja/contiki-ng-cooja.a(rpl-neighbor.o)
                0x0000000000031007                rpl_neighbor_snprint
                0x0000000000031335                rpl_neighbor_print_list
                0x000000000003140c                rpl_neighbor_count
                0x00000000000314f7                rpl_neighbor_get_from_lladdr
                0x0000000000031522                rpl_neighbor_is_acceptable_parent
                0x000000000003156e                rpl_neighbor_get_link_metric
                0x00000000000315ba                rpl_neighbor_rank_via_nbr
                0x0000000000031606                rpl_neighbor_get_lladdr
                0x0000000000031631                rpl_neighbor_get_ipaddr
                0x000000000003165f                rpl_neighbor_get_link_stats
                0x000000000003168d                rpl_neighbor_is_fresh
                0x00000000000316bb                rpl_neighbor_is_parent
                0x00000000000316f4                rpl_neighbor_set_preferred_parent
                0x00000000000317ab                rpl_neighbor_remove_all
                0x0000000000031811                rpl_neighbor_get_from_ipaddr
                0x000000000003194a                rpl_neighbor_select_best
                0x0000000000031a2a                rpl_neighbor_init
 .text          0x0000000000031a51      0xd3d build/cooja/contiki-ng-cooja.a(rpl-timers.o)
                0x0000000000031a51                rpl_timers_schedule_periodic_dis
                0x0000000000031c07                rpl_timers_dio_reset
                0x0000000000031d8b                rpl_timers_schedule_unicast_dio
                0x0000000000031f72                rpl_timers_schedule_dao
                0x0000000000032078                rpl_timers_schedule_dao_ack
                0x000000000003213d                rpl_timers_notify_dao_ack
                0x00000000000321b2                get_probing_delay
                0x00000000000321f9                get_probing_target
                0x0000000000032437                rpl_schedule_probing
                0x000000000003247e                rpl_schedule_probing_now
                0x000000000003250c                rpl_timers_unschedule_leaving
                0x0000000000032556                rpl_timers_schedule_leaving
                0x00000000000325b4                rpl_timers_init
                0x0000000000032666                rpl_timers_stop_dag_timers
                0x0000000000032708                rpl_timers_unschedule_state_update
                0x0000000000032735                rpl_timers_schedule_state_update
 .text          0x000000000003278e       0x34 build/cooja/contiki-ng-cooja.a(assert.o)
                0x000000000003278e                _xassert
 .text          0x00000000000327c2       0x3a build/cooja/contiki-ng-cooja.a(mac.o)
                0x00000000000327c2                mac_call_sent_callback
 .text          0x00000000000327fc      0xca9 build/cooja/contiki-ng-cooja.a(frame802154.o)
                0x000000000003282a                frame802154_get_pan_id
                0x000000000003283b                frame802154_set_pan_id
                0x0000000000032857                frame802154_has_panid
                0x0000000000032a36                frame802154_check_dest_panid
                0x0000000000032ad4                frame802154_is_broadcast_addr
                0x0000000000032b2b                frame802154_extract_linkaddr
                0x0000000000032dc5                frame802154_hdrlen
                0x0000000000032e44                frame802154_create_fcf
                0x0000000000032f16                frame802154_create
                0x00000000000330c0                frame802154_parse_fcf
                0x00000000000331b7                frame802154_parse
 .text          0x00000000000334a5        0x0 /usr/lib/gcc/x86_64-linux-gnu/11/crtendS.o
 .text          0x00000000000334a5        0x0 /usr/lib/gcc/x86_64-linux-gnu/11/../../../x86_64-linux-gnu/crtn.o
 *(.gnu.warning)

.fini           0x00000000000334a8        0xd
 *(SORT_NONE(.fini))
 .fini          0x00000000000334a8        0x8 /usr/lib/gcc/x86_64-linux-gnu/11/../../../x86_64-linux-gnu/crti.o
                0x00000000000334a8                _fini
 .fini          0x00000000000334b0        0x5 /usr/lib/gcc/x86_64-linux-gnu/11/../../../x86_64-linux-gnu/crtn.o
                [!provide]                        PROVIDE (__etext = .)
                [!provide]                        PROVIDE (_etext = .)
                [!provide]                        PROVIDE (etext = .)
                0x0000000000034000                . = ALIGN (CONSTANT (MAXPAGESIZE))
                0x0000000000034000                . = SEGMENT_START ("rodata-segment", (ALIGN (CONSTANT (MAXPAGESIZE)) + (. & (CONSTANT (MAXPAGESIZE) - 0x1))))

.rodata         0x0000000000034000      0xffd
 *(.rodata .rodata.* .gnu.linkonce.r.*)
 .rodata        0x0000000000034000      0x527 MQTT-sensor.o
 .rodata        0x0000000000034527        0x6 build/cooja/contiki-ng-cooja.a(leds-arch.o)
                0x0000000000034527                leds_arch_leds
 .rodata        0x000000000003452d        0x4 build/cooja/contiki-ng-cooja.a(pir-sensor.o)
 .rodata        0x0000000000034531        0x3 build/cooja/contiki-ng-cooja.a(rs232.o)
 .rodata        0x0000000000034534        0xa build/cooja/contiki-ng-cooja.a(vib-sensor.o)
 *fill*         0x000000000003453e        0x2 
 .rodata        0x0000000000034540       0x26 build/cooja/contiki-ng-cooja.a(cfs-cooja.o)
 *fill*         0x0000000000034566        0x2 
 .rodata        0x0000000000034568       0x68 build/cooja/contiki-ng-cooja.a(cooja-radio.o)
 .rodata        0x00000000000345d0        0x8 build/cooja/contiki-ng-cooja.a(sensors.o)
 .rodata        0x00000000000345d8       0x14 build/cooja/contiki-ng-cooja.a(buttons.o)
                0x00000000000345e4                button_hal_button_count
 .rodata        0x00000000000345ec      0x29c build/cooja/contiki-ng-cooja.a(mqtt.o)
 .rodata        0x0000000000034888       0xf4 build/cooja/contiki-ng-cooja.a(contiki-main.o)
 .rodata        0x000000000003497c        0xf build/cooja/contiki-ng-cooja.a(ctimer.o)
 .rodata        0x000000000003498b        0xc build/cooja/contiki-ng-cooja.a(etimer.o)
 *fill*         0x0000000000034997        0x1 
 .rodata        0x0000000000034998       0xc0 build/cooja/contiki-ng-cooja.a(log.o)
 .rodata        0x0000000000034a58       0x13 build/cooja/contiki-ng-cooja.a(button-hal.o)
 .rodata        0x0000000000034a6b        0xe build/cooja/contiki-ng-cooja.a(serial-line.o)
 *fill*         0x0000000000034a79        0x7 
 .rodata        0x0000000000034a80        0x8 build/cooja/contiki-ng-cooja.a(linkaddr.o)
                0x0000000000034a80                linkaddr_null
 *fill*         0x0000000000034a88        0x8 
 .rodata        0x0000000000034a90      0x280 build/cooja/contiki-ng-cooja.a(strformat.o)
 .rodata        0x0000000000034d10        0x5 build/cooja/contiki-ng-cooja.a(csma.o)
 .rodata        0x0000000000034d15       0x1d build/cooja/contiki-ng-cooja.a(sicslowpan.o)
                0x0000000000034d15                unc_llconf
                0x0000000000034d19                unc_ctxconf
                0x0000000000034d1d                unc_mxconf
                0x0000000000034d21                llprefix
 .rodata        0x0000000000034d32       0x13 build/cooja/contiki-ng-cooja.a(tcp-socket.o)
 .rodata        0x0000000000034d45        0xd build/cooja/contiki-ng-cooja.a(tcpip.o)
 *fill*         0x0000000000034d52        0x6 
 .rodata        0x0000000000034d58       0x4c build/cooja/contiki-ng-cooja.a(uip-ds6-route.o)
 .rodata        0x0000000000034da4       0x48 build/cooja/contiki-ng-cooja.a(uip6.o)
 .rodata        0x0000000000034dec       0x2d build/cooja/contiki-ng-cooja.a(uiplib.o)
 .rodata        0x0000000000034e19        0x9 build/cooja/contiki-ng-cooja.a(rpl.o)
 *fill*         0x0000000000034e22        0x6 
 .rodata        0x0000000000034e28       0x27 build/cooja/contiki-ng-cooja.a(csma-output.o)
 .rodata        0x0000000000034e4f       0x44 build/cooja/contiki-ng-cooja.a(uip-sr.o)
 .rodata        0x0000000000034e93       0xd7 build/cooja/contiki-ng-cooja.a(rpl-dag.o)
 *fill*         0x0000000000034f6a        0x6 
 .rodata        0x0000000000034f70       0x58 build/cooja/contiki-ng-cooja.a(rpl-neighbor.o)
 .rodata        0x0000000000034fc8        0xc build/cooja/contiki-ng-cooja.a(rpl-timers.o)
 *fill*         0x0000000000034fd4        0x4 
 .rodata        0x0000000000034fd8       0x25 build/cooja/contiki-ng-cooja.a(assert.o)

.rodata1
 *(.rodata1)

.eh_frame_hdr   0x0000000000035000     0x1984
 *(.eh_frame_hdr)
 .eh_frame_hdr  0x0000000000035000     0x1984 MQTT-sensor.o
                0x0000000000035000                __GNU_EH_FRAME_HDR
 *(.eh_frame_entry .eh_frame_entry.*)

.eh_frame       0x0000000000036988     0x6678
 *(.eh_frame)
 .eh_frame      0x0000000000036988       0x40 /usr/lib/gcc/x86_64-linux-gnu/11/../../../x86_64-linux-gnu/crti.o
 .eh_frame      0x00000000000369c8       0x18 /usr/lib/gcc/x86_64-linux-gnu/11/../../../x86_64-linux-gnu/crti.o
                                         0x30 (size before relaxing)
 .eh_frame      0x00000000000369e0       0x18 /usr/lib/gcc/x86_64-linux-gnu/11/../../../x86_64-linux-gnu/crti.o
                                         0x30 (size before relaxing)
 .eh_frame      0x00000000000369f8      0x2e8 MQTT-sensor.o
                                        0x300 (size before relaxing)
 .eh_frame      0x0000000000036ce0      0x198 build/cooja/mtype713555480.o
                                        0x1b0 (size before relaxing)
 .eh_frame      0x0000000000036e78       0x40 build/cooja/contiki-ng-cooja.a(simEnvChange.o)
                                         0x58 (size before relaxing)
 .eh_frame      0x0000000000036eb8       0x60 build/cooja/contiki-ng-cooja.a(cooja_mt.o)
                                         0x78 (size before relaxing)
 .eh_frame      0x0000000000036f18       0x80 build/cooja/contiki-ng-cooja.a(cooja_mtarch.o)
                                         0x98 (size before relaxing)
 .eh_frame      0x0000000000036f98       0xc0 build/cooja/contiki-ng-cooja.a(rtimer-arch.o)
                                         0xd8 (size before relaxing)
 .eh_frame      0x0000000000037058      0x160 build/cooja/contiki-ng-cooja.a(beep.o)
                                        0x178 (size before relaxing)
 .eh_frame      0x00000000000371b8       0x80 build/cooja/contiki-ng-cooja.a(leds-arch.o)
                                         0x98 (size before relaxing)
 .eh_frame      0x0000000000037238       0x40 build/cooja/contiki-ng-cooja.a(moteid.o)
                                         0x58 (size before relaxing)
 .eh_frame      0x0000000000037278       0xa0 build/cooja/contiki-ng-cooja.a(pir-sensor.o)
                                         0xb8 (size before relaxing)
 .eh_frame      0x0000000000037318      0x100 build/cooja/contiki-ng-cooja.a(rs232.o)
                                        0x118 (size before relaxing)
 .eh_frame      0x0000000000037418       0xa0 build/cooja/contiki-ng-cooja.a(vib-sensor.o)
                                         0xb8 (size before relaxing)
 .eh_frame      0x00000000000374b8       0xc0 build/cooja/contiki-ng-cooja.a(clock.o)
                                         0xd8 (size before relaxing)
 .eh_frame      0x0000000000037578      0x100 build/cooja/contiki-ng-cooja.a(cooja-log.o)
                                        0x118 (size before relaxing)
 .eh_frame      0x0000000000037678      0x160 build/cooja/contiki-ng-cooja.a(cfs-cooja.o)
                                        0x178 (size before relaxing)
 .eh_frame      0x00000000000377d8      0x360 build/cooja/contiki-ng-cooja.a(cooja-radio.o)
                                        0x378 (size before relaxing)
 .eh_frame      0x0000000000037b38       0xa0 build/cooja/contiki-ng-cooja.a(eeprom.o)
                                         0xb8 (size before relaxing)
 .eh_frame      0x0000000000037bd8       0x40 build/cooja/contiki-ng-cooja.a(random.o)
                                         0x58 (size before relaxing)
 .eh_frame      0x0000000000037c18       0xc0 build/cooja/contiki-ng-cooja.a(sensors.o)
                                         0xd8 (size before relaxing)
 .eh_frame      0x0000000000037cd8      0x120 build/cooja/contiki-ng-cooja.a(leds.o)
                                        0x138 (size before relaxing)
 .eh_frame      0x0000000000037df8      0x220 build/cooja/contiki-ng-cooja.a(gpio-hal-arch.o)
                                        0x238 (size before relaxing)
 .eh_frame      0x0000000000038018       0xa0 build/cooja/contiki-ng-cooja.a(buttons.o)
                                         0xb8 (size before relaxing)
 .eh_frame      0x00000000000380b8      0x4e0 build/cooja/contiki-ng-cooja.a(mqtt.o)
                                        0x4f8 (size before relaxing)
 .eh_frame      0x0000000000038598       0x20 build/cooja/contiki-ng-cooja.a(contiki-main.o)
                                         0x38 (size before relaxing)
 .eh_frame      0x00000000000385b8       0x40 build/cooja/contiki-ng-cooja.a(autostart.o)
                                         0x58 (size before relaxing)
 .eh_frame      0x00000000000385f8      0x100 build/cooja/contiki-ng-cooja.a(ctimer.o)
                                        0x118 (size before relaxing)
 .eh_frame      0x00000000000386f8       0x60 build/cooja/contiki-ng-cooja.a(energest.o)
                                         0x78 (size before relaxing)
 .eh_frame      0x0000000000038758      0x1e0 build/cooja/contiki-ng-cooja.a(etimer.o)
                                        0x1f8 (size before relaxing)
 .eh_frame      0x0000000000038938      0x120 build/cooja/contiki-ng-cooja.a(log.o)
                                        0x138 (size before relaxing)
 .eh_frame      0x0000000000038a58       0x20 build/cooja/contiki-ng-cooja.a(node-id.o)
                                         0x38 (size before relaxing)
 .eh_frame      0x0000000000038a78      0x1c8 build/cooja/contiki-ng-cooja.a(process.o)
                                        0x1e0 (size before relaxing)
 .eh_frame      0x0000000000038c40       0x60 build/cooja/contiki-ng-cooja.a(rtimer.o)
                                         0x78 (size before relaxing)
 .eh_frame      0x0000000000038ca0       0xa0 build/cooja/contiki-ng-cooja.a(timer.o)
                                         0xb8 (size before relaxing)
 .eh_frame      0x0000000000038d40      0x1a0 build/cooja/contiki-ng-cooja.a(list.o)
                                        0x1b8 (size before relaxing)
 .eh_frame      0x0000000000038ee0      0x160 build/cooja/contiki-ng-cooja.a(button-hal.o)
                                        0x178 (size before relaxing)
 .eh_frame      0x0000000000039040       0xe0 build/cooja/contiki-ng-cooja.a(gpio-hal.o)
                                         0xf8 (size before relaxing)
 .eh_frame      0x0000000000039120       0x60 build/cooja/contiki-ng-cooja.a(serial-line.o)
                                         0x78 (size before relaxing)
 .eh_frame      0x0000000000039180       0x60 build/cooja/contiki-ng-cooja.a(linkaddr.o)
                                         0x78 (size before relaxing)
 .eh_frame      0x00000000000391e0       0x80 build/cooja/contiki-ng-cooja.a(netstack.o)
                                         0x98 (size before relaxing)
 .eh_frame      0x0000000000039260      0x288 build/cooja/contiki-ng-cooja.a(packetbuf.o)
                                        0x2a0 (size before relaxing)
 .eh_frame      0x00000000000394e8      0x1a0 build/cooja/contiki-ng-cooja.a(queuebuf.o)
                                        0x1b8 (size before relaxing)
 .eh_frame      0x0000000000039688       0x40 build/cooja/contiki-ng-cooja.a(printf.o)
                                         0x58 (size before relaxing)
 .eh_frame      0x00000000000396c8       0x20 build/cooja/contiki-ng-cooja.a(putchar.o)
                                         0x38 (size before relaxing)
 .eh_frame      0x00000000000396e8       0x20 build/cooja/contiki-ng-cooja.a(puts.o)
                                         0x38 (size before relaxing)
 .eh_frame      0x0000000000039708       0x60 build/cooja/contiki-ng-cooja.a(snprintf.o)
                                         0x78 (size before relaxing)
 .eh_frame      0x0000000000039768       0x40 build/cooja/contiki-ng-cooja.a(sprintf.o)
                                         0x58 (size before relaxing)
 .eh_frame      0x00000000000397a8      0x120 build/cooja/contiki-ng-cooja.a(strformat.o)
                                        0x138 (size before relaxing)
 .eh_frame      0x00000000000398c8       0xe0 build/cooja/contiki-ng-cooja.a(csma.o)
                                         0xf8 (size before relaxing)
 .eh_frame      0x00000000000399a8      0x2e0 build/cooja/contiki-ng-cooja.a(sicslowpan.o)
                                        0x2f8 (size before relaxing)
 .eh_frame      0x0000000000039c88      0x248 build/cooja/contiki-ng-cooja.a(tcp-socket.o)
                                        0x260 (size before relaxing)
 .eh_frame      0x0000000000039ed0      0x308 build/cooja/contiki-ng-cooja.a(tcpip.o)
                                        0x320 (size before relaxing)
 .eh_frame      0x000000000003a1d8      0x1c0 build/cooja/contiki-ng-cooja.a(uip-ds6-nbr.o)
                                        0x1d8 (size before relaxing)
 .eh_frame      0x000000000003a398      0x240 build/cooja/contiki-ng-cooja.a(uip-ds6-route.o)
                                        0x258 (size before relaxing)
 .eh_frame      0x000000000003a5d8      0x328 build/cooja/contiki-ng-cooja.a(uip-ds6.o)
                                        0x340 (size before relaxing)
 .eh_frame      0x000000000003a900       0xe0 build/cooja/contiki-ng-cooja.a(uip-packetqueue.o)
                                         0xf8 (size before relaxing)
 .eh_frame      0x000000000003a9e0      0x2b0 build/cooja/contiki-ng-cooja.a(uip6.o)
                                        0x2c8 (size before relaxing)
 .eh_frame      0x000000000003ac90      0x200 build/cooja/contiki-ng-cooja.a(uipbuf.o)
                                        0x218 (size before relaxing)
 .eh_frame      0x000000000003ae90       0x80 build/cooja/contiki-ng-cooja.a(uiplib.o)
                                         0x98 (size before relaxing)
 .eh_frame      0x000000000003af10      0x1e0 build/cooja/contiki-ng-cooja.a(rpl.o)
                                        0x1f8 (size before relaxing)
 .eh_frame      0x000000000003b0f0       0xa0 build/cooja/contiki-ng-cooja.a(watchdog.o)
                                         0xb8 (size before relaxing)
 .eh_frame      0x000000000003b190       0x80 build/cooja/contiki-ng-cooja.a(int-master.o)
                                         0x98 (size before relaxing)
 .eh_frame      0x000000000003b210       0xc0 build/cooja/contiki-ng-cooja.a(stimer.o)
                                         0xd8 (size before relaxing)
 .eh_frame      0x000000000003b2d0       0xa0 build/cooja/contiki-ng-cooja.a(memb.o)
                                         0xb8 (size before relaxing)
 .eh_frame      0x000000000003b370       0xa0 build/cooja/contiki-ng-cooja.a(ringbuf.o)
                                         0xb8 (size before relaxing)
 .eh_frame      0x000000000003b410      0x120 build/cooja/contiki-ng-cooja.a(link-stats.o)
                                        0x138 (size before relaxing)
 .eh_frame      0x000000000003b530      0x3e0 build/cooja/contiki-ng-cooja.a(nbr-table.o)
                                        0x3f8 (size before relaxing)
 .eh_frame      0x000000000003b910       0x48 build/cooja/contiki-ng-cooja.a(mac-sequence.o)
                                         0x60 (size before relaxing)
 .eh_frame      0x000000000003b958       0xa8 build/cooja/contiki-ng-cooja.a(framer-802154.o)
                                         0xc0 (size before relaxing)
 .eh_frame      0x000000000003ba00      0x1c8 build/cooja/contiki-ng-cooja.a(csma-output.o)
                                        0x1e0 (size before relaxing)
 .eh_frame      0x000000000003bbc8       0x40 build/cooja/contiki-ng-cooja.a(csma-security.o)
                                         0x58 (size before relaxing)
 .eh_frame      0x000000000003bc08      0x148 build/cooja/contiki-ng-cooja.a(uip-icmp6.o)
                                        0x160 (size before relaxing)
 .eh_frame      0x000000000003bd50       0x80 build/cooja/contiki-ng-cooja.a(uip-nd6.o)
                                         0x98 (size before relaxing)
 .eh_frame      0x000000000003bdd0      0x180 build/cooja/contiki-ng-cooja.a(uip-sr.o)
                                        0x198 (size before relaxing)
 .eh_frame      0x000000000003bf50       0xa0 build/cooja/contiki-ng-cooja.a(rpl-dag-root.o)
                                         0xb8 (size before relaxing)
 .eh_frame      0x000000000003bff0      0x360 build/cooja/contiki-ng-cooja.a(rpl-dag.o)
                                        0x378 (size before relaxing)
 .eh_frame      0x000000000003c350      0x128 build/cooja/contiki-ng-cooja.a(rpl-ext-header.o)
                                        0x140 (size before relaxing)
 .eh_frame      0x000000000003c478      0x1c0 build/cooja/contiki-ng-cooja.a(rpl-icmp6.o)
                                        0x1d8 (size before relaxing)
 .eh_frame      0x000000000003c638      0x148 build/cooja/contiki-ng-cooja.a(rpl-mrhof.o)
                                        0x160 (size before relaxing)
 .eh_frame      0x000000000003c780       0x40 build/cooja/contiki-ng-cooja.a(rpl-nbr-policy.o)
                                         0x58 (size before relaxing)
 .eh_frame      0x000000000003c7c0      0x2b0 build/cooja/contiki-ng-cooja.a(rpl-neighbor.o)
                                        0x2c8 (size before relaxing)
 .eh_frame      0x000000000003ca70      0x3a8 build/cooja/contiki-ng-cooja.a(rpl-timers.o)
                                        0x3c0 (size before relaxing)
 .eh_frame      0x000000000003ce18       0x20 build/cooja/contiki-ng-cooja.a(assert.o)
                                         0x38 (size before relaxing)
 .eh_frame      0x000000000003ce38       0x20 build/cooja/contiki-ng-cooja.a(mac.o)
                                         0x38 (size before relaxing)
 .eh_frame      0x000000000003ce58      0x1a4 build/cooja/contiki-ng-cooja.a(frame802154.o)
                                        0x1c0 (size before relaxing)
 .eh_frame      0x000000000003cffc        0x4 /usr/lib/gcc/x86_64-linux-gnu/11/crtendS.o
 *(.eh_frame.*)

.gcc_except_table
 *(.gcc_except_table .gcc_except_table.*)

.gnu_extab
 *(.gnu_extab*)

.exception_ranges
 *(.exception_ranges*)
                0x000000000003d6d0                . = DATA_SEGMENT_ALIGN (CONSTANT (MAXPAGESIZE), CONSTANT (COMMONPAGESIZE))

.eh_frame
 *(.eh_frame)
 *(.eh_frame.*)

.gnu_extab
 *(.gnu_extab)

.gcc_except_table
 *(.gcc_except_table .gcc_except_table.*)

.exception_ranges
 *(.exception_ranges*)

.tdata
 *(.tdata .tdata.* .gnu.linkonce.td.*)

.tbss
 *(.tbss .tbss.* .gnu.linkonce.tb.*)
 *(.tcommon)

.preinit_array
 *(.preinit_array)

.init_array     0x000000000003d6d0        0x8
 *(SORT_BY_INIT_PRIORITY(.init_array.*) SORT_BY_INIT_PRIORITY(.ctors.*))
 *(.init_array EXCLUDE_FILE(*crtend?.o *crtend.o *crtbegin?.o *crtbegin.o) .ctors)
 .init_array    0x000000000003d6d0        0x8 /usr/lib/gcc/x86_64-linux-gnu/11/crtbeginS.o

.fini_array     0x000000000003d6d8        0x8
 *(SORT_BY_INIT_PRIORITY(.fini_array.*) SORT_BY_INIT_PRIORITY(.dtors.*))
 *(.fini_array EXCLUDE_FILE(*crtend?.o *crtend.o *crtbegin?.o *crtbegin.o) .dtors)
 .fini_array    0x000000000003d6d8        0x8 /usr/lib/gcc/x86_64-linux-gnu/11/crtbeginS.o

.ctors
 *crtbegin.o(.ctors)
 *crtbegin?.o(.ctors)
 *(EXCLUDE_FILE(*crtend?.o *crtend.o) .ctors)
 *(SORT_BY_NAME(.ctors.*))
 *(.ctors)

.dtors
 *crtbegin.o(.dtors)
 *crtbegin?.o(.dtors)
 *(EXCLUDE_FILE(*crtend?.o *crtend.o) .dtors)
 *(SORT_BY_NAME(.dtors.*))
 *(.dtors)

.jcr
 *(.jcr)

.data.rel.ro    0x000000000003d6e0      0x350
 *(.data.rel.ro.local* .gnu.linkonce.d.rel.ro.local.*)
 .data.rel.ro.local
                0x000000000003d6e0       0x10 build/cooja/contiki-ng-cooja.a(beep.o)
                0x000000000003d6e0                beep_interface
 .data.rel.ro.local
                0x000000000003d6f0       0x10 build/cooja/contiki-ng-cooja.a(leds-arch.o)
                0x000000000003d6f0                leds_interface
 .data.rel.ro.local
                0x000000000003d700       0x10 build/cooja/contiki-ng-cooja.a(moteid.o)
                0x000000000003d700                moteid_interface
 *fill*         0x000000000003d710       0x10 
 .data.rel.ro.local
                0x000000000003d720       0x40 build/cooja/contiki-ng-cooja.a(pir-sensor.o)
                0x000000000003d720                pir_interface
                0x000000000003d740                pir_sensor
 .data.rel.ro.local
                0x000000000003d760       0x10 build/cooja/contiki-ng-cooja.a(rs232.o)
                0x000000000003d760                rs232_interface
 *fill*         0x000000000003d770       0x10 
 .data.rel.ro.local
                0x000000000003d780       0x40 build/cooja/contiki-ng-cooja.a(vib-sensor.o)
                0x000000000003d780                vib_interface
                0x000000000003d7a0                vib_sensor
 .data.rel.ro.local
                0x000000000003d7c0       0x10 build/cooja/contiki-ng-cooja.a(clock.o)
                0x000000000003d7c0                clock_interface
 .data.rel.ro.local
                0x000000000003d7d0       0x10 build/cooja/contiki-ng-cooja.a(cooja-log.o)
                0x000000000003d7d0                simlog_interface
 .data.rel.ro.local
                0x000000000003d7e0       0x10 build/cooja/contiki-ng-cooja.a(cfs-cooja.o)
                0x000000000003d7e0                cfs_interface
 *fill*         0x000000000003d7f0       0x10 
 .data.rel.ro.local
                0x000000000003d800       0x90 build/cooja/contiki-ng-cooja.a(cooja-radio.o)
                0x000000000003d800                radio_interface
                0x000000000003d820                cooja_radio_driver
 .data.rel.ro.local
                0x000000000003d890       0x10 build/cooja/contiki-ng-cooja.a(eeprom.o)
                0x000000000003d890                eeprom_interface
 .data.rel.ro.local
                0x000000000003d8a0       0x40 build/cooja/contiki-ng-cooja.a(buttons.o)
                0x000000000003d8a0                button_interface
                0x000000000003d8c0                button_sensor
 .data.rel.ro.local
                0x000000000003d8e0       0x38 build/cooja/contiki-ng-cooja.a(csma.o)
                0x000000000003d8e0                csma_driver
 *fill*         0x000000000003d918        0x8 
 .data.rel.ro.local
                0x000000000003d920       0x18 build/cooja/contiki-ng-cooja.a(framer-802154.o)
                0x000000000003d920                framer_802154
 *(.data.rel.ro .data.rel.ro.* .gnu.linkonce.d.rel.ro.*)
 .data.rel.ro   0x000000000003d938        0x0 /usr/lib/gcc/x86_64-linux-gnu/11/../../../x86_64-linux-gnu/crti.o
 *fill*         0x000000000003d938        0x8 
 .data.rel.ro   0x000000000003d940       0x10 MQTT-sensor.o
                0x000000000003d940                autostart_processes
 *fill*         0x000000000003d950       0x10 
 .data.rel.ro   0x000000000003d960       0x20 build/cooja/contiki-ng-cooja.a(sicslowpan.o)
                0x000000000003d960                sicslowpan_driver
 .data.rel.ro   0x000000000003d980       0xa8 build/cooja/contiki-ng-cooja.a(rpl.o)
                0x000000000003d980                rpl_lite_driver
 .data.rel.ro   0x000000000003da28        0x8 build/cooja/contiki-ng-cooja.a(rpl-dag.o)

.dynamic        0x000000000003da30      0x1c0
 *(.dynamic)
 .dynamic       0x000000000003da30      0x1c0 /usr/lib/gcc/x86_64-linux-gnu/11/../../../x86_64-linux-gnu/crti.o
                0x000000000003da30                _DYNAMIC

.got            0x000000000003dbf0      0x400
 *(.got)
 .got           0x000000000003dbf0      0x400 /usr/lib/gcc/x86_64-linux-gnu/11/../../../x86_64-linux-gnu/crti.o
 *(.igot)
                0x000000000003efe8                . = DATA_SEGMENT_RELRO_END (., (SIZEOF (.got.plt) >= 0x18)?0x18:0x0)

.got.plt        0x000000000003e000      0xbe0
 *(.got.plt)
 .got.plt       0x000000000003e000      0xbe0 /usr/lib/gcc/x86_64-linux-gnu/11/../../../x86_64-linux-gnu/crti.o
                0x000000000003e000                _GLOBAL_OFFSET_TABLE_
 *(.igot.plt)

.data           0x000000000003ebe0      0x812
 *(.data .data.* .gnu.linkonce.d.*)
 .data          0x000000000003ebe0        0x0 /usr/lib/gcc/x86_64-linux-gnu/11/../../../x86_64-linux-gnu/crti.o
 .data          0x000000000003ebe0        0x0 /usr/lib/gcc/x86_64-linux-gnu/11/crtbeginS.o
 .data.rel.local
                0x000000000003ebe0        0x8 /usr/lib/gcc/x86_64-linux-gnu/11/crtbeginS.o
                0x000000000003ebe0                __dso_handle
 .data          0x000000000003ebe8        0x1 MQTT-sensor.o
                0x000000000003ebe8                currentColor
 *fill*         0x000000000003ebe9       0x17 
 .data.rel.local
                0x000000000003ec00       0x40 MQTT-sensor.o
                0x000000000003ec20                mqtt_sensor_process
 .data          0x000000000003ec40        0x0 build/cooja/mtype713555480.o
 .data.rel      0x000000000003ec40       0xa0 build/cooja/mtype713555480.o
                0x000000000003ec40                simInterfaces
                0x000000000003ecc0                sensors
 .data          0x000000000003ece0        0x0 build/cooja/contiki-ng-cooja.a(simEnvChange.o)
 .data          0x000000000003ece0        0x0 build/cooja/contiki-ng-cooja.a(cooja_mt.o)
 .data          0x000000000003ece0        0x0 build/cooja/contiki-ng-cooja.a(cooja_mtarch.o)
 .data          0x000000000003ece0        0x0 build/cooja/contiki-ng-cooja.a(rtimer-arch.o)
 .data          0x000000000003ece0        0x0 build/cooja/contiki-ng-cooja.a(beep.o)
 .data          0x000000000003ece0        0x0 build/cooja/contiki-ng-cooja.a(leds-arch.o)
 .data          0x000000000003ece0        0x0 build/cooja/contiki-ng-cooja.a(moteid.o)
 .data          0x000000000003ece0        0x0 build/cooja/contiki-ng-cooja.a(pir-sensor.o)
 .data          0x000000000003ece0        0x0 build/cooja/contiki-ng-cooja.a(rs232.o)
 .data          0x000000000003ece0        0x0 build/cooja/contiki-ng-cooja.a(vib-sensor.o)
 .data          0x000000000003ece0        0x0 build/cooja/contiki-ng-cooja.a(clock.o)
 .data          0x000000000003ece0        0x0 build/cooja/contiki-ng-cooja.a(cooja-log.o)
 .data          0x000000000003ece0        0x0 build/cooja/contiki-ng-cooja.a(cfs-cooja.o)
 .data          0x000000000003ece0       0x20 build/cooja/contiki-ng-cooja.a(cooja-radio.o)
                0x000000000003ece0                simRadioHWOn
                0x000000000003ece4                simSignalStrength
                0x000000000003ece8                simLastSignalStrength
                0x000000000003ecec                simPower
                0x000000000003ecf0                simRadioChannel
                0x000000000003ecf4                simLQI
                0x000000000003ecf8                simLastLQI
 .data.rel.local
                0x000000000003ed00       0x20 build/cooja/contiki-ng-cooja.a(cooja-radio.o)
                0x000000000003ed00                cooja_radio_process
 .data          0x000000000003ed20        0x0 build/cooja/contiki-ng-cooja.a(eeprom.o)
 .data          0x000000000003ed20        0x0 build/cooja/contiki-ng-cooja.a(random.o)
 .data          0x000000000003ed20        0x0 build/cooja/contiki-ng-cooja.a(sensors.o)
 .data.rel.local
                0x000000000003ed20       0x20 build/cooja/contiki-ng-cooja.a(sensors.o)
                0x000000000003ed20                sensors_process
 .data          0x000000000003ed40        0x0 build/cooja/contiki-ng-cooja.a(leds.o)
 .data          0x000000000003ed40        0x0 build/cooja/contiki-ng-cooja.a(gpio-hal-arch.o)
 .data          0x000000000003ed40        0x1 build/cooja/contiki-ng-cooja.a(buttons.o)
                0x000000000003ed40                simButtonIsActive
 *fill*         0x000000000003ed41       0x1f 
 .data.rel.local
                0x000000000003ed60       0xb0 build/cooja/contiki-ng-cooja.a(buttons.o)
                0x000000000003ee00                button_hal_buttons
 .data          0x000000000003ee10        0x0 build/cooja/contiki-ng-cooja.a(mqtt.o)
 *fill*         0x000000000003ee10       0x10 
 .data.rel.local
                0x000000000003ee20       0x40 build/cooja/contiki-ng-cooja.a(mqtt.o)
                0x000000000003ee40                mqtt_process
 .data          0x000000000003ee60        0x0 build/cooja/contiki-ng-cooja.a(contiki-main.o)
 .data          0x000000000003ee60        0x0 build/cooja/contiki-ng-cooja.a(autostart.o)
 .data          0x000000000003ee60        0x0 build/cooja/contiki-ng-cooja.a(ctimer.o)
 .data.rel.local
                0x000000000003ee60       0x40 build/cooja/contiki-ng-cooja.a(ctimer.o)
                0x000000000003ee80                ctimer_process
 .data          0x000000000003eea0        0x0 build/cooja/contiki-ng-cooja.a(energest.o)
 .data          0x000000000003eea0        0x0 build/cooja/contiki-ng-cooja.a(etimer.o)
 .data.rel.local
                0x000000000003eea0       0x20 build/cooja/contiki-ng-cooja.a(etimer.o)
                0x000000000003eea0                etimer_process
 .data          0x000000000003eec0        0x4 build/cooja/contiki-ng-cooja.a(log.o)
                0x000000000003eec0                curr_log_level_main
 *fill*         0x000000000003eec4       0x1c 
 .data.rel      0x000000000003eee0      0x138 build/cooja/contiki-ng-cooja.a(log.o)
                0x000000000003eee0                all_modules
 .data          0x000000000003f018        0x0 build/cooja/contiki-ng-cooja.a(node-id.o)
 .data          0x000000000003f018        0x0 build/cooja/contiki-ng-cooja.a(process.o)
 .data          0x000000000003f018        0x0 build/cooja/contiki-ng-cooja.a(rtimer.o)
 .data          0x000000000003f018        0x0 build/cooja/contiki-ng-cooja.a(timer.o)
 .data          0x000000000003f018        0x0 build/cooja/contiki-ng-cooja.a(list.o)
 .data          0x000000000003f018        0x0 build/cooja/contiki-ng-cooja.a(button-hal.o)
 *fill*         0x000000000003f018        0x8 
 .data.rel.local
                0x000000000003f020       0x20 build/cooja/contiki-ng-cooja.a(button-hal.o)
                0x000000000003f020                button_hal_process
 .data          0x000000000003f040        0x0 build/cooja/contiki-ng-cooja.a(gpio-hal.o)
 .data.rel.local
                0x000000000003f040        0x8 build/cooja/contiki-ng-cooja.a(gpio-hal.o)
 .data          0x000000000003f048        0x0 build/cooja/contiki-ng-cooja.a(serial-line.o)
 *fill*         0x000000000003f048       0x18 
 .data.rel.local
                0x000000000003f060       0x20 build/cooja/contiki-ng-cooja.a(serial-line.o)
                0x000000000003f060                serial_line_process
 .data          0x000000000003f080        0x0 build/cooja/contiki-ng-cooja.a(linkaddr.o)
 .data          0x000000000003f080        0x0 build/cooja/contiki-ng-cooja.a(netstack.o)
 .data.rel.local
                0x000000000003f080        0x8 build/cooja/contiki-ng-cooja.a(netstack.o)
 .data          0x000000000003f088        0x0 build/cooja/contiki-ng-cooja.a(packetbuf.o)
 .data.rel.local
                0x000000000003f088        0x8 build/cooja/contiki-ng-cooja.a(packetbuf.o)
 .data          0x000000000003f090        0x0 build/cooja/contiki-ng-cooja.a(queuebuf.o)
 .data.rel.local
                0x000000000003f090       0x38 build/cooja/contiki-ng-cooja.a(queuebuf.o)
 .data          0x000000000003f0c8        0x0 build/cooja/contiki-ng-cooja.a(printf.o)
 *fill*         0x000000000003f0c8        0x8 
 .data.rel.local
                0x000000000003f0d0       0x10 build/cooja/contiki-ng-cooja.a(printf.o)
 .data          0x000000000003f0e0        0x0 build/cooja/contiki-ng-cooja.a(putchar.o)
 .data          0x000000000003f0e0        0x0 build/cooja/contiki-ng-cooja.a(puts.o)
 .data          0x000000000003f0e0        0x0 build/cooja/contiki-ng-cooja.a(snprintf.o)
 .data          0x000000000003f0e0        0x0 build/cooja/contiki-ng-cooja.a(sprintf.o)
 .data          0x000000000003f0e0        0x0 build/cooja/contiki-ng-cooja.a(strformat.o)
 .data          0x000000000003f0e0        0x0 build/cooja/contiki-ng-cooja.a(csma.o)
 .data          0x000000000003f0e0        0x0 build/cooja/contiki-ng-cooja.a(sicslowpan.o)
 .data          0x000000000003f0e0        0x0 build/cooja/contiki-ng-cooja.a(tcp-socket.o)
 .data.rel.local
                0x000000000003f0e0       0x40 build/cooja/contiki-ng-cooja.a(tcp-socket.o)
                0x000000000003f100                tcp_socket_process
 .data          0x000000000003f120        0x0 build/cooja/contiki-ng-cooja.a(tcpip.o)
 .data.rel.local
                0x000000000003f120       0x20 build/cooja/contiki-ng-cooja.a(tcpip.o)
                0x000000000003f120                tcpip_process
 .data          0x000000000003f140        0x0 build/cooja/contiki-ng-cooja.a(uip-ds6-nbr.o)
 .data.rel.local
                0x000000000003f140       0x20 build/cooja/contiki-ng-cooja.a(uip-ds6-nbr.o)
 .data          0x000000000003f160        0x0 build/cooja/contiki-ng-cooja.a(uip-ds6-route.o)
 .data.rel.local
                0x000000000003f160       0x28 build/cooja/contiki-ng-cooja.a(uip-ds6-route.o)
 .data          0x000000000003f188        0x0 build/cooja/contiki-ng-cooja.a(uip-ds6.o)
 .data          0x000000000003f188        0x0 build/cooja/contiki-ng-cooja.a(uip-packetqueue.o)
 *fill*         0x000000000003f188        0x8 
 .data.rel.local
                0x000000000003f190       0x18 build/cooja/contiki-ng-cooja.a(uip-packetqueue.o)
 .data          0x000000000003f1a8        0x0 build/cooja/contiki-ng-cooja.a(uip6.o)
 .data          0x000000000003f1a8        0x0 build/cooja/contiki-ng-cooja.a(uipbuf.o)
 .data          0x000000000003f1a8        0x0 build/cooja/contiki-ng-cooja.a(uiplib.o)
 .data          0x000000000003f1a8        0x0 build/cooja/contiki-ng-cooja.a(rpl.o)
 .data          0x000000000003f1a8        0x0 build/cooja/contiki-ng-cooja.a(watchdog.o)
 .data          0x000000000003f1a8        0x0 build/cooja/contiki-ng-cooja.a(int-master.o)
 .data          0x000000000003f1a8        0x0 build/cooja/contiki-ng-cooja.a(stimer.o)
 .data          0x000000000003f1a8        0x0 build/cooja/contiki-ng-cooja.a(memb.o)
 .data          0x000000000003f1a8        0x0 build/cooja/contiki-ng-cooja.a(ringbuf.o)
 .data          0x000000000003f1a8        0x0 build/cooja/contiki-ng-cooja.a(link-stats.o)
 *fill*         0x000000000003f1a8        0x8 
 .data.rel.local
                0x000000000003f1b0       0x20 build/cooja/contiki-ng-cooja.a(link-stats.o)
 .data          0x000000000003f1d0        0x0 build/cooja/contiki-ng-cooja.a(nbr-table.o)
 .data.rel.local
                0x000000000003f1d0       0x20 build/cooja/contiki-ng-cooja.a(nbr-table.o)
 .data          0x000000000003f1f0        0x0 build/cooja/contiki-ng-cooja.a(mac-sequence.o)
 .data          0x000000000003f1f0        0x0 build/cooja/contiki-ng-cooja.a(framer-802154.o)
 .data          0x000000000003f1f0        0x0 build/cooja/contiki-ng-cooja.a(csma-output.o)
 .data.rel.local
                0x000000000003f1f0       0x60 build/cooja/contiki-ng-cooja.a(csma-output.o)
 .data          0x000000000003f250        0x0 build/cooja/contiki-ng-cooja.a(csma-security.o)
 .data          0x000000000003f250        0x0 build/cooja/contiki-ng-cooja.a(uip-icmp6.o)
 .data.rel.local
                0x000000000003f250       0x48 build/cooja/contiki-ng-cooja.a(uip-icmp6.o)
 .data          0x000000000003f298        0x0 build/cooja/contiki-ng-cooja.a(uip-nd6.o)
 *fill*         0x000000000003f298        0x8 
 .data.rel.local
                0x000000000003f2a0       0x18 build/cooja/contiki-ng-cooja.a(uip-nd6.o)
 .data          0x000000000003f2b8        0x0 build/cooja/contiki-ng-cooja.a(uip-sr.o)
 *fill*         0x000000000003f2b8        0x8 
 .data.rel.local
                0x000000000003f2c0       0x28 build/cooja/contiki-ng-cooja.a(uip-sr.o)
 .data          0x000000000003f2e8        0x0 build/cooja/contiki-ng-cooja.a(rpl-dag-root.o)
 .data          0x000000000003f2e8        0x0 build/cooja/contiki-ng-cooja.a(rpl-dag.o)
 .data          0x000000000003f2e8        0x0 build/cooja/contiki-ng-cooja.a(rpl-ext-header.o)
 .data          0x000000000003f2e8        0x0 build/cooja/contiki-ng-cooja.a(rpl-icmp6.o)
 *fill*         0x000000000003f2e8        0x8 
 .data.rel.local
                0x000000000003f2f0       0x78 build/cooja/contiki-ng-cooja.a(rpl-icmp6.o)
 .data          0x000000000003f368        0x0 build/cooja/contiki-ng-cooja.a(rpl-mrhof.o)
 *fill*         0x000000000003f368       0x18 
 .data.rel.local
                0x000000000003f380       0x48 build/cooja/contiki-ng-cooja.a(rpl-mrhof.o)
                0x000000000003f380                rpl_mrhof
 .data          0x000000000003f3c8        0x0 build/cooja/contiki-ng-cooja.a(rpl-nbr-policy.o)
 .data          0x000000000003f3c8        0x0 build/cooja/contiki-ng-cooja.a(rpl-neighbor.o)
 *fill*         0x000000000003f3c8        0x8 
 .data.rel.local
                0x000000000003f3d0       0x20 build/cooja/contiki-ng-cooja.a(rpl-neighbor.o)
                0x000000000003f3e8                rpl_neighbors
 .data          0x000000000003f3f0        0x0 build/cooja/contiki-ng-cooja.a(rpl-timers.o)
 .data          0x000000000003f3f0        0x0 build/cooja/contiki-ng-cooja.a(assert.o)
 .data          0x000000000003f3f0        0x0 build/cooja/contiki-ng-cooja.a(mac.o)
 .data          0x000000000003f3f0        0x2 build/cooja/contiki-ng-cooja.a(frame802154.o)
 .data          0x000000000003f3f2        0x0 /usr/lib/gcc/x86_64-linux-gnu/11/crtendS.o
 .data          0x000000000003f3f2        0x0 /usr/lib/gcc/x86_64-linux-gnu/11/../../../x86_64-linux-gnu/crtn.o

.tm_clone_table
                0x000000000003f3f8        0x0
 .tm_clone_table
                0x000000000003f3f8        0x0 /usr/lib/gcc/x86_64-linux-gnu/11/crtbeginS.o
 .tm_clone_table
                0x000000000003f3f8        0x0 /usr/lib/gcc/x86_64-linux-gnu/11/crtendS.o

.data1
 *(.data1)
                [!provide]                        PROVIDE (_edata = .)
                [!provide]                        PROVIDE (edata = .)
                0x000000000003f3f8                . = .
                [!provide]                        PROVIDE (__bss_start = .)

.bss            0x000000000003f400    0x18220
 *(.dynbss)
 .dynbss        0x000000000003f400        0x0 /usr/lib/gcc/x86_64-linux-gnu/11/../../../x86_64-linux-gnu/crti.o
 *(.bss .bss.* .gnu.linkonce.b.*)
 .bss           0x000000000003f400        0x0 /usr/lib/gcc/x86_64-linux-gnu/11/../../../x86_64-linux-gnu/crti.o
 .bss           0x000000000003f400        0x1 /usr/lib/gcc/x86_64-linux-gnu/11/crtbeginS.o
 *fill*         0x000000000003f401       0x1f 
 .bss           0x000000000003f420      0xb80 MQTT-sensor.o
                0x000000000003f420                broker_address
 .bss           0x000000000003ffa0     0x4060 build/cooja/mtype713555480.o
                0x000000000003ffa0                sensors_flags
                0x000000000003ffa8                referenceVar
 .bss           0x0000000000044000       0x18 build/cooja/contiki-ng-cooja.a(simEnvChange.o)
                0x0000000000044000                simDontFallAsleep
                0x0000000000044004                simProcessRunValue
                0x0000000000044008                simEtimerPending
                0x0000000000044010                simEtimerNextExpirationTime
 .bss           0x0000000000044018        0x8 build/cooja/contiki-ng-cooja.a(cooja_mt.o)
 .bss           0x0000000000044020        0x8 build/cooja/contiki-ng-cooja.a(cooja_mtarch.o)
 .bss           0x0000000000044028       0x18 build/cooja/contiki-ng-cooja.a(rtimer-arch.o)
                0x0000000000044028                simRtimerPending
                0x0000000000044030                simRtimerNextExpirationTime
                0x0000000000044038                simRtimerCurrentTicks
 .bss           0x0000000000044040        0x1 build/cooja/contiki-ng-cooja.a(beep.o)
                0x0000000000044040                simBeeped
 .bss           0x0000000000044041        0x1 build/cooja/contiki-ng-cooja.a(leds-arch.o)
                0x0000000000044041                simLedsValue
 *fill*         0x0000000000044042        0x2 
 .bss           0x0000000000044044        0xc build/cooja/contiki-ng-cooja.a(moteid.o)
                0x0000000000044044                simMoteID
                0x0000000000044048                simMoteIDChanged
                0x000000000004404c                simRandomSeed
 .bss           0x0000000000044050        0x3 build/cooja/contiki-ng-cooja.a(pir-sensor.o)
                0x0000000000044050                simPirChanged
                0x0000000000044051                simPirIsActive
                0x0000000000044052                simPirValue
 *fill*         0x0000000000044053        0xd 
 .bss           0x0000000000044060      0x810 build/cooja/contiki-ng-cooja.a(rs232.o)
                0x0000000000044060                simSerialReceivingData
                0x0000000000044860                simSerialReceivingLength
                0x0000000000044864                simSerialReceivingFlag
 .bss           0x0000000000044870        0x3 build/cooja/contiki-ng-cooja.a(vib-sensor.o)
                0x0000000000044870                simVibChanged
                0x0000000000044871                simVibIsActive
                0x0000000000044872                simVibValue
 *fill*         0x0000000000044873        0x5 
 .bss           0x0000000000044878        0x8 build/cooja/contiki-ng-cooja.a(clock.o)
                0x0000000000044878                simCurrentTime
 .bss           0x0000000000044880     0x200d build/cooja/contiki-ng-cooja.a(cooja-log.o)
                0x0000000000044880                simLoggedData
                0x0000000000046880                simLoggedLength
                0x0000000000046884                simLoggedFlag
 *fill*         0x000000000004688d       0x13 
 .bss           0x00000000000468a0      0xfc0 build/cooja/contiki-ng-cooja.a(cfs-cooja.o)
                0x00000000000468a0                simCFSData
                0x0000000000047840                simCFSSize
                0x0000000000047844                simCFSChanged
                0x0000000000047848                simCFSRead
                0x000000000004784c                simCFSWritten
 .bss           0x0000000000047860      0x15c build/cooja/contiki-ng-cooja.a(cooja-radio.o)
                0x0000000000047860                simReceiving
                0x0000000000047880                simInDataBuffer
                0x0000000000047900                simInSize
                0x0000000000047908                simLastPacketTimestamp
                0x0000000000047920                simOutDataBuffer
                0x00000000000479a0                simOutSize
 *fill*         0x00000000000479bc        0x4 
 .bss           0x00000000000479c0      0x40c build/cooja/contiki-ng-cooja.a(eeprom.o)
                0x00000000000479c0                simEEPROMData
                0x0000000000047dc0                simEEPROMChanged
                0x0000000000047dc4                simEEPROMRead
                0x0000000000047dc8                simEEPROMWritten
 .bss           0x0000000000047dcc        0x0 build/cooja/contiki-ng-cooja.a(random.o)